<!doctype html public "-//w3c//dtd html 4.0 transitional//en">
<html><head>
<title>Static Call Graph - [.\Objects\BK10-MCU.axf]</title></head>
<body><HR>
<H1>Static Call Graph for image .\Objects\BK10-MCU.axf</H1><HR>
<BR><P>#&#060CALLGRAPH&#062# ARM Linker, 5060960: Last Updated: Sat Jan 11 16:23:53 2025
<BR><P>
<H3>Maximum Stack Usage =        328 bytes + Unknown(Cycles, Untraceable Function Pointers)</H3><H3>
Call chain for Maximum Stack Depth:</H3>
vUSART2Receiver &rArr; Fuel_232_parse &rArr; CLS2_check_mes &rArr; __0sscanf &rArr; __vfscanf_char &rArr; __vfscanf &rArr; _scanf_real
<P>
<H3>
Mutually Recursive functions
</H3> <LI><a href="#[4c]">rt_alloc_box</a>&nbsp;&nbsp;&nbsp;&rArr;&nbsp;&nbsp;&nbsp;<a href="#[4c]">rt_alloc_box</a><BR>
 <LI><a href="#[1c]">ADC1_2_IRQHandler</a>&nbsp;&nbsp;&nbsp;&rArr;&nbsp;&nbsp;&nbsp;<a href="#[1c]">ADC1_2_IRQHandler</a><BR>
 <LI><a href="#[69]">os_idle_demon</a>&nbsp;&nbsp;&nbsp;&rArr;&nbsp;&nbsp;&nbsp;<a href="#[69]">os_idle_demon</a><BR>
</UL>
<P>
<H3>
Function Pointers
</H3><UL>
 <LI><a href="#[1c]">ADC1_2_IRQHandler</a> from startup_stm32f302xc.o(.text) referenced from startup_stm32f302xc.o(RESET)
 <LI><a href="#[39]">ADC3_IRQHandler</a> from startup_stm32f302xc.o(.text) referenced from startup_stm32f302xc.o(RESET)
 <LI><a href="#[44]">ADC4_IRQHandler</a> from startup_stm32f302xc.o(.text) referenced from startup_stm32f302xc.o(RESET)
 <LI><a href="#[4]">BusFault_Handler</a> from stm32f30x_it.o(i.BusFault_Handler) referenced from startup_stm32f302xc.o(RESET)
 <LI><a href="#[1f]">CAN1_RX1_IRQHandler</a> from startup_stm32f302xc.o(.text) referenced from startup_stm32f302xc.o(RESET)
 <LI><a href="#[20]">CAN1_SCE_IRQHandler</a> from startup_stm32f302xc.o(.text) referenced from startup_stm32f302xc.o(RESET)
 <LI><a href="#[45]">COMP1_2_3_IRQHandler</a> from startup_stm32f302xc.o(.text) referenced from startup_stm32f302xc.o(RESET)
 <LI><a href="#[46]">COMP4_5_6_IRQHandler</a> from startup_stm32f302xc.o(.text) referenced from startup_stm32f302xc.o(RESET)
 <LI><a href="#[47]">COMP7_IRQHandler</a> from startup_stm32f302xc.o(.text) referenced from startup_stm32f302xc.o(RESET)
 <LI><a href="#[15]">DMA1_Channel1_IRQHandler</a> from power.o(i.DMA1_Channel1_IRQHandler) referenced from startup_stm32f302xc.o(RESET)
 <LI><a href="#[16]">DMA1_Channel2_IRQHandler</a> from startup_stm32f302xc.o(.text) referenced from startup_stm32f302xc.o(RESET)
 <LI><a href="#[17]">DMA1_Channel3_IRQHandler</a> from startup_stm32f302xc.o(.text) referenced from startup_stm32f302xc.o(RESET)
 <LI><a href="#[18]">DMA1_Channel4_IRQHandler</a> from startup_stm32f302xc.o(.text) referenced from startup_stm32f302xc.o(RESET)
 <LI><a href="#[19]">DMA1_Channel5_IRQHandler</a> from startup_stm32f302xc.o(.text) referenced from startup_stm32f302xc.o(RESET)
 <LI><a href="#[1a]">DMA1_Channel6_IRQHandler</a> from startup_stm32f302xc.o(.text) referenced from startup_stm32f302xc.o(RESET)
 <LI><a href="#[1b]">DMA1_Channel7_IRQHandler</a> from startup_stm32f302xc.o(.text) referenced from startup_stm32f302xc.o(RESET)
 <LI><a href="#[3f]">DMA2_Channel1_IRQHandler</a> from startup_stm32f302xc.o(.text) referenced from startup_stm32f302xc.o(RESET)
 <LI><a href="#[40]">DMA2_Channel2_IRQHandler</a> from startup_stm32f302xc.o(.text) referenced from startup_stm32f302xc.o(RESET)
 <LI><a href="#[41]">DMA2_Channel3_IRQHandler</a> from startup_stm32f302xc.o(.text) referenced from startup_stm32f302xc.o(RESET)
 <LI><a href="#[42]">DMA2_Channel4_IRQHandler</a> from startup_stm32f302xc.o(.text) referenced from startup_stm32f302xc.o(RESET)
 <LI><a href="#[43]">DMA2_Channel5_IRQHandler</a> from startup_stm32f302xc.o(.text) referenced from startup_stm32f302xc.o(RESET)
 <LI><a href="#[7]">DebugMon_Handler</a> from stm32f30x_it.o(i.DebugMon_Handler) referenced from startup_stm32f302xc.o(RESET)
 <LI><a href="#[10]">EXTI0_IRQHandler</a> from power.o(i.EXTI0_IRQHandler) referenced from startup_stm32f302xc.o(RESET)
 <LI><a href="#[32]">EXTI15_10_IRQHandler</a> from startup_stm32f302xc.o(.text) referenced from startup_stm32f302xc.o(RESET)
 <LI><a href="#[11]">EXTI1_IRQHandler</a> from startup_stm32f302xc.o(.text) referenced from startup_stm32f302xc.o(RESET)
 <LI><a href="#[12]">EXTI2_TS_IRQHandler</a> from startup_stm32f302xc.o(.text) referenced from startup_stm32f302xc.o(RESET)
 <LI><a href="#[13]">EXTI3_IRQHandler</a> from startup_stm32f302xc.o(.text) referenced from startup_stm32f302xc.o(RESET)
 <LI><a href="#[14]">EXTI4_IRQHandler</a> from startup_stm32f302xc.o(.text) referenced from startup_stm32f302xc.o(RESET)
 <LI><a href="#[21]">EXTI9_5_IRQHandler</a> from startup_stm32f302xc.o(.text) referenced from startup_stm32f302xc.o(RESET)
 <LI><a href="#[e]">FLASH_IRQHandler</a> from startup_stm32f302xc.o(.text) referenced from startup_stm32f302xc.o(RESET)
 <LI><a href="#[4b]">FPU_IRQHandler</a> from startup_stm32f302xc.o(.text) referenced from startup_stm32f302xc.o(RESET)
 <LI><a href="#[6f]">FuelTimeoutHanler</a> from digital.o(i.FuelTimeoutHanler) referenced from digital.o(.constdata)
 <LI><a href="#[2]">HardFault_Handler</a> from stm32f30x_it.o(i.HardFault_Handler) referenced from startup_stm32f302xc.o(RESET)
 <LI><a href="#[2a]">I2C1_ER_IRQHandler</a> from startup_stm32f302xc.o(.text) referenced from startup_stm32f302xc.o(RESET)
 <LI><a href="#[29]">I2C1_EV_IRQHandler</a> from startup_stm32f302xc.o(.text) referenced from startup_stm32f302xc.o(RESET)
 <LI><a href="#[2c]">I2C2_ER_IRQHandler</a> from startup_stm32f302xc.o(.text) referenced from startup_stm32f302xc.o(RESET)
 <LI><a href="#[2b]">I2C2_EV_IRQHandler</a> from startup_stm32f302xc.o(.text) referenced from startup_stm32f302xc.o(RESET)
 <LI><a href="#[3]">MemManage_Handler</a> from stm32f30x_it.o(i.MemManage_Handler) referenced from startup_stm32f302xc.o(RESET)
 <LI><a href="#[1]">NMI_Handler</a> from stm32f30x_it.o(i.NMI_Handler) referenced from startup_stm32f302xc.o(RESET)
 <LI><a href="#[b]">PVD_IRQHandler</a> from startup_stm32f302xc.o(.text) referenced from startup_stm32f302xc.o(RESET)
 <LI><a href="#[8]">PendSV_Handler</a> from hal_cm4.o(.emb_text) referenced from startup_stm32f302xc.o(RESET)
 <LI><a href="#[f]">RCC_IRQHandler</a> from startup_stm32f302xc.o(.text) referenced from startup_stm32f302xc.o(RESET)
 <LI><a href="#[33]">RTC_Alarm_IRQHandler</a> from startup_stm32f302xc.o(.text) referenced from startup_stm32f302xc.o(RESET)
 <LI><a href="#[d]">RTC_WKUP_IRQHandler</a> from startup_stm32f302xc.o(.text) referenced from startup_stm32f302xc.o(RESET)
 <LI><a href="#[0]">Reset_Handler</a> from startup_stm32f302xc.o(.text) referenced from startup_stm32f302xc.o(RESET)
 <LI><a href="#[2d]">SPI1_IRQHandler</a> from startup_stm32f302xc.o(.text) referenced from startup_stm32f302xc.o(RESET)
 <LI><a href="#[2e]">SPI2_IRQHandler</a> from startup_stm32f302xc.o(.text) referenced from startup_stm32f302xc.o(RESET)
 <LI><a href="#[3a]">SPI3_IRQHandler</a> from startup_stm32f302xc.o(.text) referenced from startup_stm32f302xc.o(RESET)
 <LI><a href="#[6]">SVC_Handler</a> from hal_cm4.o(.emb_text) referenced from startup_stm32f302xc.o(RESET)
 <LI><a href="#[9]">SysTick_Handler</a> from hal_cm4.o(.emb_text) referenced from startup_stm32f302xc.o(RESET)
 <LI><a href="#[4e]">SystemInit</a> from system_stm32f3xx.o(i.SystemInit) referenced from startup_stm32f302xc.o(.text)
 <LI><a href="#[c]">TAMPER_STAMP_IRQHandler</a> from startup_stm32f302xc.o(.text) referenced from startup_stm32f302xc.o(RESET)
 <LI><a href="#[22]">TIM1_BRK_TIM15_IRQHandler</a> from startup_stm32f302xc.o(.text) referenced from startup_stm32f302xc.o(RESET)
 <LI><a href="#[25]">TIM1_CC_IRQHandler</a> from startup_stm32f302xc.o(.text) referenced from startup_stm32f302xc.o(RESET)
 <LI><a href="#[24]">TIM1_TRG_COM_TIM17_IRQHandler</a> from startup_stm32f302xc.o(.text) referenced from startup_stm32f302xc.o(RESET)
 <LI><a href="#[23]">TIM1_UP_TIM16_IRQHandler</a> from startup_stm32f302xc.o(.text) referenced from startup_stm32f302xc.o(RESET)
 <LI><a href="#[26]">TIM2_IRQHandler</a> from startup_stm32f302xc.o(.text) referenced from startup_stm32f302xc.o(RESET)
 <LI><a href="#[27]">TIM3_IRQHandler</a> from power.o(i.TIM3_IRQHandler) referenced from startup_stm32f302xc.o(RESET)
 <LI><a href="#[28]">TIM4_IRQHandler</a> from interface.o(i.TIM4_IRQHandler) referenced from startup_stm32f302xc.o(RESET)
 <LI><a href="#[3d]">TIM6_DAC_IRQHandler</a> from startup_stm32f302xc.o(.text) referenced from startup_stm32f302xc.o(RESET)
 <LI><a href="#[3e]">TIM7_IRQHandler</a> from startup_stm32f302xc.o(.text) referenced from startup_stm32f302xc.o(RESET)
 <LI><a href="#[35]">TIM8_BRK_IRQHandler</a> from startup_stm32f302xc.o(.text) referenced from startup_stm32f302xc.o(RESET)
 <LI><a href="#[38]">TIM8_CC_IRQHandler</a> from startup_stm32f302xc.o(.text) referenced from startup_stm32f302xc.o(RESET)
 <LI><a href="#[37]">TIM8_TRG_COM_IRQHandler</a> from startup_stm32f302xc.o(.text) referenced from startup_stm32f302xc.o(RESET)
 <LI><a href="#[36]">TIM8_UP_IRQHandler</a> from startup_stm32f302xc.o(.text) referenced from startup_stm32f302xc.o(RESET)
 <LI><a href="#[3b]">UART4_IRQHandler</a> from digital.o(i.UART4_IRQHandler) referenced from startup_stm32f302xc.o(RESET)
 <LI><a href="#[3c]">UART5_IRQHandler</a> from startup_stm32f302xc.o(.text) referenced from startup_stm32f302xc.o(RESET)
 <LI><a href="#[2f]">USART1_IRQHandler</a> from serial.o(i.USART1_IRQHandler) referenced from startup_stm32f302xc.o(RESET)
 <LI><a href="#[30]">USART2_IRQHandler</a> from digital.o(i.USART2_IRQHandler) referenced from startup_stm32f302xc.o(RESET)
 <LI><a href="#[31]">USART3_IRQHandler</a> from startup_stm32f302xc.o(.text) referenced from startup_stm32f302xc.o(RESET)
 <LI><a href="#[34]">USBWakeUp_IRQHandler</a> from startup_stm32f302xc.o(.text) referenced from startup_stm32f302xc.o(RESET)
 <LI><a href="#[4a]">USBWakeUp_RMP_IRQHandler</a> from startup_stm32f302xc.o(.text) referenced from startup_stm32f302xc.o(RESET)
 <LI><a href="#[1d]">USB_HP_CAN1_TX_IRQHandler</a> from startup_stm32f302xc.o(.text) referenced from startup_stm32f302xc.o(RESET)
 <LI><a href="#[48]">USB_HP_IRQHandler</a> from startup_stm32f302xc.o(.text) referenced from startup_stm32f302xc.o(RESET)
 <LI><a href="#[1e]">USB_LP_CAN1_RX0_IRQHandler</a> from canbus.o(i.USB_LP_CAN1_RX0_IRQHandler) referenced from startup_stm32f302xc.o(RESET)
 <LI><a href="#[49]">USB_LP_IRQHandler</a> from startup_stm32f302xc.o(.text) referenced from startup_stm32f302xc.o(RESET)
 <LI><a href="#[5]">UsageFault_Handler</a> from stm32f30x_it.o(i.UsageFault_Handler) referenced from startup_stm32f302xc.o(RESET)
 <LI><a href="#[75]">UserTimerHanler</a> from interface.o(i.UserTimerHanler) referenced from interface.o(.constdata)
 <LI><a href="#[a]">WWDG_IRQHandler</a> from startup_stm32f302xc.o(.text) referenced from startup_stm32f302xc.o(RESET)
 <LI><a href="#[4f]">__main</a> from entry.o(.ARM.Collect$$$$00000000) referenced from startup_stm32f302xc.o(.text)
 <LI><a href="#[51]">_sbackspace</a> from _sgetc.o(.text) referenced 2 times from __0sscanf.o(.text)
 <LI><a href="#[52]">_scanf_char_input</a> from scanf_char.o(.text) referenced from scanf_char.o(.text)
 <LI><a href="#[50]">_sgetc</a> from _sgetc.o(.text) referenced 2 times from __0sscanf.o(.text)
 <LI><a href="#[54]">_sputc</a> from printf8.o(i._sputc) referenced from printf8.o(i.__0sprintf$8)
 <LI><a href="#[53]">isspace</a> from isspace_c.o(.text) referenced 2 times from scanf_char.o(.text)
 <LI><a href="#[77]">main</a> from main.o(i.main) referenced from rtx_conf_cm.o(.constdata)
 <LI><a href="#[6a]">osThreadExit</a> from rt_cmsis.o(i.osThreadExit) referenced from rt_cmsis.o(i.svcThreadCreate)
 <LI><a href="#[78]">osTimerThread</a> from rt_cmsis.o(i.osTimerThread) referenced from rtx_conf_cm.o(.constdata)
 <LI><a href="#[69]">os_idle_demon</a> from rtx_conf_cm.o(i.os_idle_demon) referenced from rt_task.o(i.rt_sys_init)
 <LI><a href="#[4c]">rt_alloc_box</a> from rt_membox.o(i.rt_alloc_box) referenced from hal_cm4.o(.emb_text)
 <LI><a href="#[4d]">rt_free_box</a> from rt_membox.o(i.rt_free_box) referenced from hal_cm4.o(.emb_text)
 <LI><a href="#[55]">svcDelay</a> from rt_cmsis.o(i.svcDelay) referenced from rt_cmsis.o(i.osDelay)
 <LI><a href="#[56]">svcKernelInitialize</a> from rt_cmsis.o(i.svcKernelInitialize) referenced from rt_cmsis.o(i.osKernelInitialize)
 <LI><a href="#[57]">svcKernelStart</a> from rt_cmsis.o(i.svcKernelStart) referenced from rt_cmsis.o(i.osKernelStart)
 <LI><a href="#[58]">svcKernelSysTick</a> from rt_cmsis.o(i.svcKernelSysTick) referenced from rt_cmsis.o(i.osKernelSysTick)
 <LI><a href="#[5a]">svcMailCreate</a> from rt_cmsis.o(i.svcMailCreate) referenced from rt_cmsis.o(i.osMailCreate)
 <LI><a href="#[5c]">svcMessageCreate</a> from rt_cmsis.o(i.svcMessageCreate) referenced from rt_cmsis.o(i.osMessageCreate)
 <LI><a href="#[5d]">svcMessageGet</a> from rt_cmsis.o(i.svcMessageGet) referenced from rt_cmsis.o(i.osMessageGet)
 <LI><a href="#[5e]">svcMessagePut</a> from rt_cmsis.o(i.svcMessagePut) referenced from rt_cmsis.o(i.osMessagePut)
 <LI><a href="#[5f]">svcSemaphoreCreate</a> from rt_cmsis.o(i.svcSemaphoreCreate) referenced from rt_cmsis.o(i.osSemaphoreCreate)
 <LI><a href="#[60]">svcSemaphoreRelease</a> from rt_cmsis.o(i.svcSemaphoreRelease) referenced from rt_cmsis.o(i.osSemaphoreRelease)
 <LI><a href="#[61]">svcSemaphoreWait</a> from rt_cmsis.o(i.svcSemaphoreWait) referenced from rt_cmsis.o(i.osSemaphoreWait)
 <LI><a href="#[62]">svcThreadCreate</a> from rt_cmsis.o(i.svcThreadCreate) referenced from rt_cmsis.o(i.osThreadCreate)
 <LI><a href="#[63]">svcThreadGetId</a> from rt_cmsis.o(i.svcThreadGetId) referenced from rt_cmsis.o(i.osThreadExit)
 <LI><a href="#[64]">svcThreadTerminate</a> from rt_cmsis.o(i.svcThreadTerminate) referenced from rt_cmsis.o(i.osThreadExit)
 <LI><a href="#[65]">svcThreadYield</a> from rt_cmsis.o(i.svcThreadYield) referenced from rt_cmsis.o(i.osThreadYield)
 <LI><a href="#[66]">svcTimerCall</a> from rt_cmsis.o(i.svcTimerCall) referenced from rt_cmsis.o(i.osTimerCall)
 <LI><a href="#[67]">svcTimerCreate</a> from rt_cmsis.o(i.svcTimerCreate) referenced from rt_cmsis.o(i.osTimerCreate)
 <LI><a href="#[68]">svcTimerStart</a> from rt_cmsis.o(i.svcTimerStart) referenced from rt_cmsis.o(i.osTimerStart)
 <LI><a href="#[59]">sysMailAlloc</a> from rt_cmsis.o(i.sysMailAlloc) referenced from rt_cmsis.o(i.osMailAlloc)
 <LI><a href="#[5b]">sysMailFree</a> from rt_cmsis.o(i.sysMailFree) referenced from rt_cmsis.o(i.osMailFree)
 <LI><a href="#[76]">threadDS18B20</a> from ds18b20.o(i.threadDS18B20) referenced from ds18b20.o(.constdata)
 <LI><a href="#[72]">vJ1587HandlerTask</a> from digital.o(i.vJ1587HandlerTask) referenced from digital.o(.constdata)
 <LI><a href="#[73]">vJ1587RequestTask</a> from digital.o(i.vJ1587RequestTask) referenced from digital.o(.constdata)
 <LI><a href="#[74]">vJ1939Task</a> from canbus.o(i.vJ1939Task) referenced from canbus.o(.constdata)
 <LI><a href="#[6e]">vPowerTask</a> from power.o(i.vPowerTask) referenced from power.o(.constdata)
 <LI><a href="#[6b]">vSerialReceiver</a> from serial.o(i.vSerialReceiver) referenced from serial.o(.constdata)
 <LI><a href="#[6d]">vSerialTask</a> from serial.o(i.vSerialTask) referenced from serial.o(.constdata)
 <LI><a href="#[6c]">vSerialTransfer</a> from serial.o(i.vSerialTransfer) referenced from serial.o(.constdata)
 <LI><a href="#[70]">vUART4Receiver</a> from digital.o(i.vUART4Receiver) referenced from digital.o(.constdata)
 <LI><a href="#[71]">vUSART2Receiver</a> from digital.o(i.vUSART2Receiver) referenced from digital.o(.constdata)
</UL>
<P>
<H3>
Global Symbols
</H3>
<P><STRONG><a name="[4f]"></a>__main</STRONG> (Thumb, 0 bytes, Stack size unknown bytes, entry.o(.ARM.Collect$$$$00000000))
<BR>[Address Reference Count : 1]<UL><LI> startup_stm32f302xc.o(.text)
</UL>
<P><STRONG><a name="[1a2]"></a>_main_stk</STRONG> (Thumb, 0 bytes, Stack size unknown bytes, entry2.o(.ARM.Collect$$$$00000001))

<P><STRONG><a name="[79]"></a>_main_scatterload</STRONG> (Thumb, 0 bytes, Stack size unknown bytes, entry5.o(.ARM.Collect$$$$00000004))
<BR><BR>[Calls]<UL><LI><a href="#[7a]">&gt;&gt;</a>&nbsp;&nbsp;&nbsp;__scatterload
</UL>

<P><STRONG><a name="[9f]"></a>__main_after_scatterload</STRONG> (Thumb, 0 bytes, Stack size unknown bytes, entry5.o(.ARM.Collect$$$$00000004))
<BR><BR>[Called By]<UL><LI><a href="#[7a]">&gt;&gt;</a>&nbsp;&nbsp;&nbsp;__scatterload
</UL>

<P><STRONG><a name="[1a3]"></a>__rt_lib_shutdown_fini</STRONG> (Thumb, 0 bytes, Stack size unknown bytes, entry12b.o(.ARM.Collect$$$$0000000E))

<P><STRONG><a name="[1a4]"></a>_main_clock</STRONG> (Thumb, 0 bytes, Stack size unknown bytes, entry7b.o(.ARM.Collect$$$$00000008))

<P><STRONG><a name="[1a5]"></a>_main_cpp_init</STRONG> (Thumb, 0 bytes, Stack size unknown bytes, entry8b.o(.ARM.Collect$$$$0000000A))

<P><STRONG><a name="[1a6]"></a>__rt_final_cpp</STRONG> (Thumb, 0 bytes, Stack size 0 bytes, entry10a.o(.ARM.Collect$$$$0000000F))

<P><STRONG><a name="[1a7]"></a>__rt_final_exit</STRONG> (Thumb, 0 bytes, Stack size 0 bytes, entry11a.o(.ARM.Collect$$$$00000011))

<P><STRONG><a name="[7b]"></a>_main_init</STRONG> (Thumb, 18 bytes, Stack size 0 bytes, rtx_conf_cm.o(.ARM.Collect$$$$000000FF))
<BR><BR>[Stack]<UL><LI>Max Depth = 80<LI>Call Chain = _main_init &rArr; osKernelInitialize &rArr; svcKernelInitialize &rArr; svcThreadCreate &rArr; rt_tsk_create &rArr; rt_init_context &rArr; rt_init_stack
</UL>
<BR>[Calls]<UL><LI><a href="#[7d]">&gt;&gt;</a>&nbsp;&nbsp;&nbsp;osThreadCreate
<LI><a href="#[7e]">&gt;&gt;</a>&nbsp;&nbsp;&nbsp;osKernelStart
<LI><a href="#[7c]">&gt;&gt;</a>&nbsp;&nbsp;&nbsp;osKernelInitialize
</UL>

<P><STRONG><a name="[1a8]"></a>rt_set_PSP</STRONG> (Thumb, 6 bytes, Stack size 0 bytes, hal_cm4.o(.emb_text), UNUSED)

<P><STRONG><a name="[18c]"></a>rt_get_PSP</STRONG> (Thumb, 6 bytes, Stack size 0 bytes, hal_cm4.o(.emb_text))
<BR><BR>[Called By]<UL><LI><a href="#[18b]">&gt;&gt;</a>&nbsp;&nbsp;&nbsp;rt_tsk_delete
</UL>

<P><STRONG><a name="[1a9]"></a>os_set_env</STRONG> (Thumb, 24 bytes, Stack size 0 bytes, hal_cm4.o(.emb_text), UNUSED)

<P><STRONG><a name="[1aa]"></a>_alloc_box</STRONG> (Thumb, 28 bytes, Stack size 0 bytes, hal_cm4.o(.emb_text), UNUSED)

<P><STRONG><a name="[1ab]"></a>_free_box</STRONG> (Thumb, 28 bytes, Stack size 0 bytes, hal_cm4.o(.emb_text), UNUSED)

<P><STRONG><a name="[6]"></a>SVC_Handler</STRONG> (Thumb, 168 bytes, Stack size 0 bytes, hal_cm4.o(.emb_text))
<BR><BR>[Stack]<UL><LI>Max Depth = 48<LI>Call Chain = SVC_Handler &rArr; rt_stk_check &rArr; os_error &rArr; PrintError &rArr; UART_SendByte
</UL>
<BR>[Calls]<UL><LI><a href="#[7f]">&gt;&gt;</a>&nbsp;&nbsp;&nbsp;rt_stk_check
</UL>
<BR>[Address Reference Count : 1]<UL><LI> startup_stm32f302xc.o(RESET)
</UL>
<P><STRONG><a name="[8]"></a>PendSV_Handler</STRONG> (Thumb, 96 bytes, Stack size 0 bytes, hal_cm4.o(.emb_text))
<BR><BR>[Stack]<UL><LI>Max Depth = 88<LI>Call Chain = PendSV_Handler &rArr; rt_pop_req &rArr; rt_mbx_psh &rArr; os_error &rArr; PrintError &rArr; UART_SendByte
</UL>
<BR>[Calls]<UL><LI><a href="#[80]">&gt;&gt;</a>&nbsp;&nbsp;&nbsp;rt_pop_req
<LI><a href="#[7f]">&gt;&gt;</a>&nbsp;&nbsp;&nbsp;rt_stk_check
</UL>
<BR>[Address Reference Count : 1]<UL><LI> startup_stm32f302xc.o(RESET)
</UL>
<P><STRONG><a name="[9]"></a>SysTick_Handler</STRONG> (Thumb, 8 bytes, Stack size 0 bytes, hal_cm4.o(.emb_text))
<BR><BR>[Stack]<UL><LI>Max Depth = 120<LI>Call Chain = SysTick_Handler &rArr; rt_systick &rArr; sysTimerTick &rArr; isrMessagePut &rArr; isr_mbx_send &rArr; rt_psq_enq &rArr; os_error &rArr; PrintError &rArr; UART_SendByte
</UL>
<BR>[Calls]<UL><LI><a href="#[81]">&gt;&gt;</a>&nbsp;&nbsp;&nbsp;rt_systick
</UL>
<BR>[Address Reference Count : 1]<UL><LI> startup_stm32f302xc.o(RESET)
</UL>
<P><STRONG><a name="[82]"></a>OS_Tick_Handler</STRONG> (Thumb, 12 bytes, Stack size 0 bytes, hal_cm4.o(.emb_text), UNUSED)
<BR><BR>[Calls]<UL><LI><a href="#[83]">&gt;&gt;</a>&nbsp;&nbsp;&nbsp;os_tick_irqack
<LI><a href="#[81]">&gt;&gt;</a>&nbsp;&nbsp;&nbsp;rt_systick
</UL>

<P><STRONG><a name="[0]"></a>Reset_Handler</STRONG> (Thumb, 8 bytes, Stack size 0 bytes, startup_stm32f302xc.o(.text))
<BR>[Address Reference Count : 1]<UL><LI> startup_stm32f302xc.o(RESET)
</UL>
<P><STRONG><a name="[1c]"></a>ADC1_2_IRQHandler</STRONG> (Thumb, 0 bytes, Stack size 0 bytes, startup_stm32f302xc.o(.text))
<BR><BR>[Calls]<UL><LI><a href="#[1c]">&gt;&gt;</a>&nbsp;&nbsp;&nbsp;ADC1_2_IRQHandler
</UL>
<BR>[Called By]<UL><LI><a href="#[1c]">&gt;&gt;</a>&nbsp;&nbsp;&nbsp;ADC1_2_IRQHandler
</UL>
<BR>[Address Reference Count : 1]<UL><LI> startup_stm32f302xc.o(RESET)
</UL>
<P><STRONG><a name="[39]"></a>ADC3_IRQHandler</STRONG> (Thumb, 0 bytes, Stack size 0 bytes, startup_stm32f302xc.o(.text))
<BR>[Address Reference Count : 1]<UL><LI> startup_stm32f302xc.o(RESET)
</UL>
<P><STRONG><a name="[44]"></a>ADC4_IRQHandler</STRONG> (Thumb, 0 bytes, Stack size 0 bytes, startup_stm32f302xc.o(.text))
<BR>[Address Reference Count : 1]<UL><LI> startup_stm32f302xc.o(RESET)
</UL>
<P><STRONG><a name="[1f]"></a>CAN1_RX1_IRQHandler</STRONG> (Thumb, 0 bytes, Stack size 0 bytes, startup_stm32f302xc.o(.text))
<BR>[Address Reference Count : 1]<UL><LI> startup_stm32f302xc.o(RESET)
</UL>
<P><STRONG><a name="[20]"></a>CAN1_SCE_IRQHandler</STRONG> (Thumb, 0 bytes, Stack size 0 bytes, startup_stm32f302xc.o(.text))
<BR>[Address Reference Count : 1]<UL><LI> startup_stm32f302xc.o(RESET)
</UL>
<P><STRONG><a name="[45]"></a>COMP1_2_3_IRQHandler</STRONG> (Thumb, 0 bytes, Stack size 0 bytes, startup_stm32f302xc.o(.text))
<BR>[Address Reference Count : 1]<UL><LI> startup_stm32f302xc.o(RESET)
</UL>
<P><STRONG><a name="[46]"></a>COMP4_5_6_IRQHandler</STRONG> (Thumb, 0 bytes, Stack size 0 bytes, startup_stm32f302xc.o(.text))
<BR>[Address Reference Count : 1]<UL><LI> startup_stm32f302xc.o(RESET)
</UL>
<P><STRONG><a name="[47]"></a>COMP7_IRQHandler</STRONG> (Thumb, 0 bytes, Stack size 0 bytes, startup_stm32f302xc.o(.text))
<BR>[Address Reference Count : 1]<UL><LI> startup_stm32f302xc.o(RESET)
</UL>
<P><STRONG><a name="[16]"></a>DMA1_Channel2_IRQHandler</STRONG> (Thumb, 0 bytes, Stack size 0 bytes, startup_stm32f302xc.o(.text))
<BR>[Address Reference Count : 1]<UL><LI> startup_stm32f302xc.o(RESET)
</UL>
<P><STRONG><a name="[17]"></a>DMA1_Channel3_IRQHandler</STRONG> (Thumb, 0 bytes, Stack size 0 bytes, startup_stm32f302xc.o(.text))
<BR>[Address Reference Count : 1]<UL><LI> startup_stm32f302xc.o(RESET)
</UL>
<P><STRONG><a name="[18]"></a>DMA1_Channel4_IRQHandler</STRONG> (Thumb, 0 bytes, Stack size 0 bytes, startup_stm32f302xc.o(.text))
<BR>[Address Reference Count : 1]<UL><LI> startup_stm32f302xc.o(RESET)
</UL>
<P><STRONG><a name="[19]"></a>DMA1_Channel5_IRQHandler</STRONG> (Thumb, 0 bytes, Stack size 0 bytes, startup_stm32f302xc.o(.text))
<BR>[Address Reference Count : 1]<UL><LI> startup_stm32f302xc.o(RESET)
</UL>
<P><STRONG><a name="[1a]"></a>DMA1_Channel6_IRQHandler</STRONG> (Thumb, 0 bytes, Stack size 0 bytes, startup_stm32f302xc.o(.text))
<BR>[Address Reference Count : 1]<UL><LI> startup_stm32f302xc.o(RESET)
</UL>
<P><STRONG><a name="[1b]"></a>DMA1_Channel7_IRQHandler</STRONG> (Thumb, 0 bytes, Stack size 0 bytes, startup_stm32f302xc.o(.text))
<BR>[Address Reference Count : 1]<UL><LI> startup_stm32f302xc.o(RESET)
</UL>
<P><STRONG><a name="[3f]"></a>DMA2_Channel1_IRQHandler</STRONG> (Thumb, 0 bytes, Stack size 0 bytes, startup_stm32f302xc.o(.text))
<BR>[Address Reference Count : 1]<UL><LI> startup_stm32f302xc.o(RESET)
</UL>
<P><STRONG><a name="[40]"></a>DMA2_Channel2_IRQHandler</STRONG> (Thumb, 0 bytes, Stack size 0 bytes, startup_stm32f302xc.o(.text))
<BR>[Address Reference Count : 1]<UL><LI> startup_stm32f302xc.o(RESET)
</UL>
<P><STRONG><a name="[41]"></a>DMA2_Channel3_IRQHandler</STRONG> (Thumb, 0 bytes, Stack size 0 bytes, startup_stm32f302xc.o(.text))
<BR>[Address Reference Count : 1]<UL><LI> startup_stm32f302xc.o(RESET)
</UL>
<P><STRONG><a name="[42]"></a>DMA2_Channel4_IRQHandler</STRONG> (Thumb, 0 bytes, Stack size 0 bytes, startup_stm32f302xc.o(.text))
<BR>[Address Reference Count : 1]<UL><LI> startup_stm32f302xc.o(RESET)
</UL>
<P><STRONG><a name="[43]"></a>DMA2_Channel5_IRQHandler</STRONG> (Thumb, 0 bytes, Stack size 0 bytes, startup_stm32f302xc.o(.text))
<BR>[Address Reference Count : 1]<UL><LI> startup_stm32f302xc.o(RESET)
</UL>
<P><STRONG><a name="[32]"></a>EXTI15_10_IRQHandler</STRONG> (Thumb, 0 bytes, Stack size 0 bytes, startup_stm32f302xc.o(.text))
<BR>[Address Reference Count : 1]<UL><LI> startup_stm32f302xc.o(RESET)
</UL>
<P><STRONG><a name="[11]"></a>EXTI1_IRQHandler</STRONG> (Thumb, 0 bytes, Stack size 0 bytes, startup_stm32f302xc.o(.text))
<BR>[Address Reference Count : 1]<UL><LI> startup_stm32f302xc.o(RESET)
</UL>
<P><STRONG><a name="[12]"></a>EXTI2_TS_IRQHandler</STRONG> (Thumb, 0 bytes, Stack size 0 bytes, startup_stm32f302xc.o(.text))
<BR>[Address Reference Count : 1]<UL><LI> startup_stm32f302xc.o(RESET)
</UL>
<P><STRONG><a name="[13]"></a>EXTI3_IRQHandler</STRONG> (Thumb, 0 bytes, Stack size 0 bytes, startup_stm32f302xc.o(.text))
<BR>[Address Reference Count : 1]<UL><LI> startup_stm32f302xc.o(RESET)
</UL>
<P><STRONG><a name="[14]"></a>EXTI4_IRQHandler</STRONG> (Thumb, 0 bytes, Stack size 0 bytes, startup_stm32f302xc.o(.text))
<BR>[Address Reference Count : 1]<UL><LI> startup_stm32f302xc.o(RESET)
</UL>
<P><STRONG><a name="[21]"></a>EXTI9_5_IRQHandler</STRONG> (Thumb, 0 bytes, Stack size 0 bytes, startup_stm32f302xc.o(.text))
<BR>[Address Reference Count : 1]<UL><LI> startup_stm32f302xc.o(RESET)
</UL>
<P><STRONG><a name="[e]"></a>FLASH_IRQHandler</STRONG> (Thumb, 0 bytes, Stack size 0 bytes, startup_stm32f302xc.o(.text))
<BR>[Address Reference Count : 1]<UL><LI> startup_stm32f302xc.o(RESET)
</UL>
<P><STRONG><a name="[4b]"></a>FPU_IRQHandler</STRONG> (Thumb, 0 bytes, Stack size 0 bytes, startup_stm32f302xc.o(.text))
<BR>[Address Reference Count : 1]<UL><LI> startup_stm32f302xc.o(RESET)
</UL>
<P><STRONG><a name="[2a]"></a>I2C1_ER_IRQHandler</STRONG> (Thumb, 0 bytes, Stack size 0 bytes, startup_stm32f302xc.o(.text))
<BR>[Address Reference Count : 1]<UL><LI> startup_stm32f302xc.o(RESET)
</UL>
<P><STRONG><a name="[29]"></a>I2C1_EV_IRQHandler</STRONG> (Thumb, 0 bytes, Stack size 0 bytes, startup_stm32f302xc.o(.text))
<BR>[Address Reference Count : 1]<UL><LI> startup_stm32f302xc.o(RESET)
</UL>
<P><STRONG><a name="[2c]"></a>I2C2_ER_IRQHandler</STRONG> (Thumb, 0 bytes, Stack size 0 bytes, startup_stm32f302xc.o(.text))
<BR>[Address Reference Count : 1]<UL><LI> startup_stm32f302xc.o(RESET)
</UL>
<P><STRONG><a name="[2b]"></a>I2C2_EV_IRQHandler</STRONG> (Thumb, 0 bytes, Stack size 0 bytes, startup_stm32f302xc.o(.text))
<BR>[Address Reference Count : 1]<UL><LI> startup_stm32f302xc.o(RESET)
</UL>
<P><STRONG><a name="[b]"></a>PVD_IRQHandler</STRONG> (Thumb, 0 bytes, Stack size 0 bytes, startup_stm32f302xc.o(.text))
<BR>[Address Reference Count : 1]<UL><LI> startup_stm32f302xc.o(RESET)
</UL>
<P><STRONG><a name="[f]"></a>RCC_IRQHandler</STRONG> (Thumb, 0 bytes, Stack size 0 bytes, startup_stm32f302xc.o(.text))
<BR>[Address Reference Count : 1]<UL><LI> startup_stm32f302xc.o(RESET)
</UL>
<P><STRONG><a name="[33]"></a>RTC_Alarm_IRQHandler</STRONG> (Thumb, 0 bytes, Stack size 0 bytes, startup_stm32f302xc.o(.text))
<BR>[Address Reference Count : 1]<UL><LI> startup_stm32f302xc.o(RESET)
</UL>
<P><STRONG><a name="[d]"></a>RTC_WKUP_IRQHandler</STRONG> (Thumb, 0 bytes, Stack size 0 bytes, startup_stm32f302xc.o(.text))
<BR>[Address Reference Count : 1]<UL><LI> startup_stm32f302xc.o(RESET)
</UL>
<P><STRONG><a name="[2d]"></a>SPI1_IRQHandler</STRONG> (Thumb, 0 bytes, Stack size 0 bytes, startup_stm32f302xc.o(.text))
<BR>[Address Reference Count : 1]<UL><LI> startup_stm32f302xc.o(RESET)
</UL>
<P><STRONG><a name="[2e]"></a>SPI2_IRQHandler</STRONG> (Thumb, 0 bytes, Stack size 0 bytes, startup_stm32f302xc.o(.text))
<BR>[Address Reference Count : 1]<UL><LI> startup_stm32f302xc.o(RESET)
</UL>
<P><STRONG><a name="[3a]"></a>SPI3_IRQHandler</STRONG> (Thumb, 0 bytes, Stack size 0 bytes, startup_stm32f302xc.o(.text))
<BR>[Address Reference Count : 1]<UL><LI> startup_stm32f302xc.o(RESET)
</UL>
<P><STRONG><a name="[c]"></a>TAMPER_STAMP_IRQHandler</STRONG> (Thumb, 0 bytes, Stack size 0 bytes, startup_stm32f302xc.o(.text))
<BR>[Address Reference Count : 1]<UL><LI> startup_stm32f302xc.o(RESET)
</UL>
<P><STRONG><a name="[22]"></a>TIM1_BRK_TIM15_IRQHandler</STRONG> (Thumb, 0 bytes, Stack size 0 bytes, startup_stm32f302xc.o(.text))
<BR>[Address Reference Count : 1]<UL><LI> startup_stm32f302xc.o(RESET)
</UL>
<P><STRONG><a name="[25]"></a>TIM1_CC_IRQHandler</STRONG> (Thumb, 0 bytes, Stack size 0 bytes, startup_stm32f302xc.o(.text))
<BR>[Address Reference Count : 1]<UL><LI> startup_stm32f302xc.o(RESET)
</UL>
<P><STRONG><a name="[24]"></a>TIM1_TRG_COM_TIM17_IRQHandler</STRONG> (Thumb, 0 bytes, Stack size 0 bytes, startup_stm32f302xc.o(.text))
<BR>[Address Reference Count : 1]<UL><LI> startup_stm32f302xc.o(RESET)
</UL>
<P><STRONG><a name="[23]"></a>TIM1_UP_TIM16_IRQHandler</STRONG> (Thumb, 0 bytes, Stack size 0 bytes, startup_stm32f302xc.o(.text))
<BR>[Address Reference Count : 1]<UL><LI> startup_stm32f302xc.o(RESET)
</UL>
<P><STRONG><a name="[26]"></a>TIM2_IRQHandler</STRONG> (Thumb, 0 bytes, Stack size 0 bytes, startup_stm32f302xc.o(.text))
<BR>[Address Reference Count : 1]<UL><LI> startup_stm32f302xc.o(RESET)
</UL>
<P><STRONG><a name="[3d]"></a>TIM6_DAC_IRQHandler</STRONG> (Thumb, 0 bytes, Stack size 0 bytes, startup_stm32f302xc.o(.text))
<BR>[Address Reference Count : 1]<UL><LI> startup_stm32f302xc.o(RESET)
</UL>
<P><STRONG><a name="[3e]"></a>TIM7_IRQHandler</STRONG> (Thumb, 0 bytes, Stack size 0 bytes, startup_stm32f302xc.o(.text))
<BR>[Address Reference Count : 1]<UL><LI> startup_stm32f302xc.o(RESET)
</UL>
<P><STRONG><a name="[35]"></a>TIM8_BRK_IRQHandler</STRONG> (Thumb, 0 bytes, Stack size 0 bytes, startup_stm32f302xc.o(.text))
<BR>[Address Reference Count : 1]<UL><LI> startup_stm32f302xc.o(RESET)
</UL>
<P><STRONG><a name="[38]"></a>TIM8_CC_IRQHandler</STRONG> (Thumb, 0 bytes, Stack size 0 bytes, startup_stm32f302xc.o(.text))
<BR>[Address Reference Count : 1]<UL><LI> startup_stm32f302xc.o(RESET)
</UL>
<P><STRONG><a name="[37]"></a>TIM8_TRG_COM_IRQHandler</STRONG> (Thumb, 0 bytes, Stack size 0 bytes, startup_stm32f302xc.o(.text))
<BR>[Address Reference Count : 1]<UL><LI> startup_stm32f302xc.o(RESET)
</UL>
<P><STRONG><a name="[36]"></a>TIM8_UP_IRQHandler</STRONG> (Thumb, 0 bytes, Stack size 0 bytes, startup_stm32f302xc.o(.text))
<BR>[Address Reference Count : 1]<UL><LI> startup_stm32f302xc.o(RESET)
</UL>
<P><STRONG><a name="[3c]"></a>UART5_IRQHandler</STRONG> (Thumb, 0 bytes, Stack size 0 bytes, startup_stm32f302xc.o(.text))
<BR>[Address Reference Count : 1]<UL><LI> startup_stm32f302xc.o(RESET)
</UL>
<P><STRONG><a name="[31]"></a>USART3_IRQHandler</STRONG> (Thumb, 0 bytes, Stack size 0 bytes, startup_stm32f302xc.o(.text))
<BR>[Address Reference Count : 1]<UL><LI> startup_stm32f302xc.o(RESET)
</UL>
<P><STRONG><a name="[34]"></a>USBWakeUp_IRQHandler</STRONG> (Thumb, 0 bytes, Stack size 0 bytes, startup_stm32f302xc.o(.text))
<BR>[Address Reference Count : 1]<UL><LI> startup_stm32f302xc.o(RESET)
</UL>
<P><STRONG><a name="[4a]"></a>USBWakeUp_RMP_IRQHandler</STRONG> (Thumb, 0 bytes, Stack size 0 bytes, startup_stm32f302xc.o(.text))
<BR>[Address Reference Count : 1]<UL><LI> startup_stm32f302xc.o(RESET)
</UL>
<P><STRONG><a name="[1d]"></a>USB_HP_CAN1_TX_IRQHandler</STRONG> (Thumb, 0 bytes, Stack size 0 bytes, startup_stm32f302xc.o(.text))
<BR>[Address Reference Count : 1]<UL><LI> startup_stm32f302xc.o(RESET)
</UL>
<P><STRONG><a name="[48]"></a>USB_HP_IRQHandler</STRONG> (Thumb, 0 bytes, Stack size 0 bytes, startup_stm32f302xc.o(.text))
<BR>[Address Reference Count : 1]<UL><LI> startup_stm32f302xc.o(RESET)
</UL>
<P><STRONG><a name="[49]"></a>USB_LP_IRQHandler</STRONG> (Thumb, 0 bytes, Stack size 0 bytes, startup_stm32f302xc.o(.text))
<BR>[Address Reference Count : 1]<UL><LI> startup_stm32f302xc.o(RESET)
</UL>
<P><STRONG><a name="[a]"></a>WWDG_IRQHandler</STRONG> (Thumb, 0 bytes, Stack size 0 bytes, startup_stm32f302xc.o(.text))
<BR>[Address Reference Count : 1]<UL><LI> startup_stm32f302xc.o(RESET)
</UL>
<P><STRONG><a name="[84]"></a>__aeabi_uldivmod</STRONG> (Thumb, 98 bytes, Stack size 40 bytes, uldiv.o(.text))
<BR><BR>[Stack]<UL><LI>Max Depth = 40<LI>Call Chain = __aeabi_uldivmod
</UL>
<BR>[Calls]<UL><LI><a href="#[85]">&gt;&gt;</a>&nbsp;&nbsp;&nbsp;__aeabi_llsr
<LI><a href="#[86]">&gt;&gt;</a>&nbsp;&nbsp;&nbsp;__aeabi_llsl
</UL>
<BR>[Called By]<UL><LI><a href="#[68]">&gt;&gt;</a>&nbsp;&nbsp;&nbsp;svcTimerStart
<LI><a href="#[143]">&gt;&gt;</a>&nbsp;&nbsp;&nbsp;_printf_core
</UL>

<P><STRONG><a name="[129]"></a>__aeabi_memcpy</STRONG> (Thumb, 36 bytes, Stack size 0 bytes, memcpya.o(.text))
<BR><BR>[Called By]<UL><LI><a href="#[6b]">&gt;&gt;</a>&nbsp;&nbsp;&nbsp;vSerialReceiver
<LI><a href="#[124]">&gt;&gt;</a>&nbsp;&nbsp;&nbsp;Serial_Parse
<LI><a href="#[71]">&gt;&gt;</a>&nbsp;&nbsp;&nbsp;vUSART2Receiver
</UL>

<P><STRONG><a name="[12e]"></a>__aeabi_memcpy4</STRONG> (Thumb, 0 bytes, Stack size 0 bytes, memcpya.o(.text))
<BR><BR>[Called By]<UL><LI><a href="#[104]">&gt;&gt;</a>&nbsp;&nbsp;&nbsp;StoreFaultCodeJ1587
</UL>

<P><STRONG><a name="[1ac]"></a>__aeabi_memcpy8</STRONG> (Thumb, 0 bytes, Stack size 0 bytes, memcpya.o(.text), UNUSED)

<P><STRONG><a name="[88]"></a>__aeabi_memset</STRONG> (Thumb, 14 bytes, Stack size 0 bytes, memseta.o(.text))
<BR><BR>[Called By]<UL><LI><a href="#[89]">&gt;&gt;</a>&nbsp;&nbsp;&nbsp;_memset$wrapper
<LI><a href="#[87]">&gt;&gt;</a>&nbsp;&nbsp;&nbsp;__aeabi_memclr
</UL>

<P><STRONG><a name="[1ad]"></a>__aeabi_memset4</STRONG> (Thumb, 0 bytes, Stack size 0 bytes, memseta.o(.text), UNUSED)

<P><STRONG><a name="[1ae]"></a>__aeabi_memset8</STRONG> (Thumb, 0 bytes, Stack size 0 bytes, memseta.o(.text), UNUSED)

<P><STRONG><a name="[87]"></a>__aeabi_memclr</STRONG> (Thumb, 4 bytes, Stack size 0 bytes, memseta.o(.text))
<BR><BR>[Calls]<UL><LI><a href="#[88]">&gt;&gt;</a>&nbsp;&nbsp;&nbsp;__aeabi_memset
</UL>
<BR>[Called By]<UL><LI><a href="#[bb]">&gt;&gt;</a>&nbsp;&nbsp;&nbsp;ADC_ReadFuelValue
</UL>

<P><STRONG><a name="[130]"></a>__aeabi_memclr4</STRONG> (Thumb, 0 bytes, Stack size 0 bytes, memseta.o(.text))
<BR><BR>[Called By]<UL><LI><a href="#[6d]">&gt;&gt;</a>&nbsp;&nbsp;&nbsp;vSerialTask
<LI><a href="#[10e]">&gt;&gt;</a>&nbsp;&nbsp;&nbsp;StoreFaultCodeODBII
</UL>

<P><STRONG><a name="[1af]"></a>__aeabi_memclr8</STRONG> (Thumb, 0 bytes, Stack size 0 bytes, memseta.o(.text), UNUSED)

<P><STRONG><a name="[89]"></a>_memset$wrapper</STRONG> (Thumb, 18 bytes, Stack size 8 bytes, memseta.o(.text), UNUSED)
<BR><BR>[Calls]<UL><LI><a href="#[88]">&gt;&gt;</a>&nbsp;&nbsp;&nbsp;__aeabi_memset
</UL>

<P><STRONG><a name="[f5]"></a>strlen</STRONG> (Thumb, 14 bytes, Stack size 0 bytes, strlen.o(.text))
<BR><BR>[Called By]<UL><LI><a href="#[f0]">&gt;&gt;</a>&nbsp;&nbsp;&nbsp;Fuel_232_parse
<LI><a href="#[f4]">&gt;&gt;</a>&nbsp;&nbsp;&nbsp;str_trim
<LI><a href="#[11b]">&gt;&gt;</a>&nbsp;&nbsp;&nbsp;SerialPushStr
<LI><a href="#[c1]">&gt;&gt;</a>&nbsp;&nbsp;&nbsp;PrintError
</UL>

<P><STRONG><a name="[f1]"></a>strncmp</STRONG> (Thumb, 30 bytes, Stack size 12 bytes, strncmp.o(.text))
<BR><BR>[Stack]<UL><LI>Max Depth = 12<LI>Call Chain = strncmp
</UL>
<BR>[Called By]<UL><LI><a href="#[f0]">&gt;&gt;</a>&nbsp;&nbsp;&nbsp;Fuel_232_parse
<LI><a href="#[124]">&gt;&gt;</a>&nbsp;&nbsp;&nbsp;Serial_Parse
</UL>

<P><STRONG><a name="[8a]"></a>__0sscanf</STRONG> (Thumb, 48 bytes, Stack size 72 bytes, __0sscanf.o(.text))
<BR><BR>[Stack]<UL><LI>Max Depth = 264<LI>Call Chain = __0sscanf &rArr; __vfscanf_char &rArr; __vfscanf &rArr; _scanf_real
</UL>
<BR>[Calls]<UL><LI><a href="#[8b]">&gt;&gt;</a>&nbsp;&nbsp;&nbsp;__vfscanf_char
</UL>
<BR>[Called By]<UL><LI><a href="#[d5]">&gt;&gt;</a>&nbsp;&nbsp;&nbsp;CLS2_check_mes
</UL>

<P><STRONG><a name="[8c]"></a>_scanf_int</STRONG> (Thumb, 332 bytes, Stack size 56 bytes, _scanf_int.o(.text))
<BR><BR>[Stack]<UL><LI>Max Depth = 56<LI>Call Chain = _scanf_int
</UL>
<BR>[Calls]<UL><LI><a href="#[8d]">&gt;&gt;</a>&nbsp;&nbsp;&nbsp;_chval
</UL>
<BR>[Called By]<UL><LI><a href="#[9b]">&gt;&gt;</a>&nbsp;&nbsp;&nbsp;__vfscanf
</UL>

<P><STRONG><a name="[8e]"></a>__aeabi_dadd</STRONG> (Thumb, 322 bytes, Stack size 48 bytes, dadd.o(.text))
<BR><BR>[Stack]<UL><LI>Max Depth = 88<LI>Call Chain = __aeabi_dadd &rArr; _double_epilogue &rArr; _double_round
</UL>
<BR>[Calls]<UL><LI><a href="#[8f]">&gt;&gt;</a>&nbsp;&nbsp;&nbsp;__aeabi_lasr
<LI><a href="#[86]">&gt;&gt;</a>&nbsp;&nbsp;&nbsp;__aeabi_llsl
<LI><a href="#[91]">&gt;&gt;</a>&nbsp;&nbsp;&nbsp;_double_round
<LI><a href="#[90]">&gt;&gt;</a>&nbsp;&nbsp;&nbsp;_double_epilogue
</UL>
<BR>[Called By]<UL><LI><a href="#[10d]">&gt;&gt;</a>&nbsp;&nbsp;&nbsp;ODBIIHandler
<LI><a href="#[93]">&gt;&gt;</a>&nbsp;&nbsp;&nbsp;__aeabi_drsub
<LI><a href="#[92]">&gt;&gt;</a>&nbsp;&nbsp;&nbsp;__aeabi_dsub
</UL>

<P><STRONG><a name="[92]"></a>__aeabi_dsub</STRONG> (Thumb, 6 bytes, Stack size 0 bytes, dadd.o(.text), UNUSED)
<BR><BR>[Calls]<UL><LI><a href="#[8e]">&gt;&gt;</a>&nbsp;&nbsp;&nbsp;__aeabi_dadd
</UL>

<P><STRONG><a name="[93]"></a>__aeabi_drsub</STRONG> (Thumb, 6 bytes, Stack size 0 bytes, dadd.o(.text), UNUSED)
<BR><BR>[Calls]<UL><LI><a href="#[8e]">&gt;&gt;</a>&nbsp;&nbsp;&nbsp;__aeabi_dadd
</UL>

<P><STRONG><a name="[94]"></a>__aeabi_dmul</STRONG> (Thumb, 228 bytes, Stack size 48 bytes, dmul.o(.text))
<BR><BR>[Stack]<UL><LI>Max Depth = 88<LI>Call Chain = __aeabi_dmul &rArr; _double_epilogue &rArr; _double_round
</UL>
<BR>[Calls]<UL><LI><a href="#[90]">&gt;&gt;</a>&nbsp;&nbsp;&nbsp;_double_epilogue
</UL>
<BR>[Called By]<UL><LI><a href="#[190]">&gt;&gt;</a>&nbsp;&nbsp;&nbsp;serial_report_data
<LI><a href="#[14e]">&gt;&gt;</a>&nbsp;&nbsp;&nbsp;ds18b20_read_temp
<LI><a href="#[10d]">&gt;&gt;</a>&nbsp;&nbsp;&nbsp;ODBIIHandler
<LI><a href="#[105]">&gt;&gt;</a>&nbsp;&nbsp;&nbsp;J1939Handler
<LI><a href="#[103]">&gt;&gt;</a>&nbsp;&nbsp;&nbsp;J1587ParserPID
<LI><a href="#[a1]">&gt;&gt;</a>&nbsp;&nbsp;&nbsp;_fp_value
</UL>

<P><STRONG><a name="[95]"></a>__aeabi_ddiv</STRONG> (Thumb, 222 bytes, Stack size 32 bytes, ddiv.o(.text))
<BR><BR>[Stack]<UL><LI>Max Depth = 40<LI>Call Chain = __aeabi_ddiv &rArr; _double_round
</UL>
<BR>[Calls]<UL><LI><a href="#[91]">&gt;&gt;</a>&nbsp;&nbsp;&nbsp;_double_round
</UL>
<BR>[Called By]<UL><LI><a href="#[10d]">&gt;&gt;</a>&nbsp;&nbsp;&nbsp;ODBIIHandler
<LI><a href="#[105]">&gt;&gt;</a>&nbsp;&nbsp;&nbsp;J1939Handler
<LI><a href="#[103]">&gt;&gt;</a>&nbsp;&nbsp;&nbsp;J1587ParserPID
<LI><a href="#[a1]">&gt;&gt;</a>&nbsp;&nbsp;&nbsp;_fp_value
</UL>

<P><STRONG><a name="[96]"></a>__aeabi_i2d</STRONG> (Thumb, 34 bytes, Stack size 16 bytes, dflti.o(.text))
<BR><BR>[Stack]<UL><LI>Max Depth = 56<LI>Call Chain = __aeabi_i2d &rArr; _double_epilogue &rArr; _double_round
</UL>
<BR>[Calls]<UL><LI><a href="#[90]">&gt;&gt;</a>&nbsp;&nbsp;&nbsp;_double_epilogue
</UL>
<BR>[Called By]<UL><LI><a href="#[105]">&gt;&gt;</a>&nbsp;&nbsp;&nbsp;J1939Handler
</UL>

<P><STRONG><a name="[97]"></a>__aeabi_ui2d</STRONG> (Thumb, 26 bytes, Stack size 16 bytes, dfltui.o(.text))
<BR><BR>[Stack]<UL><LI>Max Depth = 56<LI>Call Chain = __aeabi_ui2d &rArr; _double_epilogue &rArr; _double_round
</UL>
<BR>[Calls]<UL><LI><a href="#[90]">&gt;&gt;</a>&nbsp;&nbsp;&nbsp;_double_epilogue
</UL>
<BR>[Called By]<UL><LI><a href="#[14e]">&gt;&gt;</a>&nbsp;&nbsp;&nbsp;ds18b20_read_temp
<LI><a href="#[10d]">&gt;&gt;</a>&nbsp;&nbsp;&nbsp;ODBIIHandler
<LI><a href="#[105]">&gt;&gt;</a>&nbsp;&nbsp;&nbsp;J1939Handler
<LI><a href="#[103]">&gt;&gt;</a>&nbsp;&nbsp;&nbsp;J1587ParserPID
</UL>

<P><STRONG><a name="[98]"></a>__aeabi_d2uiz</STRONG> (Thumb, 50 bytes, Stack size 8 bytes, dfixui.o(.text))
<BR><BR>[Stack]<UL><LI>Max Depth = 8<LI>Call Chain = __aeabi_d2uiz
</UL>
<BR>[Calls]<UL><LI><a href="#[85]">&gt;&gt;</a>&nbsp;&nbsp;&nbsp;__aeabi_llsr
</UL>
<BR>[Called By]<UL><LI><a href="#[190]">&gt;&gt;</a>&nbsp;&nbsp;&nbsp;serial_report_data
<LI><a href="#[10d]">&gt;&gt;</a>&nbsp;&nbsp;&nbsp;ODBIIHandler
<LI><a href="#[105]">&gt;&gt;</a>&nbsp;&nbsp;&nbsp;J1939Handler
<LI><a href="#[103]">&gt;&gt;</a>&nbsp;&nbsp;&nbsp;J1587ParserPID
</UL>

<P><STRONG><a name="[107]"></a>__aeabi_cdcmpeq</STRONG> (Thumb, 0 bytes, Stack size 0 bytes, cdcmple.o(.text))
<BR><BR>[Called By]<UL><LI><a href="#[105]">&gt;&gt;</a>&nbsp;&nbsp;&nbsp;J1939Handler
</UL>

<P><STRONG><a name="[1b0]"></a>__aeabi_cdcmple</STRONG> (Thumb, 48 bytes, Stack size 0 bytes, cdcmple.o(.text), UNUSED)

<P><STRONG><a name="[99]"></a>__aeabi_d2f</STRONG> (Thumb, 56 bytes, Stack size 8 bytes, d2f.o(.text))
<BR><BR>[Stack]<UL><LI>Max Depth = 8<LI>Call Chain = __aeabi_d2f
</UL>
<BR>[Calls]<UL><LI><a href="#[9a]">&gt;&gt;</a>&nbsp;&nbsp;&nbsp;_float_round
</UL>
<BR>[Called By]<UL><LI><a href="#[f0]">&gt;&gt;</a>&nbsp;&nbsp;&nbsp;Fuel_232_parse
<LI><a href="#[14e]">&gt;&gt;</a>&nbsp;&nbsp;&nbsp;ds18b20_read_temp
<LI><a href="#[a3]">&gt;&gt;</a>&nbsp;&nbsp;&nbsp;_scanf_really_real
</UL>

<P><STRONG><a name="[86]"></a>__aeabi_llsl</STRONG> (Thumb, 30 bytes, Stack size 0 bytes, llshl.o(.text))
<BR><BR>[Called By]<UL><LI><a href="#[8e]">&gt;&gt;</a>&nbsp;&nbsp;&nbsp;__aeabi_dadd
<LI><a href="#[84]">&gt;&gt;</a>&nbsp;&nbsp;&nbsp;__aeabi_uldivmod
<LI><a href="#[90]">&gt;&gt;</a>&nbsp;&nbsp;&nbsp;_double_epilogue
</UL>

<P><STRONG><a name="[1b1]"></a>_ll_shift_l</STRONG> (Thumb, 0 bytes, Stack size 0 bytes, llshl.o(.text), UNUSED)

<P><STRONG><a name="[85]"></a>__aeabi_llsr</STRONG> (Thumb, 32 bytes, Stack size 0 bytes, llushr.o(.text))
<BR><BR>[Called By]<UL><LI><a href="#[98]">&gt;&gt;</a>&nbsp;&nbsp;&nbsp;__aeabi_d2uiz
<LI><a href="#[84]">&gt;&gt;</a>&nbsp;&nbsp;&nbsp;__aeabi_uldivmod
<LI><a href="#[90]">&gt;&gt;</a>&nbsp;&nbsp;&nbsp;_double_epilogue
</UL>

<P><STRONG><a name="[1b2]"></a>_ll_ushift_r</STRONG> (Thumb, 0 bytes, Stack size 0 bytes, llushr.o(.text), UNUSED)

<P><STRONG><a name="[8f]"></a>__aeabi_lasr</STRONG> (Thumb, 36 bytes, Stack size 0 bytes, llsshr.o(.text))
<BR><BR>[Called By]<UL><LI><a href="#[8e]">&gt;&gt;</a>&nbsp;&nbsp;&nbsp;__aeabi_dadd
</UL>

<P><STRONG><a name="[1b3]"></a>_ll_sshift_r</STRONG> (Thumb, 0 bytes, Stack size 0 bytes, llsshr.o(.text), UNUSED)

<P><STRONG><a name="[8d]"></a>_chval</STRONG> (Thumb, 28 bytes, Stack size 0 bytes, _chval.o(.text))
<BR><BR>[Called By]<UL><LI><a href="#[8c]">&gt;&gt;</a>&nbsp;&nbsp;&nbsp;_scanf_int
</UL>

<P><STRONG><a name="[8b]"></a>__vfscanf_char</STRONG> (Thumb, 20 bytes, Stack size 0 bytes, scanf_char.o(.text))
<BR><BR>[Stack]<UL><LI>Max Depth = 192<LI>Call Chain = __vfscanf_char &rArr; __vfscanf &rArr; _scanf_real
</UL>
<BR>[Calls]<UL><LI><a href="#[9b]">&gt;&gt;</a>&nbsp;&nbsp;&nbsp;__vfscanf
</UL>
<BR>[Called By]<UL><LI><a href="#[8a]">&gt;&gt;</a>&nbsp;&nbsp;&nbsp;__0sscanf
</UL>

<P><STRONG><a name="[50]"></a>_sgetc</STRONG> (Thumb, 30 bytes, Stack size 0 bytes, _sgetc.o(.text))
<BR>[Address Reference Count : 2]<UL><LI> __0sscanf.o(.text)
<LI> strtod.o(.text)
</UL>
<P><STRONG><a name="[51]"></a>_sbackspace</STRONG> (Thumb, 34 bytes, Stack size 0 bytes, _sgetc.o(.text))
<BR>[Address Reference Count : 2]<UL><LI> __0sscanf.o(.text)
<LI> strtod.o(.text)
</UL>
<P><STRONG><a name="[9e]"></a>__strtod_int</STRONG> (Thumb, 90 bytes, Stack size 40 bytes, strtod.o(.text))
<BR><BR>[Stack]<UL><LI>Max Depth = 200<LI>Call Chain = __strtod_int &rArr; _local_sscanf &rArr; _scanf_real
</UL>
<BR>[Calls]<UL><LI><a href="#[9c]">&gt;&gt;</a>&nbsp;&nbsp;&nbsp;_local_sscanf
</UL>
<BR>[Called By]<UL><LI><a href="#[f6]">&gt;&gt;</a>&nbsp;&nbsp;&nbsp;__hardfp_atof
</UL>

<P><STRONG><a name="[1b4]"></a>__I$use$fp</STRONG> (Thumb, 0 bytes, Stack size 0 bytes, iusefp.o(.text), UNUSED)

<P><STRONG><a name="[9a]"></a>_float_round</STRONG> (Thumb, 18 bytes, Stack size 0 bytes, fepilogue.o(.text))
<BR><BR>[Called By]<UL><LI><a href="#[99]">&gt;&gt;</a>&nbsp;&nbsp;&nbsp;__aeabi_d2f
</UL>

<P><STRONG><a name="[1b5]"></a>_float_epilogue</STRONG> (Thumb, 92 bytes, Stack size 4 bytes, fepilogue.o(.text), UNUSED)

<P><STRONG><a name="[91]"></a>_double_round</STRONG> (Thumb, 30 bytes, Stack size 8 bytes, depilogue.o(.text))
<BR><BR>[Stack]<UL><LI>Max Depth = 8<LI>Call Chain = _double_round
</UL>
<BR>[Called By]<UL><LI><a href="#[8e]">&gt;&gt;</a>&nbsp;&nbsp;&nbsp;__aeabi_dadd
<LI><a href="#[95]">&gt;&gt;</a>&nbsp;&nbsp;&nbsp;__aeabi_ddiv
<LI><a href="#[90]">&gt;&gt;</a>&nbsp;&nbsp;&nbsp;_double_epilogue
</UL>

<P><STRONG><a name="[90]"></a>_double_epilogue</STRONG> (Thumb, 156 bytes, Stack size 32 bytes, depilogue.o(.text))
<BR><BR>[Stack]<UL><LI>Max Depth = 40<LI>Call Chain = _double_epilogue &rArr; _double_round
</UL>
<BR>[Calls]<UL><LI><a href="#[85]">&gt;&gt;</a>&nbsp;&nbsp;&nbsp;__aeabi_llsr
<LI><a href="#[86]">&gt;&gt;</a>&nbsp;&nbsp;&nbsp;__aeabi_llsl
<LI><a href="#[91]">&gt;&gt;</a>&nbsp;&nbsp;&nbsp;_double_round
</UL>
<BR>[Called By]<UL><LI><a href="#[94]">&gt;&gt;</a>&nbsp;&nbsp;&nbsp;__aeabi_dmul
<LI><a href="#[96]">&gt;&gt;</a>&nbsp;&nbsp;&nbsp;__aeabi_i2d
<LI><a href="#[8e]">&gt;&gt;</a>&nbsp;&nbsp;&nbsp;__aeabi_dadd
<LI><a href="#[97]">&gt;&gt;</a>&nbsp;&nbsp;&nbsp;__aeabi_ui2d
<LI><a href="#[a2]">&gt;&gt;</a>&nbsp;&nbsp;&nbsp;__aeabi_ul2d
</UL>

<P><STRONG><a name="[7a]"></a>__scatterload</STRONG> (Thumb, 28 bytes, Stack size 0 bytes, init.o(.text))
<BR><BR>[Calls]<UL><LI><a href="#[9f]">&gt;&gt;</a>&nbsp;&nbsp;&nbsp;__main_after_scatterload
</UL>
<BR>[Called By]<UL><LI><a href="#[79]">&gt;&gt;</a>&nbsp;&nbsp;&nbsp;_main_scatterload
</UL>

<P><STRONG><a name="[1b6]"></a>__scatterload_rt2</STRONG> (Thumb, 0 bytes, Stack size 0 bytes, init.o(.text), UNUSED)

<P><STRONG><a name="[53]"></a>isspace</STRONG> (Thumb, 10 bytes, Stack size 0 bytes, isspace_c.o(.text))
<BR><BR>[Calls]<UL><LI><a href="#[a0]">&gt;&gt;</a>&nbsp;&nbsp;&nbsp;__ctype_lookup
</UL>
<BR>[Address Reference Count : 2]<UL><LI> scanf_char.o(.text)
<LI> strtod.o(.text)
</UL>
<P><STRONG><a name="[9b]"></a>__vfscanf</STRONG> (Thumb, 810 bytes, Stack size 88 bytes, _scanf.o(.text))
<BR><BR>[Stack]<UL><LI>Max Depth = 192<LI>Call Chain = __vfscanf &rArr; _scanf_real
</UL>
<BR>[Calls]<UL><LI><a href="#[9d]">&gt;&gt;</a>&nbsp;&nbsp;&nbsp;_scanf_real
<LI><a href="#[8c]">&gt;&gt;</a>&nbsp;&nbsp;&nbsp;_scanf_int
</UL>
<BR>[Called By]<UL><LI><a href="#[8b]">&gt;&gt;</a>&nbsp;&nbsp;&nbsp;__vfscanf_char
</UL>

<P><STRONG><a name="[9d]"></a>_scanf_real</STRONG> (Thumb, 0 bytes, Stack size 104 bytes, scanf_fp.o(.text))
<BR><BR>[Stack]<UL><LI>Max Depth = 104<LI>Call Chain = _scanf_real
</UL>
<BR>[Called By]<UL><LI><a href="#[9b]">&gt;&gt;</a>&nbsp;&nbsp;&nbsp;__vfscanf
<LI><a href="#[9c]">&gt;&gt;</a>&nbsp;&nbsp;&nbsp;_local_sscanf
</UL>

<P><STRONG><a name="[a3]"></a>_scanf_really_real</STRONG> (Thumb, 556 bytes, Stack size 104 bytes, scanf_fp.o(.text), UNUSED)
<BR><BR>[Calls]<UL><LI><a href="#[99]">&gt;&gt;</a>&nbsp;&nbsp;&nbsp;__aeabi_d2f
<LI><a href="#[a4]">&gt;&gt;</a>&nbsp;&nbsp;&nbsp;_is_digit
<LI><a href="#[a1]">&gt;&gt;</a>&nbsp;&nbsp;&nbsp;_fp_value
</UL>

<P><STRONG><a name="[a0]"></a>__ctype_lookup</STRONG> (Thumb, 34 bytes, Stack size 0 bytes, ctype_c.o(.text))
<BR><BR>[Called By]<UL><LI><a href="#[53]">&gt;&gt;</a>&nbsp;&nbsp;&nbsp;isspace
</UL>

<P><STRONG><a name="[a2]"></a>__aeabi_ul2d</STRONG> (Thumb, 24 bytes, Stack size 16 bytes, dfltul.o(.text), UNUSED)
<BR><BR>[Calls]<UL><LI><a href="#[90]">&gt;&gt;</a>&nbsp;&nbsp;&nbsp;_double_epilogue
</UL>
<BR>[Called By]<UL><LI><a href="#[a1]">&gt;&gt;</a>&nbsp;&nbsp;&nbsp;_fp_value
</UL>

<P><STRONG><a name="[1b7]"></a>__decompress</STRONG> (Thumb, 0 bytes, Stack size unknown bytes, __dczerorl2.o(.text), UNUSED)

<P><STRONG><a name="[1b8]"></a>__decompress1</STRONG> (Thumb, 86 bytes, Stack size unknown bytes, __dczerorl2.o(.text), UNUSED)

<P><STRONG><a name="[b7]"></a>ADC_Cmd</STRONG> (Thumb, 20 bytes, Stack size 0 bytes, stm32f30x_adc.o(i.ADC_Cmd))
<BR><BR>[Called By]<UL><LI><a href="#[a5]">&gt;&gt;</a>&nbsp;&nbsp;&nbsp;ADC_Initialize
</UL>

<P><STRONG><a name="[b1]"></a>ADC_CommonInit</STRONG> (Thumb, 72 bytes, Stack size 20 bytes, stm32f30x_adc.o(i.ADC_CommonInit))
<BR><BR>[Stack]<UL><LI>Max Depth = 20<LI>Call Chain = ADC_CommonInit
</UL>
<BR>[Called By]<UL><LI><a href="#[a5]">&gt;&gt;</a>&nbsp;&nbsp;&nbsp;ADC_Initialize
</UL>

<P><STRONG><a name="[b6]"></a>ADC_DMACmd</STRONG> (Thumb, 20 bytes, Stack size 0 bytes, stm32f30x_adc.o(i.ADC_DMACmd))
<BR><BR>[Called By]<UL><LI><a href="#[a5]">&gt;&gt;</a>&nbsp;&nbsp;&nbsp;ADC_Initialize
</UL>

<P><STRONG><a name="[b4]"></a>ADC_DMAConfig</STRONG> (Thumb, 16 bytes, Stack size 0 bytes, stm32f30x_adc.o(i.ADC_DMAConfig))
<BR><BR>[Called By]<UL><LI><a href="#[a5]">&gt;&gt;</a>&nbsp;&nbsp;&nbsp;ADC_Initialize
</UL>

<P><STRONG><a name="[b0]"></a>ADC_GetCalibrationStatus</STRONG> (Thumb, 14 bytes, Stack size 0 bytes, stm32f30x_adc.o(i.ADC_GetCalibrationStatus))
<BR><BR>[Called By]<UL><LI><a href="#[a5]">&gt;&gt;</a>&nbsp;&nbsp;&nbsp;ADC_Initialize
</UL>

<P><STRONG><a name="[b8]"></a>ADC_GetFlagStatus</STRONG> (Thumb, 14 bytes, Stack size 0 bytes, stm32f30x_adc.o(i.ADC_GetFlagStatus))
<BR><BR>[Called By]<UL><LI><a href="#[a5]">&gt;&gt;</a>&nbsp;&nbsp;&nbsp;ADC_Initialize
</UL>

<P><STRONG><a name="[b2]"></a>ADC_Init</STRONG> (Thumb, 54 bytes, Stack size 12 bytes, stm32f30x_adc.o(i.ADC_Init))
<BR><BR>[Stack]<UL><LI>Max Depth = 12<LI>Call Chain = ADC_Init
</UL>
<BR>[Called By]<UL><LI><a href="#[a5]">&gt;&gt;</a>&nbsp;&nbsp;&nbsp;ADC_Initialize
</UL>

<P><STRONG><a name="[b3]"></a>ADC_RegularChannelConfig</STRONG> (Thumb, 172 bytes, Stack size 12 bytes, stm32f30x_adc.o(i.ADC_RegularChannelConfig))
<BR><BR>[Stack]<UL><LI>Max Depth = 12<LI>Call Chain = ADC_RegularChannelConfig
</UL>
<BR>[Called By]<UL><LI><a href="#[a5]">&gt;&gt;</a>&nbsp;&nbsp;&nbsp;ADC_Initialize
</UL>

<P><STRONG><a name="[ae]"></a>ADC_SelectCalibrationMode</STRONG> (Thumb, 16 bytes, Stack size 0 bytes, stm32f30x_adc.o(i.ADC_SelectCalibrationMode))
<BR><BR>[Called By]<UL><LI><a href="#[a5]">&gt;&gt;</a>&nbsp;&nbsp;&nbsp;ADC_Initialize
</UL>

<P><STRONG><a name="[af]"></a>ADC_StartCalibration</STRONG> (Thumb, 10 bytes, Stack size 0 bytes, stm32f30x_adc.o(i.ADC_StartCalibration))
<BR><BR>[Called By]<UL><LI><a href="#[a5]">&gt;&gt;</a>&nbsp;&nbsp;&nbsp;ADC_Initialize
</UL>

<P><STRONG><a name="[ba]"></a>ADC_StartConversion</STRONG> (Thumb, 10 bytes, Stack size 0 bytes, stm32f30x_adc.o(i.ADC_StartConversion))
<BR><BR>[Called By]<UL><LI><a href="#[a5]">&gt;&gt;</a>&nbsp;&nbsp;&nbsp;ADC_Initialize
</UL>

<P><STRONG><a name="[ab]"></a>ADC_StructInit</STRONG> (Thumb, 22 bytes, Stack size 0 bytes, stm32f30x_adc.o(i.ADC_StructInit))
<BR><BR>[Called By]<UL><LI><a href="#[a5]">&gt;&gt;</a>&nbsp;&nbsp;&nbsp;ADC_Initialize
</UL>

<P><STRONG><a name="[ac]"></a>ADC_VoltageRegulatorCmd</STRONG> (Thumb, 28 bytes, Stack size 0 bytes, stm32f30x_adc.o(i.ADC_VoltageRegulatorCmd))
<BR><BR>[Called By]<UL><LI><a href="#[a5]">&gt;&gt;</a>&nbsp;&nbsp;&nbsp;ADC_Initialize
</UL>

<P><STRONG><a name="[be]"></a>ArraySort</STRONG> (Thumb, 46 bytes, Stack size 16 bytes, utils.o(i.ArraySort))
<BR><BR>[Stack]<UL><LI>Max Depth = 16<LI>Call Chain = ArraySort
</UL>
<BR>[Called By]<UL><LI><a href="#[c0]">&gt;&gt;</a>&nbsp;&nbsp;&nbsp;BAT_fillter_values
<LI><a href="#[bf]">&gt;&gt;</a>&nbsp;&nbsp;&nbsp;ADC_fillter_values
<LI><a href="#[bb]">&gt;&gt;</a>&nbsp;&nbsp;&nbsp;ADC_ReadFuelValue
</UL>

<P><STRONG><a name="[4]"></a>BusFault_Handler</STRONG> (Thumb, 8 bytes, Stack size 0 bytes, stm32f30x_it.o(i.BusFault_Handler))
<BR><BR>[Stack]<UL><LI>Max Depth = 48<LI>Call Chain = BusFault_Handler &rArr; PrintError &rArr; UART_SendByte
</UL>
<BR>[Calls]<UL><LI><a href="#[c1]">&gt;&gt;</a>&nbsp;&nbsp;&nbsp;PrintError
</UL>
<BR>[Address Reference Count : 1]<UL><LI> startup_stm32f302xc.o(RESET)
</UL>
<P><STRONG><a name="[141]"></a>CAN_ClearITPendingBit</STRONG> (Thumb, 116 bytes, Stack size 12 bytes, stm32f30x_can.o(i.CAN_ClearITPendingBit))
<BR><BR>[Stack]<UL><LI>Max Depth = 12<LI>Call Chain = CAN_ClearITPendingBit
</UL>
<BR>[Called By]<UL><LI><a href="#[1e]">&gt;&gt;</a>&nbsp;&nbsp;&nbsp;USB_LP_CAN1_RX0_IRQHandler
</UL>

<P><STRONG><a name="[ca]"></a>CAN_DeInit</STRONG> (Thumb, 24 bytes, Stack size 8 bytes, stm32f30x_can.o(i.CAN_DeInit))
<BR><BR>[Stack]<UL><LI>Max Depth = 8<LI>Call Chain = CAN_DeInit
</UL>
<BR>[Calls]<UL><LI><a href="#[d1]">&gt;&gt;</a>&nbsp;&nbsp;&nbsp;RCC_APB1PeriphResetCmd
</UL>
<BR>[Called By]<UL><LI><a href="#[74]">&gt;&gt;</a>&nbsp;&nbsp;&nbsp;vJ1939Task
<LI><a href="#[c8]">&gt;&gt;</a>&nbsp;&nbsp;&nbsp;CAN_Config
</UL>

<P><STRONG><a name="[ce]"></a>CAN_FilterInit</STRONG> (Thumb, 194 bytes, Stack size 20 bytes, stm32f30x_can.o(i.CAN_FilterInit))
<BR><BR>[Stack]<UL><LI>Max Depth = 20<LI>Call Chain = CAN_FilterInit
</UL>
<BR>[Called By]<UL><LI><a href="#[c8]">&gt;&gt;</a>&nbsp;&nbsp;&nbsp;CAN_Config
</UL>

<P><STRONG><a name="[d2]"></a>CAN_GetITStatus</STRONG> (Thumb, 162 bytes, Stack size 0 bytes, stm32f30x_can.o(i.CAN_GetITStatus))
<BR><BR>[Calls]<UL><LI><a href="#[d3]">&gt;&gt;</a>&nbsp;&nbsp;&nbsp;CheckITStatus
</UL>
<BR>[Called By]<UL><LI><a href="#[1e]">&gt;&gt;</a>&nbsp;&nbsp;&nbsp;USB_LP_CAN1_RX0_IRQHandler
</UL>

<P><STRONG><a name="[cf]"></a>CAN_ITConfig</STRONG> (Thumb, 16 bytes, Stack size 0 bytes, stm32f30x_can.o(i.CAN_ITConfig))
<BR><BR>[Called By]<UL><LI><a href="#[c8]">&gt;&gt;</a>&nbsp;&nbsp;&nbsp;CAN_Config
</UL>

<P><STRONG><a name="[cd]"></a>CAN_Init</STRONG> (Thumb, 242 bytes, Stack size 16 bytes, stm32f30x_can.o(i.CAN_Init))
<BR><BR>[Stack]<UL><LI>Max Depth = 16<LI>Call Chain = CAN_Init
</UL>
<BR>[Called By]<UL><LI><a href="#[c8]">&gt;&gt;</a>&nbsp;&nbsp;&nbsp;CAN_Config
</UL>

<P><STRONG><a name="[140]"></a>CAN_Receive</STRONG> (Thumb, 142 bytes, Stack size 8 bytes, stm32f30x_can.o(i.CAN_Receive))
<BR><BR>[Stack]<UL><LI>Max Depth = 8<LI>Call Chain = CAN_Receive
</UL>
<BR>[Called By]<UL><LI><a href="#[1e]">&gt;&gt;</a>&nbsp;&nbsp;&nbsp;USB_LP_CAN1_RX0_IRQHandler
</UL>

<P><STRONG><a name="[cc]"></a>CAN_StructInit</STRONG> (Thumb, 32 bytes, Stack size 0 bytes, stm32f30x_can.o(i.CAN_StructInit))
<BR><BR>[Called By]<UL><LI><a href="#[c8]">&gt;&gt;</a>&nbsp;&nbsp;&nbsp;CAN_Config
</UL>

<P><STRONG><a name="[109]"></a>CAN_Transmit</STRONG> (Thumb, 190 bytes, Stack size 12 bytes, stm32f30x_can.o(i.CAN_Transmit))
<BR><BR>[Stack]<UL><LI>Max Depth = 12<LI>Call Chain = CAN_Transmit
</UL>
<BR>[Called By]<UL><LI><a href="#[10f]">&gt;&gt;</a>&nbsp;&nbsp;&nbsp;SendRequest_continuos
<LI><a href="#[115]">&gt;&gt;</a>&nbsp;&nbsp;&nbsp;SendRequest
<LI><a href="#[108]">&gt;&gt;</a>&nbsp;&nbsp;&nbsp;J1939_Request_PGN
</UL>

<P><STRONG><a name="[d4]"></a>CAN_service_init</STRONG> (Thumb, 38 bytes, Stack size 8 bytes, canbus.o(i.CAN_service_init))
<BR><BR>[Stack]<UL><LI>Max Depth = 80<LI>Call Chain = CAN_service_init &rArr; osThreadCreate &rArr; svcThreadCreate &rArr; rt_tsk_create &rArr; rt_init_context &rArr; rt_init_stack
</UL>
<BR>[Calls]<UL><LI><a href="#[7d]">&gt;&gt;</a>&nbsp;&nbsp;&nbsp;osThreadCreate
</UL>
<BR>[Called By]<UL><LI><a href="#[f8]">&gt;&gt;</a>&nbsp;&nbsp;&nbsp;Init_Thread
</UL>

<P><STRONG><a name="[d5]"></a>CLS2_check_mes</STRONG> (Thumb, 72 bytes, Stack size 24 bytes, utils.o(i.CLS2_check_mes))
<BR><BR>[Stack]<UL><LI>Max Depth = 288<LI>Call Chain = CLS2_check_mes &rArr; __0sscanf &rArr; __vfscanf_char &rArr; __vfscanf &rArr; _scanf_real
</UL>
<BR>[Calls]<UL><LI><a href="#[8a]">&gt;&gt;</a>&nbsp;&nbsp;&nbsp;__0sscanf
</UL>
<BR>[Called By]<UL><LI><a href="#[f0]">&gt;&gt;</a>&nbsp;&nbsp;&nbsp;Fuel_232_parse
</UL>

<P><STRONG><a name="[128]"></a>CRC32Software</STRONG> (Thumb, 44 bytes, Stack size 16 bytes, utils.o(i.CRC32Software))
<BR><BR>[Stack]<UL><LI>Max Depth = 16<LI>Call Chain = CRC32Software
</UL>
<BR>[Called By]<UL><LI><a href="#[124]">&gt;&gt;</a>&nbsp;&nbsp;&nbsp;Serial_Parse
</UL>

<P><STRONG><a name="[f2]"></a>CRC_8BitsCompute</STRONG> (Thumb, 24 bytes, Stack size 8 bytes, utils.o(i.CRC_8BitsCompute))
<BR><BR>[Stack]<UL><LI>Max Depth = 8<LI>Call Chain = CRC_8BitsCompute
</UL>
<BR>[Called By]<UL><LI><a href="#[f0]">&gt;&gt;</a>&nbsp;&nbsp;&nbsp;Fuel_232_parse
<LI><a href="#[6d]">&gt;&gt;</a>&nbsp;&nbsp;&nbsp;vSerialTask
<LI><a href="#[190]">&gt;&gt;</a>&nbsp;&nbsp;&nbsp;serial_report_data
<LI><a href="#[124]">&gt;&gt;</a>&nbsp;&nbsp;&nbsp;Serial_Parse
<LI><a href="#[11a]">&gt;&gt;</a>&nbsp;&nbsp;&nbsp;SerialPushBufferWithCS
</UL>

<P><STRONG><a name="[15]"></a>DMA1_Channel1_IRQHandler</STRONG> (Thumb, 24 bytes, Stack size 8 bytes, power.o(i.DMA1_Channel1_IRQHandler))
<BR><BR>[Stack]<UL><LI>Max Depth = 8<LI>Call Chain = DMA1_Channel1_IRQHandler
</UL>
<BR>[Calls]<UL><LI><a href="#[bc]">&gt;&gt;</a>&nbsp;&nbsp;&nbsp;DMA_GetITStatus
<LI><a href="#[bd]">&gt;&gt;</a>&nbsp;&nbsp;&nbsp;DMA_ClearITPendingBit
</UL>
<BR>[Address Reference Count : 1]<UL><LI> startup_stm32f302xc.o(RESET)
</UL>
<P><STRONG><a name="[bd]"></a>DMA_ClearITPendingBit</STRONG> (Thumb, 16 bytes, Stack size 0 bytes, stm32f30x_dma.o(i.DMA_ClearITPendingBit))
<BR><BR>[Called By]<UL><LI><a href="#[15]">&gt;&gt;</a>&nbsp;&nbsp;&nbsp;DMA1_Channel1_IRQHandler
<LI><a href="#[bb]">&gt;&gt;</a>&nbsp;&nbsp;&nbsp;ADC_ReadFuelValue
</UL>

<P><STRONG><a name="[b9]"></a>DMA_Cmd</STRONG> (Thumb, 22 bytes, Stack size 0 bytes, stm32f30x_dma.o(i.DMA_Cmd))
<BR><BR>[Called By]<UL><LI><a href="#[a5]">&gt;&gt;</a>&nbsp;&nbsp;&nbsp;ADC_Initialize
</UL>

<P><STRONG><a name="[a9]"></a>DMA_DeInit</STRONG> (Thumb, 218 bytes, Stack size 0 bytes, stm32f30x_dma.o(i.DMA_DeInit))
<BR><BR>[Called By]<UL><LI><a href="#[a5]">&gt;&gt;</a>&nbsp;&nbsp;&nbsp;ADC_Initialize
</UL>

<P><STRONG><a name="[bc]"></a>DMA_GetITStatus</STRONG> (Thumb, 24 bytes, Stack size 0 bytes, stm32f30x_dma.o(i.DMA_GetITStatus))
<BR><BR>[Called By]<UL><LI><a href="#[15]">&gt;&gt;</a>&nbsp;&nbsp;&nbsp;DMA1_Channel1_IRQHandler
<LI><a href="#[bb]">&gt;&gt;</a>&nbsp;&nbsp;&nbsp;ADC_ReadFuelValue
</UL>

<P><STRONG><a name="[b5]"></a>DMA_ITConfig</STRONG> (Thumb, 16 bytes, Stack size 0 bytes, stm32f30x_dma.o(i.DMA_ITConfig))
<BR><BR>[Called By]<UL><LI><a href="#[a5]">&gt;&gt;</a>&nbsp;&nbsp;&nbsp;ADC_Initialize
</UL>

<P><STRONG><a name="[aa]"></a>DMA_Init</STRONG> (Thumb, 58 bytes, Stack size 12 bytes, stm32f30x_dma.o(i.DMA_Init))
<BR><BR>[Stack]<UL><LI>Max Depth = 12<LI>Call Chain = DMA_Init
</UL>
<BR>[Called By]<UL><LI><a href="#[a5]">&gt;&gt;</a>&nbsp;&nbsp;&nbsp;ADC_Initialize
</UL>

<P><STRONG><a name="[d6]"></a>DS18B20_Init</STRONG> (Thumb, 20 bytes, Stack size 8 bytes, ds18b20.o(i.DS18B20_Init))
<BR><BR>[Stack]<UL><LI>Max Depth = 80<LI>Call Chain = DS18B20_Init &rArr; osThreadCreate &rArr; svcThreadCreate &rArr; rt_tsk_create &rArr; rt_init_context &rArr; rt_init_stack
</UL>
<BR>[Calls]<UL><LI><a href="#[7d]">&gt;&gt;</a>&nbsp;&nbsp;&nbsp;osThreadCreate
<LI><a href="#[d7]">&gt;&gt;</a>&nbsp;&nbsp;&nbsp;config_GPIO
</UL>
<BR>[Called By]<UL><LI><a href="#[f8]">&gt;&gt;</a>&nbsp;&nbsp;&nbsp;Init_Thread
</UL>

<P><STRONG><a name="[19d]"></a>DWT_Delay_Init</STRONG> (Thumb, 58 bytes, Stack size 0 bytes, ds18b20.o(i.DWT_Delay_Init))
<BR><BR>[Called By]<UL><LI><a href="#[76]">&gt;&gt;</a>&nbsp;&nbsp;&nbsp;threadDS18B20
</UL>

<P><STRONG><a name="[7]"></a>DebugMon_Handler</STRONG> (Thumb, 8 bytes, Stack size 0 bytes, stm32f30x_it.o(i.DebugMon_Handler))
<BR><BR>[Stack]<UL><LI>Max Depth = 48<LI>Call Chain = DebugMon_Handler &rArr; PrintError &rArr; UART_SendByte
</UL>
<BR>[Calls]<UL><LI><a href="#[c1]">&gt;&gt;</a>&nbsp;&nbsp;&nbsp;PrintError
</UL>
<BR>[Address Reference Count : 1]<UL><LI> startup_stm32f302xc.o(RESET)
</UL>
<P><STRONG><a name="[d8]"></a>EC21_PW_Reset</STRONG> (Thumb, 48 bytes, Stack size 24 bytes, power.o(i.EC21_PW_Reset))
<BR><BR>[Stack]<UL><LI>Max Depth = 24<LI>Call Chain = EC21_PW_Reset
</UL>
<BR>[Calls]<UL><LI><a href="#[d9]">&gt;&gt;</a>&nbsp;&nbsp;&nbsp;GPIO_SetBits
<LI><a href="#[c6]">&gt;&gt;</a>&nbsp;&nbsp;&nbsp;GPIO_ResetBits
<LI><a href="#[ad]">&gt;&gt;</a>&nbsp;&nbsp;&nbsp;osDelay
</UL>
<BR>[Called By]<UL><LI><a href="#[6e]">&gt;&gt;</a>&nbsp;&nbsp;&nbsp;vPowerTask
<LI><a href="#[6d]">&gt;&gt;</a>&nbsp;&nbsp;&nbsp;vSerialTask
</UL>

<P><STRONG><a name="[dc]"></a>ECUJ1587_Data_Request</STRONG> (Thumb, 78 bytes, Stack size 16 bytes, digital.o(i.ECUJ1587_Data_Request))
<BR><BR>[Stack]<UL><LI>Max Depth = 40<LI>Call Chain = ECUJ1587_Data_Request &rArr; UART_SendByte
</UL>
<BR>[Calls]<UL><LI><a href="#[d9]">&gt;&gt;</a>&nbsp;&nbsp;&nbsp;GPIO_SetBits
<LI><a href="#[c6]">&gt;&gt;</a>&nbsp;&nbsp;&nbsp;GPIO_ResetBits
<LI><a href="#[dd]">&gt;&gt;</a>&nbsp;&nbsp;&nbsp;UART_SendByte
<LI><a href="#[ad]">&gt;&gt;</a>&nbsp;&nbsp;&nbsp;osDelay
</UL>
<BR>[Called By]<UL><LI><a href="#[102]">&gt;&gt;</a>&nbsp;&nbsp;&nbsp;J1587HandlerRequest
</UL>

<P><STRONG><a name="[10]"></a>EXTI0_IRQHandler</STRONG> (Thumb, 106 bytes, Stack size 16 bytes, power.o(i.EXTI0_IRQHandler))
<BR><BR>[Stack]<UL><LI>Max Depth = 16<LI>Call Chain = EXTI0_IRQHandler
</UL>
<BR>[Calls]<UL><LI><a href="#[de]">&gt;&gt;</a>&nbsp;&nbsp;&nbsp;EXTI_GetITStatus
<LI><a href="#[e0]">&gt;&gt;</a>&nbsp;&nbsp;&nbsp;EXTI_ClearITPendingBit
<LI><a href="#[df]">&gt;&gt;</a>&nbsp;&nbsp;&nbsp;GPIO_ReadInputDataBit
</UL>
<BR>[Address Reference Count : 1]<UL><LI> startup_stm32f302xc.o(RESET)
</UL>
<P><STRONG><a name="[e0]"></a>EXTI_ClearITPendingBit</STRONG> (Thumb, 22 bytes, Stack size 0 bytes, stm32f30x_exti.o(i.EXTI_ClearITPendingBit))
<BR><BR>[Called By]<UL><LI><a href="#[10]">&gt;&gt;</a>&nbsp;&nbsp;&nbsp;EXTI0_IRQHandler
</UL>

<P><STRONG><a name="[de]"></a>EXTI_GetITStatus</STRONG> (Thumb, 32 bytes, Stack size 0 bytes, stm32f30x_exti.o(i.EXTI_GetITStatus))
<BR><BR>[Called By]<UL><LI><a href="#[10]">&gt;&gt;</a>&nbsp;&nbsp;&nbsp;EXTI0_IRQHandler
</UL>

<P><STRONG><a name="[ee]"></a>EXTI_Init</STRONG> (Thumb, 240 bytes, Stack size 20 bytes, stm32f30x_exti.o(i.EXTI_Init))
<BR><BR>[Stack]<UL><LI>Max Depth = 20<LI>Call Chain = EXTI_Init
</UL>
<BR>[Called By]<UL><LI><a href="#[eb]">&gt;&gt;</a>&nbsp;&nbsp;&nbsp;FuelCyclesConfig
</UL>

<P><STRONG><a name="[e8]"></a>FLASH_ClearFlag</STRONG> (Thumb, 6 bytes, Stack size 0 bytes, stm32f30x_flash.o(i.FLASH_ClearFlag))
<BR><BR>[Called By]<UL><LI><a href="#[db]">&gt;&gt;</a>&nbsp;&nbsp;&nbsp;FLASH_WriteData
<LI><a href="#[e5]">&gt;&gt;</a>&nbsp;&nbsp;&nbsp;FLASH_WriteBufData
</UL>

<P><STRONG><a name="[e1]"></a>FLASH_ErasePage</STRONG> (Thumb, 54 bytes, Stack size 16 bytes, stm32f30x_flash.o(i.FLASH_ErasePage))
<BR><BR>[Stack]<UL><LI>Max Depth = 20<LI>Call Chain = FLASH_ErasePage &rArr; FLASH_WaitForLastOperation
</UL>
<BR>[Calls]<UL><LI><a href="#[e2]">&gt;&gt;</a>&nbsp;&nbsp;&nbsp;FLASH_WaitForLastOperation
</UL>
<BR>[Called By]<UL><LI><a href="#[db]">&gt;&gt;</a>&nbsp;&nbsp;&nbsp;FLASH_WriteData
<LI><a href="#[e5]">&gt;&gt;</a>&nbsp;&nbsp;&nbsp;FLASH_WriteBufData
</UL>

<P><STRONG><a name="[e4]"></a>FLASH_GetStatus</STRONG> (Thumb, 34 bytes, Stack size 0 bytes, stm32f30x_flash.o(i.FLASH_GetStatus))
<BR><BR>[Called By]<UL><LI><a href="#[e2]">&gt;&gt;</a>&nbsp;&nbsp;&nbsp;FLASH_WaitForLastOperation
</UL>

<P><STRONG><a name="[e9]"></a>FLASH_Lock</STRONG> (Thumb, 12 bytes, Stack size 0 bytes, stm32f30x_flash.o(i.FLASH_Lock))
<BR><BR>[Called By]<UL><LI><a href="#[db]">&gt;&gt;</a>&nbsp;&nbsp;&nbsp;FLASH_WriteData
<LI><a href="#[e5]">&gt;&gt;</a>&nbsp;&nbsp;&nbsp;FLASH_WriteBufData
</UL>

<P><STRONG><a name="[e3]"></a>FLASH_ProgramWord</STRONG> (Thumb, 70 bytes, Stack size 24 bytes, stm32f30x_flash.o(i.FLASH_ProgramWord))
<BR><BR>[Stack]<UL><LI>Max Depth = 28<LI>Call Chain = FLASH_ProgramWord &rArr; FLASH_WaitForLastOperation
</UL>
<BR>[Calls]<UL><LI><a href="#[e2]">&gt;&gt;</a>&nbsp;&nbsp;&nbsp;FLASH_WaitForLastOperation
</UL>
<BR>[Called By]<UL><LI><a href="#[db]">&gt;&gt;</a>&nbsp;&nbsp;&nbsp;FLASH_WriteData
<LI><a href="#[e5]">&gt;&gt;</a>&nbsp;&nbsp;&nbsp;FLASH_WriteBufData
</UL>

<P><STRONG><a name="[127]"></a>FLASH_ReadBufData</STRONG> (Thumb, 32 bytes, Stack size 8 bytes, flash.o(i.FLASH_ReadBufData))
<BR><BR>[Stack]<UL><LI>Max Depth = 8<LI>Call Chain = FLASH_ReadBufData
</UL>
<BR>[Called By]<UL><LI><a href="#[124]">&gt;&gt;</a>&nbsp;&nbsp;&nbsp;Serial_Parse
</UL>

<P><STRONG><a name="[15e]"></a>FLASH_ReadData</STRONG> (Thumb, 4 bytes, Stack size 0 bytes, flash.o(i.FLASH_ReadData))
<BR><BR>[Called By]<UL><LI><a href="#[6e]">&gt;&gt;</a>&nbsp;&nbsp;&nbsp;vPowerTask
<LI><a href="#[f9]">&gt;&gt;</a>&nbsp;&nbsp;&nbsp;load_mcu_config
</UL>

<P><STRONG><a name="[e7]"></a>FLASH_Unlock</STRONG> (Thumb, 18 bytes, Stack size 0 bytes, stm32f30x_flash.o(i.FLASH_Unlock))
<BR><BR>[Called By]<UL><LI><a href="#[db]">&gt;&gt;</a>&nbsp;&nbsp;&nbsp;FLASH_WriteData
<LI><a href="#[e5]">&gt;&gt;</a>&nbsp;&nbsp;&nbsp;FLASH_WriteBufData
</UL>

<P><STRONG><a name="[e2]"></a>FLASH_WaitForLastOperation</STRONG> (Thumb, 34 bytes, Stack size 4 bytes, stm32f30x_flash.o(i.FLASH_WaitForLastOperation))
<BR><BR>[Stack]<UL><LI>Max Depth = 4<LI>Call Chain = FLASH_WaitForLastOperation
</UL>
<BR>[Calls]<UL><LI><a href="#[e4]">&gt;&gt;</a>&nbsp;&nbsp;&nbsp;FLASH_GetStatus
</UL>
<BR>[Called By]<UL><LI><a href="#[db]">&gt;&gt;</a>&nbsp;&nbsp;&nbsp;FLASH_WriteData
<LI><a href="#[e5]">&gt;&gt;</a>&nbsp;&nbsp;&nbsp;FLASH_WriteBufData
<LI><a href="#[e3]">&gt;&gt;</a>&nbsp;&nbsp;&nbsp;FLASH_ProgramWord
<LI><a href="#[e1]">&gt;&gt;</a>&nbsp;&nbsp;&nbsp;FLASH_ErasePage
</UL>

<P><STRONG><a name="[e5]"></a>FLASH_WriteBufData</STRONG> (Thumb, 96 bytes, Stack size 24 bytes, flash.o(i.FLASH_WriteBufData))
<BR><BR>[Stack]<UL><LI>Max Depth = 52<LI>Call Chain = FLASH_WriteBufData &rArr; FLASH_ProgramWord &rArr; FLASH_WaitForLastOperation
</UL>
<BR>[Calls]<UL><LI><a href="#[e2]">&gt;&gt;</a>&nbsp;&nbsp;&nbsp;FLASH_WaitForLastOperation
<LI><a href="#[e7]">&gt;&gt;</a>&nbsp;&nbsp;&nbsp;FLASH_Unlock
<LI><a href="#[e3]">&gt;&gt;</a>&nbsp;&nbsp;&nbsp;FLASH_ProgramWord
<LI><a href="#[e9]">&gt;&gt;</a>&nbsp;&nbsp;&nbsp;FLASH_Lock
<LI><a href="#[e1]">&gt;&gt;</a>&nbsp;&nbsp;&nbsp;FLASH_ErasePage
<LI><a href="#[e8]">&gt;&gt;</a>&nbsp;&nbsp;&nbsp;FLASH_ClearFlag
<LI><a href="#[ea]">&gt;&gt;</a>&nbsp;&nbsp;&nbsp;enable_irqn
<LI><a href="#[e6]">&gt;&gt;</a>&nbsp;&nbsp;&nbsp;disable_irqn
</UL>
<BR>[Called By]<UL><LI><a href="#[124]">&gt;&gt;</a>&nbsp;&nbsp;&nbsp;Serial_Parse
</UL>

<P><STRONG><a name="[db]"></a>FLASH_WriteData</STRONG> (Thumb, 112 bytes, Stack size 16 bytes, flash.o(i.FLASH_WriteData))
<BR><BR>[Stack]<UL><LI>Max Depth = 44<LI>Call Chain = FLASH_WriteData &rArr; FLASH_ProgramWord &rArr; FLASH_WaitForLastOperation
</UL>
<BR>[Calls]<UL><LI><a href="#[ad]">&gt;&gt;</a>&nbsp;&nbsp;&nbsp;osDelay
<LI><a href="#[e2]">&gt;&gt;</a>&nbsp;&nbsp;&nbsp;FLASH_WaitForLastOperation
<LI><a href="#[e7]">&gt;&gt;</a>&nbsp;&nbsp;&nbsp;FLASH_Unlock
<LI><a href="#[e3]">&gt;&gt;</a>&nbsp;&nbsp;&nbsp;FLASH_ProgramWord
<LI><a href="#[e9]">&gt;&gt;</a>&nbsp;&nbsp;&nbsp;FLASH_Lock
<LI><a href="#[e1]">&gt;&gt;</a>&nbsp;&nbsp;&nbsp;FLASH_ErasePage
<LI><a href="#[e8]">&gt;&gt;</a>&nbsp;&nbsp;&nbsp;FLASH_ClearFlag
<LI><a href="#[ea]">&gt;&gt;</a>&nbsp;&nbsp;&nbsp;enable_irqn
<LI><a href="#[e6]">&gt;&gt;</a>&nbsp;&nbsp;&nbsp;disable_irqn
</UL>
<BR>[Called By]<UL><LI><a href="#[6e]">&gt;&gt;</a>&nbsp;&nbsp;&nbsp;vPowerTask
<LI><a href="#[124]">&gt;&gt;</a>&nbsp;&nbsp;&nbsp;Serial_Parse
<LI><a href="#[da]">&gt;&gt;</a>&nbsp;&nbsp;&nbsp;EC21_data_parser
<LI><a href="#[f9]">&gt;&gt;</a>&nbsp;&nbsp;&nbsp;load_mcu_config
</UL>

<P><STRONG><a name="[12f]"></a>FindFaultCodeODB</STRONG> (Thumb, 48 bytes, Stack size 16 bytes, canbus.o(i.FindFaultCodeODB))
<BR><BR>[Stack]<UL><LI>Max Depth = 16<LI>Call Chain = FindFaultCodeODB
</UL>
<BR>[Called By]<UL><LI><a href="#[10e]">&gt;&gt;</a>&nbsp;&nbsp;&nbsp;StoreFaultCodeODBII
</UL>

<P><STRONG><a name="[a8]"></a>GPIO_Init</STRONG> (Thumb, 116 bytes, Stack size 20 bytes, stm32f30x_gpio.o(i.GPIO_Init))
<BR><BR>[Stack]<UL><LI>Max Depth = 20<LI>Call Chain = GPIO_Init
</UL>
<BR>[Called By]<UL><LI><a href="#[111]">&gt;&gt;</a>&nbsp;&nbsp;&nbsp;PW_Control_init
<LI><a href="#[eb]">&gt;&gt;</a>&nbsp;&nbsp;&nbsp;FuelCyclesConfig
<LI><a href="#[a5]">&gt;&gt;</a>&nbsp;&nbsp;&nbsp;ADC_Initialize
<LI><a href="#[11c]">&gt;&gt;</a>&nbsp;&nbsp;&nbsp;SerialUARTInit
<LI><a href="#[d7]">&gt;&gt;</a>&nbsp;&nbsp;&nbsp;config_GPIO
<LI><a href="#[f7]">&gt;&gt;</a>&nbsp;&nbsp;&nbsp;GPIO_Initialize
<LI><a href="#[c8]">&gt;&gt;</a>&nbsp;&nbsp;&nbsp;CAN_Config
<LI><a href="#[13c]">&gt;&gt;</a>&nbsp;&nbsp;&nbsp;USART2Init
<LI><a href="#[134]">&gt;&gt;</a>&nbsp;&nbsp;&nbsp;UART4Init
</UL>

<P><STRONG><a name="[cb]"></a>GPIO_PinAFConfig</STRONG> (Thumb, 32 bytes, Stack size 8 bytes, stm32f30x_gpio.o(i.GPIO_PinAFConfig))
<BR><BR>[Stack]<UL><LI>Max Depth = 8<LI>Call Chain = GPIO_PinAFConfig
</UL>
<BR>[Called By]<UL><LI><a href="#[11c]">&gt;&gt;</a>&nbsp;&nbsp;&nbsp;SerialUARTInit
<LI><a href="#[c8]">&gt;&gt;</a>&nbsp;&nbsp;&nbsp;CAN_Config
<LI><a href="#[13c]">&gt;&gt;</a>&nbsp;&nbsp;&nbsp;USART2Init
<LI><a href="#[134]">&gt;&gt;</a>&nbsp;&nbsp;&nbsp;UART4Init
</UL>

<P><STRONG><a name="[df]"></a>GPIO_ReadInputDataBit</STRONG> (Thumb, 14 bytes, Stack size 0 bytes, stm32f30x_gpio.o(i.GPIO_ReadInputDataBit))
<BR><BR>[Called By]<UL><LI><a href="#[10]">&gt;&gt;</a>&nbsp;&nbsp;&nbsp;EXTI0_IRQHandler
<LI><a href="#[190]">&gt;&gt;</a>&nbsp;&nbsp;&nbsp;serial_report_data
<LI><a href="#[150]">&gt;&gt;</a>&nbsp;&nbsp;&nbsp;ds18b20_send_function_cmd
<LI><a href="#[14c]">&gt;&gt;</a>&nbsp;&nbsp;&nbsp;ds18b20_read_bit
<LI><a href="#[14a]">&gt;&gt;</a>&nbsp;&nbsp;&nbsp;ds18b20_init_seq
<LI><a href="#[74]">&gt;&gt;</a>&nbsp;&nbsp;&nbsp;vJ1939Task
<LI><a href="#[73]">&gt;&gt;</a>&nbsp;&nbsp;&nbsp;vJ1587RequestTask
</UL>

<P><STRONG><a name="[c6]"></a>GPIO_ResetBits</STRONG> (Thumb, 4 bytes, Stack size 0 bytes, stm32f30x_gpio.o(i.GPIO_ResetBits))
<BR><BR>[Called By]<UL><LI><a href="#[6e]">&gt;&gt;</a>&nbsp;&nbsp;&nbsp;vPowerTask
<LI><a href="#[111]">&gt;&gt;</a>&nbsp;&nbsp;&nbsp;PW_Control_init
<LI><a href="#[d8]">&gt;&gt;</a>&nbsp;&nbsp;&nbsp;EC21_PW_Reset
<LI><a href="#[124]">&gt;&gt;</a>&nbsp;&nbsp;&nbsp;Serial_Parse
<LI><a href="#[c2]">&gt;&gt;</a>&nbsp;&nbsp;&nbsp;Buzz_Off
<LI><a href="#[13c]">&gt;&gt;</a>&nbsp;&nbsp;&nbsp;USART2Init
<LI><a href="#[dc]">&gt;&gt;</a>&nbsp;&nbsp;&nbsp;ECUJ1587_Data_Request
</UL>

<P><STRONG><a name="[d9]"></a>GPIO_SetBits</STRONG> (Thumb, 4 bytes, Stack size 0 bytes, stm32f30x_gpio.o(i.GPIO_SetBits))
<BR><BR>[Called By]<UL><LI><a href="#[6e]">&gt;&gt;</a>&nbsp;&nbsp;&nbsp;vPowerTask
<LI><a href="#[111]">&gt;&gt;</a>&nbsp;&nbsp;&nbsp;PW_Control_init
<LI><a href="#[d8]">&gt;&gt;</a>&nbsp;&nbsp;&nbsp;EC21_PW_Reset
<LI><a href="#[124]">&gt;&gt;</a>&nbsp;&nbsp;&nbsp;Serial_Parse
<LI><a href="#[f7]">&gt;&gt;</a>&nbsp;&nbsp;&nbsp;GPIO_Initialize
<LI><a href="#[dc]">&gt;&gt;</a>&nbsp;&nbsp;&nbsp;ECUJ1587_Data_Request
</UL>

<P><STRONG><a name="[148]"></a>GPIO_WriteBit</STRONG> (Thumb, 10 bytes, Stack size 0 bytes, stm32f30x_gpio.o(i.GPIO_WriteBit))
<BR><BR>[Called By]<UL><LI><a href="#[14f]">&gt;&gt;</a>&nbsp;&nbsp;&nbsp;ds18b20_write_byte
<LI><a href="#[14c]">&gt;&gt;</a>&nbsp;&nbsp;&nbsp;ds18b20_read_bit
<LI><a href="#[14a]">&gt;&gt;</a>&nbsp;&nbsp;&nbsp;ds18b20_init_seq
<LI><a href="#[d7]">&gt;&gt;</a>&nbsp;&nbsp;&nbsp;config_GPIO
</UL>

<P><STRONG><a name="[2]"></a>HardFault_Handler</STRONG> (Thumb, 32 bytes, Stack size 0 bytes, stm32f30x_it.o(i.HardFault_Handler))
<BR><BR>[Stack]<UL><LI>Max Depth = 48<LI>Call Chain = HardFault_Handler &rArr; PrintError &rArr; UART_SendByte
</UL>
<BR>[Calls]<UL><LI><a href="#[c1]">&gt;&gt;</a>&nbsp;&nbsp;&nbsp;PrintError
</UL>
<BR>[Address Reference Count : 1]<UL><LI> startup_stm32f302xc.o(RESET)
</UL>
<P><STRONG><a name="[15f]"></a>IWDG_ReloadCounter</STRONG> (Thumb, 10 bytes, Stack size 0 bytes, stm32f30x_iwdg.o(i.IWDG_ReloadCounter))
<BR><BR>[Called By]<UL><LI><a href="#[77]">&gt;&gt;</a>&nbsp;&nbsp;&nbsp;main
</UL>

<P><STRONG><a name="[f8]"></a>Init_Thread</STRONG> (Thumb, 34 bytes, Stack size 8 bytes, thread.o(i.Init_Thread))
<BR><BR>[Stack]<UL><LI>Max Depth = 220<LI>Call Chain = Init_Thread &rArr; digital_init &rArr; USART2Init &rArr; USART_Init &rArr; RCC_GetClocksFreq
</UL>
<BR>[Calls]<UL><LI><a href="#[f9]">&gt;&gt;</a>&nbsp;&nbsp;&nbsp;load_mcu_config
<LI><a href="#[fb]">&gt;&gt;</a>&nbsp;&nbsp;&nbsp;digital_init
<LI><a href="#[fa]">&gt;&gt;</a>&nbsp;&nbsp;&nbsp;Serial_Init
<LI><a href="#[fc]">&gt;&gt;</a>&nbsp;&nbsp;&nbsp;Power_Init
<LI><a href="#[fd]">&gt;&gt;</a>&nbsp;&nbsp;&nbsp;Interface_Init
<LI><a href="#[d6]">&gt;&gt;</a>&nbsp;&nbsp;&nbsp;DS18B20_Init
<LI><a href="#[d4]">&gt;&gt;</a>&nbsp;&nbsp;&nbsp;CAN_service_init
</UL>
<BR>[Called By]<UL><LI><a href="#[77]">&gt;&gt;</a>&nbsp;&nbsp;&nbsp;main
</UL>

<P><STRONG><a name="[fd]"></a>Interface_Init</STRONG> (Thumb, 54 bytes, Stack size 8 bytes, interface.o(i.Interface_Init))
<BR><BR>[Stack]<UL><LI>Max Depth = 76<LI>Call Chain = Interface_Init &rArr; GPIO_Initialize &rArr; GPIO_Init
</UL>
<BR>[Calls]<UL><LI><a href="#[101]">&gt;&gt;</a>&nbsp;&nbsp;&nbsp;Set_Led_Status
<LI><a href="#[100]">&gt;&gt;</a>&nbsp;&nbsp;&nbsp;irqTimer_Init
<LI><a href="#[f7]">&gt;&gt;</a>&nbsp;&nbsp;&nbsp;GPIO_Initialize
<LI><a href="#[ff]">&gt;&gt;</a>&nbsp;&nbsp;&nbsp;osTimerStart
<LI><a href="#[fe]">&gt;&gt;</a>&nbsp;&nbsp;&nbsp;osTimerCreate
</UL>
<BR>[Called By]<UL><LI><a href="#[f8]">&gt;&gt;</a>&nbsp;&nbsp;&nbsp;Init_Thread
</UL>

<P><STRONG><a name="[102]"></a>J1587HandlerRequest</STRONG> (Thumb, 58 bytes, Stack size 0 bytes, digital.o(i.J1587HandlerRequest))
<BR><BR>[Stack]<UL><LI>Max Depth = 40<LI>Call Chain = J1587HandlerRequest &rArr; ECUJ1587_Data_Request &rArr; UART_SendByte
</UL>
<BR>[Calls]<UL><LI><a href="#[dc]">&gt;&gt;</a>&nbsp;&nbsp;&nbsp;ECUJ1587_Data_Request
</UL>
<BR>[Called By]<UL><LI><a href="#[73]">&gt;&gt;</a>&nbsp;&nbsp;&nbsp;vJ1587RequestTask
</UL>

<P><STRONG><a name="[103]"></a>J1587ParserPID</STRONG> (Thumb, 658 bytes, Stack size 24 bytes, digital.o(i.J1587ParserPID))
<BR><BR>[Stack]<UL><LI>Max Depth = 112<LI>Call Chain = J1587ParserPID &rArr; __aeabi_dmul &rArr; _double_epilogue &rArr; _double_round
</UL>
<BR>[Calls]<UL><LI><a href="#[94]">&gt;&gt;</a>&nbsp;&nbsp;&nbsp;__aeabi_dmul
<LI><a href="#[98]">&gt;&gt;</a>&nbsp;&nbsp;&nbsp;__aeabi_d2uiz
<LI><a href="#[97]">&gt;&gt;</a>&nbsp;&nbsp;&nbsp;__aeabi_ui2d
<LI><a href="#[95]">&gt;&gt;</a>&nbsp;&nbsp;&nbsp;__aeabi_ddiv
<LI><a href="#[104]">&gt;&gt;</a>&nbsp;&nbsp;&nbsp;StoreFaultCodeJ1587
</UL>
<BR>[Called By]<UL><LI><a href="#[72]">&gt;&gt;</a>&nbsp;&nbsp;&nbsp;vJ1587HandlerTask
</UL>

<P><STRONG><a name="[3]"></a>MemManage_Handler</STRONG> (Thumb, 8 bytes, Stack size 0 bytes, stm32f30x_it.o(i.MemManage_Handler))
<BR><BR>[Stack]<UL><LI>Max Depth = 48<LI>Call Chain = MemManage_Handler &rArr; PrintError &rArr; UART_SendByte
</UL>
<BR>[Calls]<UL><LI><a href="#[c1]">&gt;&gt;</a>&nbsp;&nbsp;&nbsp;PrintError
</UL>
<BR>[Address Reference Count : 1]<UL><LI> startup_stm32f302xc.o(RESET)
</UL>
<P><STRONG><a name="[1]"></a>NMI_Handler</STRONG> (Thumb, 8 bytes, Stack size 0 bytes, stm32f30x_it.o(i.NMI_Handler))
<BR><BR>[Stack]<UL><LI>Max Depth = 48<LI>Call Chain = NMI_Handler &rArr; PrintError &rArr; UART_SendByte
</UL>
<BR>[Calls]<UL><LI><a href="#[c1]">&gt;&gt;</a>&nbsp;&nbsp;&nbsp;PrintError
</UL>
<BR>[Address Reference Count : 1]<UL><LI> startup_stm32f302xc.o(RESET)
</UL>
<P><STRONG><a name="[d0]"></a>NVIC_Init</STRONG> (Thumb, 94 bytes, Stack size 12 bytes, stm32f30x_misc.o(i.NVIC_Init))
<BR><BR>[Stack]<UL><LI>Max Depth = 12<LI>Call Chain = NVIC_Init
</UL>
<BR>[Called By]<UL><LI><a href="#[c8]">&gt;&gt;</a>&nbsp;&nbsp;&nbsp;CAN_Config
</UL>

<P><STRONG><a name="[fc]"></a>Power_Init</STRONG> (Thumb, 130 bytes, Stack size 24 bytes, power.o(i.Power_Init))
<BR><BR>[Stack]<UL><LI>Max Depth = 172<LI>Call Chain = Power_Init &rArr; ADC_Initialize &rArr; ADC_CommonInit
</UL>
<BR>[Calls]<UL><LI><a href="#[113]">&gt;&gt;</a>&nbsp;&nbsp;&nbsp;TIM_UpdateRequestConfig
<LI><a href="#[112]">&gt;&gt;</a>&nbsp;&nbsp;&nbsp;TIM_TimeBaseInit
<LI><a href="#[c4]">&gt;&gt;</a>&nbsp;&nbsp;&nbsp;TIM_ITConfig
<LI><a href="#[c5]">&gt;&gt;</a>&nbsp;&nbsp;&nbsp;TIM_Cmd
<LI><a href="#[114]">&gt;&gt;</a>&nbsp;&nbsp;&nbsp;TIM_ClearITPendingBit
<LI><a href="#[c9]">&gt;&gt;</a>&nbsp;&nbsp;&nbsp;RCC_APB1PeriphClockCmd
<LI><a href="#[ef]">&gt;&gt;</a>&nbsp;&nbsp;&nbsp;__NVIC_EnableIRQ
<LI><a href="#[111]">&gt;&gt;</a>&nbsp;&nbsp;&nbsp;PW_Control_init
<LI><a href="#[eb]">&gt;&gt;</a>&nbsp;&nbsp;&nbsp;FuelCyclesConfig
<LI><a href="#[a5]">&gt;&gt;</a>&nbsp;&nbsp;&nbsp;ADC_Initialize
<LI><a href="#[7d]">&gt;&gt;</a>&nbsp;&nbsp;&nbsp;osThreadCreate
</UL>
<BR>[Called By]<UL><LI><a href="#[f8]">&gt;&gt;</a>&nbsp;&nbsp;&nbsp;Init_Thread
</UL>

<P><STRONG><a name="[c1]"></a>PrintError</STRONG> (Thumb, 38 bytes, Stack size 24 bytes, serial.o(i.PrintError))
<BR><BR>[Stack]<UL><LI>Max Depth = 48<LI>Call Chain = PrintError &rArr; UART_SendByte
</UL>
<BR>[Calls]<UL><LI><a href="#[dd]">&gt;&gt;</a>&nbsp;&nbsp;&nbsp;UART_SendByte
<LI><a href="#[f5]">&gt;&gt;</a>&nbsp;&nbsp;&nbsp;strlen
</UL>
<BR>[Called By]<UL><LI><a href="#[5]">&gt;&gt;</a>&nbsp;&nbsp;&nbsp;UsageFault_Handler
<LI><a href="#[1]">&gt;&gt;</a>&nbsp;&nbsp;&nbsp;NMI_Handler
<LI><a href="#[3]">&gt;&gt;</a>&nbsp;&nbsp;&nbsp;MemManage_Handler
<LI><a href="#[2]">&gt;&gt;</a>&nbsp;&nbsp;&nbsp;HardFault_Handler
<LI><a href="#[7]">&gt;&gt;</a>&nbsp;&nbsp;&nbsp;DebugMon_Handler
<LI><a href="#[4]">&gt;&gt;</a>&nbsp;&nbsp;&nbsp;BusFault_Handler
<LI><a href="#[167]">&gt;&gt;</a>&nbsp;&nbsp;&nbsp;os_error
</UL>

<P><STRONG><a name="[a6]"></a>RCC_ADCCLKConfig</STRONG> (Thumb, 28 bytes, Stack size 0 bytes, stm32f30x_rcc.o(i.RCC_ADCCLKConfig))
<BR><BR>[Called By]<UL><LI><a href="#[a5]">&gt;&gt;</a>&nbsp;&nbsp;&nbsp;ADC_Initialize
</UL>

<P><STRONG><a name="[a7]"></a>RCC_AHBPeriphClockCmd</STRONG> (Thumb, 18 bytes, Stack size 0 bytes, stm32f30x_rcc.o(i.RCC_AHBPeriphClockCmd))
<BR><BR>[Called By]<UL><LI><a href="#[111]">&gt;&gt;</a>&nbsp;&nbsp;&nbsp;PW_Control_init
<LI><a href="#[eb]">&gt;&gt;</a>&nbsp;&nbsp;&nbsp;FuelCyclesConfig
<LI><a href="#[a5]">&gt;&gt;</a>&nbsp;&nbsp;&nbsp;ADC_Initialize
<LI><a href="#[11c]">&gt;&gt;</a>&nbsp;&nbsp;&nbsp;SerialUARTInit
<LI><a href="#[d7]">&gt;&gt;</a>&nbsp;&nbsp;&nbsp;config_GPIO
<LI><a href="#[f7]">&gt;&gt;</a>&nbsp;&nbsp;&nbsp;GPIO_Initialize
<LI><a href="#[c8]">&gt;&gt;</a>&nbsp;&nbsp;&nbsp;CAN_Config
<LI><a href="#[13c]">&gt;&gt;</a>&nbsp;&nbsp;&nbsp;USART2Init
<LI><a href="#[134]">&gt;&gt;</a>&nbsp;&nbsp;&nbsp;UART4Init
</UL>

<P><STRONG><a name="[c9]"></a>RCC_APB1PeriphClockCmd</STRONG> (Thumb, 18 bytes, Stack size 0 bytes, stm32f30x_rcc.o(i.RCC_APB1PeriphClockCmd))
<BR><BR>[Called By]<UL><LI><a href="#[fc]">&gt;&gt;</a>&nbsp;&nbsp;&nbsp;Power_Init
<LI><a href="#[100]">&gt;&gt;</a>&nbsp;&nbsp;&nbsp;irqTimer_Init
<LI><a href="#[c8]">&gt;&gt;</a>&nbsp;&nbsp;&nbsp;CAN_Config
<LI><a href="#[13c]">&gt;&gt;</a>&nbsp;&nbsp;&nbsp;USART2Init
<LI><a href="#[134]">&gt;&gt;</a>&nbsp;&nbsp;&nbsp;UART4Init
</UL>

<P><STRONG><a name="[d1]"></a>RCC_APB1PeriphResetCmd</STRONG> (Thumb, 18 bytes, Stack size 0 bytes, stm32f30x_rcc.o(i.RCC_APB1PeriphResetCmd))
<BR><BR>[Called By]<UL><LI><a href="#[ca]">&gt;&gt;</a>&nbsp;&nbsp;&nbsp;CAN_DeInit
<LI><a href="#[13d]">&gt;&gt;</a>&nbsp;&nbsp;&nbsp;USART_DeInit
</UL>

<P><STRONG><a name="[ec]"></a>RCC_APB2PeriphClockCmd</STRONG> (Thumb, 18 bytes, Stack size 0 bytes, stm32f30x_rcc.o(i.RCC_APB2PeriphClockCmd))
<BR><BR>[Called By]<UL><LI><a href="#[eb]">&gt;&gt;</a>&nbsp;&nbsp;&nbsp;FuelCyclesConfig
<LI><a href="#[11c]">&gt;&gt;</a>&nbsp;&nbsp;&nbsp;SerialUARTInit
</UL>

<P><STRONG><a name="[13e]"></a>RCC_APB2PeriphResetCmd</STRONG> (Thumb, 18 bytes, Stack size 0 bytes, stm32f30x_rcc.o(i.RCC_APB2PeriphResetCmd))
<BR><BR>[Called By]<UL><LI><a href="#[13d]">&gt;&gt;</a>&nbsp;&nbsp;&nbsp;USART_DeInit
</UL>

<P><STRONG><a name="[13f]"></a>RCC_GetClocksFreq</STRONG> (Thumb, 748 bytes, Stack size 36 bytes, stm32f30x_rcc.o(i.RCC_GetClocksFreq))
<BR><BR>[Stack]<UL><LI>Max Depth = 36<LI>Call Chain = RCC_GetClocksFreq
</UL>
<BR>[Called By]<UL><LI><a href="#[11e]">&gt;&gt;</a>&nbsp;&nbsp;&nbsp;USART_Init
</UL>

[...]
<LI><a href="#[b5]">&gt;&gt;</a>&nbsp;&nbsp;&nbsp;DMA_ITConfig
<LI><a href="#[a9]">&gt;&gt;</a>&nbsp;&nbsp;&nbsp;DMA_DeInit
<LI><a href="#[b9]">&gt;&gt;</a>&nbsp;&nbsp;&nbsp;DMA_Cmd
<LI><a href="#[ac]">&gt;&gt;</a>&nbsp;&nbsp;&nbsp;ADC_VoltageRegulatorCmd
<LI><a href="#[ab]">&gt;&gt;</a>&nbsp;&nbsp;&nbsp;ADC_StructInit
<LI><a href="#[ba]">&gt;&gt;</a>&nbsp;&nbsp;&nbsp;ADC_StartConversion
<LI><a href="#[af]">&gt;&gt;</a>&nbsp;&nbsp;&nbsp;ADC_StartCalibration
<LI><a href="#[ae]">&gt;&gt;</a>&nbsp;&nbsp;&nbsp;ADC_SelectCalibrationMode
<LI><a href="#[b3]">&gt;&gt;</a>&nbsp;&nbsp;&nbsp;ADC_RegularChannelConfig
<LI><a href="#[b2]">&gt;&gt;</a>&nbsp;&nbsp;&nbsp;ADC_Init
<LI><a href="#[b8]">&gt;&gt;</a>&nbsp;&nbsp;&nbsp;ADC_GetFlagStatus
<LI><a href="#[b0]">&gt;&gt;</a>&nbsp;&nbsp;&nbsp;ADC_GetCalibrationStatus
<LI><a href="#[b4]">&gt;&gt;</a>&nbsp;&nbsp;&nbsp;ADC_DMAConfig
<LI><a href="#[b6]">&gt;&gt;</a>&nbsp;&nbsp;&nbsp;ADC_DMACmd
<LI><a href="#[b1]">&gt;&gt;</a>&nbsp;&nbsp;&nbsp;ADC_CommonInit
<LI><a href="#[b7]">&gt;&gt;</a>&nbsp;&nbsp;&nbsp;ADC_Cmd
<LI><a href="#[a7]">&gt;&gt;</a>&nbsp;&nbsp;&nbsp;RCC_AHBPeriphClockCmd
<LI><a href="#[a8]">&gt;&gt;</a>&nbsp;&nbsp;&nbsp;GPIO_Init
<LI><a href="#[ad]">&gt;&gt;</a>&nbsp;&nbsp;&nbsp;osDelay
</UL>
<BR>[Called By]<UL><LI><a href="#[fc]">&gt;&gt;</a>&nbsp;&nbsp;&nbsp;Power_Init
</UL>

<P><STRONG><a name="[bb]"></a>ADC_ReadFuelValue</STRONG> (Thumb, 112 bytes, Stack size 32 bytes, power.o(i.ADC_ReadFuelValue))
<BR><BR>[Stack]<UL><LI>Max Depth = 48<LI>Call Chain = ADC_ReadFuelValue &rArr; ArraySort
</UL>
<BR>[Calls]<UL><LI><a href="#[bc]">&gt;&gt;</a>&nbsp;&nbsp;&nbsp;DMA_GetITStatus
<LI><a href="#[bd]">&gt;&gt;</a>&nbsp;&nbsp;&nbsp;DMA_ClearITPendingBit
<LI><a href="#[be]">&gt;&gt;</a>&nbsp;&nbsp;&nbsp;ArraySort
<LI><a href="#[87]">&gt;&gt;</a>&nbsp;&nbsp;&nbsp;__aeabi_memclr
</UL>
<BR>[Called By]<UL><LI><a href="#[153]">&gt;&gt;</a>&nbsp;&nbsp;&nbsp;get_adc_values
</UL>

<P><STRONG><a name="[bf]"></a>ADC_fillter_values</STRONG> (Thumb, 88 bytes, Stack size 24 bytes, power.o(i.ADC_fillter_values))
<BR><BR>[Stack]<UL><LI>Max Depth = 40<LI>Call Chain = ADC_fillter_values &rArr; ArraySort
</UL>
<BR>[Calls]<UL><LI><a href="#[be]">&gt;&gt;</a>&nbsp;&nbsp;&nbsp;ArraySort
</UL>
<BR>[Called By]<UL><LI><a href="#[153]">&gt;&gt;</a>&nbsp;&nbsp;&nbsp;get_adc_values
</UL>

<P><STRONG><a name="[c0]"></a>BAT_fillter_values</STRONG> (Thumb, 88 bytes, Stack size 24 bytes, power.o(i.BAT_fillter_values))
<BR><BR>[Stack]<UL><LI>Max Depth = 40<LI>Call Chain = BAT_fillter_values &rArr; ArraySort
</UL>
<BR>[Calls]<UL><LI><a href="#[be]">&gt;&gt;</a>&nbsp;&nbsp;&nbsp;ArraySort
</UL>
<BR>[Called By]<UL><LI><a href="#[153]">&gt;&gt;</a>&nbsp;&nbsp;&nbsp;get_adc_values
</UL>

<P><STRONG><a name="[eb]"></a>FuelCyclesConfig</STRONG> (Thumb, 90 bytes, Stack size 32 bytes, power.o(i.FuelCyclesConfig))
<BR><BR>[Stack]<UL><LI>Max Depth = 52<LI>Call Chain = FuelCyclesConfig &rArr; EXTI_Init
</UL>
<BR>[Calls]<UL><LI><a href="#[ed]">&gt;&gt;</a>&nbsp;&nbsp;&nbsp;SYSCFG_EXTILineConfig
<LI><a href="#[ee]">&gt;&gt;</a>&nbsp;&nbsp;&nbsp;EXTI_Init
<LI><a href="#[ef]">&gt;&gt;</a>&nbsp;&nbsp;&nbsp;__NVIC_EnableIRQ
<LI><a href="#[ec]">&gt;&gt;</a>&nbsp;&nbsp;&nbsp;RCC_APB2PeriphClockCmd
<LI><a href="#[a7]">&gt;&gt;</a>&nbsp;&nbsp;&nbsp;RCC_AHBPeriphClockCmd
<LI><a href="#[a8]">&gt;&gt;</a>&nbsp;&nbsp;&nbsp;GPIO_Init
</UL>
<BR>[Called By]<UL><LI><a href="#[fc]">&gt;&gt;</a>&nbsp;&nbsp;&nbsp;Power_Init
</UL>

<P><STRONG><a name="[111]"></a>PW_Control_init</STRONG> (Thumb, 168 bytes, Stack size 32 bytes, power.o(i.PW_Control_init))
<BR><BR>[Stack]<UL><LI>Max Depth = 52<LI>Call Chain = PW_Control_init &rArr; GPIO_Init
</UL>
<BR>[Calls]<UL><LI><a href="#[a7]">&gt;&gt;</a>&nbsp;&nbsp;&nbsp;RCC_AHBPeriphClockCmd
<LI><a href="#[d9]">&gt;&gt;</a>&nbsp;&nbsp;&nbsp;GPIO_SetBits
<LI><a href="#[c6]">&gt;&gt;</a>&nbsp;&nbsp;&nbsp;GPIO_ResetBits
<LI><a href="#[a8]">&gt;&gt;</a>&nbsp;&nbsp;&nbsp;GPIO_Init
</UL>
<BR>[Called By]<UL><LI><a href="#[fc]">&gt;&gt;</a>&nbsp;&nbsp;&nbsp;Power_Init
</UL>

<P><STRONG><a name="[ef]"></a>__NVIC_EnableIRQ</STRONG> (Thumb, 26 bytes, Stack size 0 bytes, power.o(i.__NVIC_EnableIRQ))
<BR><BR>[Called By]<UL><LI><a href="#[eb]">&gt;&gt;</a>&nbsp;&nbsp;&nbsp;FuelCyclesConfig
<LI><a href="#[fc]">&gt;&gt;</a>&nbsp;&nbsp;&nbsp;Power_Init
</UL>

<P><STRONG><a name="[153]"></a>get_adc_values</STRONG> (Thumb, 236 bytes, Stack size 24 bytes, power.o(i.get_adc_values))
<BR><BR>[Stack]<UL><LI>Max Depth = 72<LI>Call Chain = get_adc_values &rArr; ADC_ReadFuelValue &rArr; ArraySort
</UL>
<BR>[Calls]<UL><LI><a href="#[c0]">&gt;&gt;</a>&nbsp;&nbsp;&nbsp;BAT_fillter_values
<LI><a href="#[bf]">&gt;&gt;</a>&nbsp;&nbsp;&nbsp;ADC_fillter_values
<LI><a href="#[bb]">&gt;&gt;</a>&nbsp;&nbsp;&nbsp;ADC_ReadFuelValue
</UL>
<BR>[Called By]<UL><LI><a href="#[6e]">&gt;&gt;</a>&nbsp;&nbsp;&nbsp;vPowerTask
</UL>

<P><STRONG><a name="[6f]"></a>FuelTimeoutHanler</STRONG> (Thumb, 54 bytes, Stack size 0 bytes, digital.o(i.FuelTimeoutHanler))
<BR>[Address Reference Count : 1]<UL><LI> digital.o(.constdata)
</UL>
<P><STRONG><a name="[f0]"></a>Fuel_232_parse</STRONG> (Thumb, 244 bytes, Stack size 32 bytes, digital.o(i.Fuel_232_parse))
<BR><BR>[Stack]<UL><LI>Max Depth = 320<LI>Call Chain = Fuel_232_parse &rArr; CLS2_check_mes &rArr; __0sscanf &rArr; __vfscanf_char &rArr; __vfscanf &rArr; _scanf_real
</UL>
<BR>[Calls]<UL><LI><a href="#[f4]">&gt;&gt;</a>&nbsp;&nbsp;&nbsp;str_trim
<LI><a href="#[f3]">&gt;&gt;</a>&nbsp;&nbsp;&nbsp;cal_sum_buffer
<LI><a href="#[d5]">&gt;&gt;</a>&nbsp;&nbsp;&nbsp;CLS2_check_mes
<LI><a href="#[f2]">&gt;&gt;</a>&nbsp;&nbsp;&nbsp;CRC_8BitsCompute
<LI><a href="#[99]">&gt;&gt;</a>&nbsp;&nbsp;&nbsp;__aeabi_d2f
<LI><a href="#[f1]">&gt;&gt;</a>&nbsp;&nbsp;&nbsp;strncmp
<LI><a href="#[f5]">&gt;&gt;</a>&nbsp;&nbsp;&nbsp;strlen
<LI><a href="#[f6]">&gt;&gt;</a>&nbsp;&nbsp;&nbsp;__hardfp_atof
</UL>
<BR>[Called By]<UL><LI><a href="#[71]">&gt;&gt;</a>&nbsp;&nbsp;&nbsp;vUSART2Receiver
<LI><a href="#[70]">&gt;&gt;</a>&nbsp;&nbsp;&nbsp;vUART4Receiver
</UL>

<P><STRONG><a name="[135]"></a>__NVIC_EnableIRQ</STRONG> (Thumb, 26 bytes, Stack size 0 bytes, digital.o(i.__NVIC_EnableIRQ))
<BR><BR>[Called By]<UL><LI><a href="#[13c]">&gt;&gt;</a>&nbsp;&nbsp;&nbsp;USART2Init
<LI><a href="#[134]">&gt;&gt;</a>&nbsp;&nbsp;&nbsp;UART4Init
</UL>

<P><STRONG><a name="[c8]"></a>CAN_Config</STRONG> (Thumb, 246 bytes, Stack size 64 bytes, canbus.o(i.CAN_Config))
<BR><BR>[Stack]<UL><LI>Max Depth = 84<LI>Call Chain = CAN_Config &rArr; GPIO_Init
</UL>
<BR>[Calls]<UL><LI><a href="#[c9]">&gt;&gt;</a>&nbsp;&nbsp;&nbsp;RCC_APB1PeriphClockCmd
<LI><a href="#[a7]">&gt;&gt;</a>&nbsp;&nbsp;&nbsp;RCC_AHBPeriphClockCmd
<LI><a href="#[cb]">&gt;&gt;</a>&nbsp;&nbsp;&nbsp;GPIO_PinAFConfig
<LI><a href="#[a8]">&gt;&gt;</a>&nbsp;&nbsp;&nbsp;GPIO_Init
<LI><a href="#[d0]">&gt;&gt;</a>&nbsp;&nbsp;&nbsp;NVIC_Init
<LI><a href="#[cc]">&gt;&gt;</a>&nbsp;&nbsp;&nbsp;CAN_StructInit
<LI><a href="#[cd]">&gt;&gt;</a>&nbsp;&nbsp;&nbsp;CAN_Init
<LI><a href="#[cf]">&gt;&gt;</a>&nbsp;&nbsp;&nbsp;CAN_ITConfig
<LI><a href="#[ce]">&gt;&gt;</a>&nbsp;&nbsp;&nbsp;CAN_FilterInit
<LI><a href="#[ca]">&gt;&gt;</a>&nbsp;&nbsp;&nbsp;CAN_DeInit
</UL>
<BR>[Called By]<UL><LI><a href="#[74]">&gt;&gt;</a>&nbsp;&nbsp;&nbsp;vJ1939Task
</UL>

<P><STRONG><a name="[105]"></a>J1939Handler</STRONG> (Thumb, 592 bytes, Stack size 32 bytes, canbus.o(i.J1939Handler))
<BR><BR>[Stack]<UL><LI>Max Depth = 120<LI>Call Chain = J1939Handler &rArr; __aeabi_dmul &rArr; _double_epilogue &rArr; _double_round
</UL>
<BR>[Calls]<UL><LI><a href="#[94]">&gt;&gt;</a>&nbsp;&nbsp;&nbsp;__aeabi_dmul
<LI><a href="#[98]">&gt;&gt;</a>&nbsp;&nbsp;&nbsp;__aeabi_d2uiz
<LI><a href="#[96]">&gt;&gt;</a>&nbsp;&nbsp;&nbsp;__aeabi_i2d
<LI><a href="#[107]">&gt;&gt;</a>&nbsp;&nbsp;&nbsp;__aeabi_cdcmpeq
<LI><a href="#[106]">&gt;&gt;</a>&nbsp;&nbsp;&nbsp;StoreFaultCode
<LI><a href="#[97]">&gt;&gt;</a>&nbsp;&nbsp;&nbsp;__aeabi_ui2d
<LI><a href="#[95]">&gt;&gt;</a>&nbsp;&nbsp;&nbsp;__aeabi_ddiv
</UL>
<BR>[Called By]<UL><LI><a href="#[1e]">&gt;&gt;</a>&nbsp;&nbsp;&nbsp;USB_LP_CAN1_RX0_IRQHandler
</UL>

<P><STRONG><a name="[108]"></a>J1939_Request_PGN</STRONG> (Thumb, 50 bytes, Stack size 8 bytes, canbus.o(i.J1939_Request_PGN))
<BR><BR>[Stack]<UL><LI>Max Depth = 20<LI>Call Chain = J1939_Request_PGN &rArr; CAN_Transmit
</UL>
<BR>[Calls]<UL><LI><a href="#[109]">&gt;&gt;</a>&nbsp;&nbsp;&nbsp;CAN_Transmit
</UL>
<BR>[Called By]<UL><LI><a href="#[74]">&gt;&gt;</a>&nbsp;&nbsp;&nbsp;vJ1939Task
</UL>

<P><STRONG><a name="[10d]"></a>ODBIIHandler</STRONG> (Thumb, 418 bytes, Stack size 32 bytes, canbus.o(i.ODBIIHandler))
<BR><BR>[Stack]<UL><LI>Max Depth = 216<LI>Call Chain = ODBIIHandler &rArr; StoreFaultCodeODBII &rArr; __2sprintf
</UL>
<BR>[Calls]<UL><LI><a href="#[110]">&gt;&gt;</a>&nbsp;&nbsp;&nbsp;bytes_to_u32
<LI><a href="#[94]">&gt;&gt;</a>&nbsp;&nbsp;&nbsp;__aeabi_dmul
<LI><a href="#[98]">&gt;&gt;</a>&nbsp;&nbsp;&nbsp;__aeabi_d2uiz
<LI><a href="#[8e]">&gt;&gt;</a>&nbsp;&nbsp;&nbsp;__aeabi_dadd
<LI><a href="#[10e]">&gt;&gt;</a>&nbsp;&nbsp;&nbsp;StoreFaultCodeODBII
<LI><a href="#[10f]">&gt;&gt;</a>&nbsp;&nbsp;&nbsp;SendRequest_continuos
<LI><a href="#[97]">&gt;&gt;</a>&nbsp;&nbsp;&nbsp;__aeabi_ui2d
<LI><a href="#[95]">&gt;&gt;</a>&nbsp;&nbsp;&nbsp;__aeabi_ddiv
</UL>
<BR>[Called By]<UL><LI><a href="#[1e]">&gt;&gt;</a>&nbsp;&nbsp;&nbsp;USB_LP_CAN1_RX0_IRQHandler
</UL>

<P><STRONG><a name="[115]"></a>SendRequest</STRONG> (Thumb, 56 bytes, Stack size 8 bytes, canbus.o(i.SendRequest))
<BR><BR>[Stack]<UL><LI>Max Depth = 20<LI>Call Chain = SendRequest &rArr; CAN_Transmit
</UL>
<BR>[Calls]<UL><LI><a href="#[109]">&gt;&gt;</a>&nbsp;&nbsp;&nbsp;CAN_Transmit
</UL>
<BR>[Called By]<UL><LI><a href="#[74]">&gt;&gt;</a>&nbsp;&nbsp;&nbsp;vJ1939Task
</UL>

<P><STRONG><a name="[10f]"></a>SendRequest_continuos</STRONG> (Thumb, 46 bytes, Stack size 0 bytes, canbus.o(i.SendRequest_continuos))
<BR><BR>[Stack]<UL><LI>Max Depth = 12<LI>Call Chain = SendRequest_continuos &rArr; CAN_Transmit
</UL>
<BR>[Calls]<UL><LI><a href="#[109]">&gt;&gt;</a>&nbsp;&nbsp;&nbsp;CAN_Transmit
</UL>
<BR>[Called By]<UL><LI><a href="#[10d]">&gt;&gt;</a>&nbsp;&nbsp;&nbsp;ODBIIHandler
</UL>

<P><STRONG><a name="[c2]"></a>Buzz_Off</STRONG> (Thumb, 64 bytes, Stack size 8 bytes, interface.o(i.Buzz_Off))
<BR><BR>[Stack]<UL><LI>Max Depth = 8<LI>Call Chain = Buzz_Off
</UL>
<BR>[Calls]<UL><LI><a href="#[c4]">&gt;&gt;</a>&nbsp;&nbsp;&nbsp;TIM_ITConfig
<LI><a href="#[c5]">&gt;&gt;</a>&nbsp;&nbsp;&nbsp;TIM_Cmd
<LI><a href="#[c6]">&gt;&gt;</a>&nbsp;&nbsp;&nbsp;GPIO_ResetBits
<LI><a href="#[c3]">&gt;&gt;</a>&nbsp;&nbsp;&nbsp;is_buzz_disable
</UL>
<BR>[Called By]<UL><LI><a href="#[10a]">&gt;&gt;</a>&nbsp;&nbsp;&nbsp;LedAndBuzzerControl
</UL>

<P><STRONG><a name="[c7]"></a>Buzz_On</STRONG> (Thumb, 48 bytes, Stack size 8 bytes, interface.o(i.Buzz_On))
<BR><BR>[Stack]<UL><LI>Max Depth = 8<LI>Call Chain = Buzz_On
</UL>
<BR>[Calls]<UL><LI><a href="#[c4]">&gt;&gt;</a>&nbsp;&nbsp;&nbsp;TIM_ITConfig
<LI><a href="#[c5]">&gt;&gt;</a>&nbsp;&nbsp;&nbsp;TIM_Cmd
<LI><a href="#[c3]">&gt;&gt;</a>&nbsp;&nbsp;&nbsp;is_buzz_disable
</UL>
<BR>[Called By]<UL><LI><a href="#[10a]">&gt;&gt;</a>&nbsp;&nbsp;&nbsp;LedAndBuzzerControl
</UL>

<P><STRONG><a name="[f7]"></a>GPIO_Initialize</STRONG> (Thumb, 170 bytes, Stack size 48 bytes, interface.o(i.GPIO_Initialize))
<BR><BR>[Stack]<UL><LI>Max Depth = 68<LI>Call Chain = GPIO_Initialize &rArr; GPIO_Init
</UL>
<BR>[Calls]<UL><LI><a href="#[a7]">&gt;&gt;</a>&nbsp;&nbsp;&nbsp;RCC_AHBPeriphClockCmd
<LI><a href="#[d9]">&gt;&gt;</a>&nbsp;&nbsp;&nbsp;GPIO_SetBits
<LI><a href="#[a8]">&gt;&gt;</a>&nbsp;&nbsp;&nbsp;GPIO_Init
</UL>
<BR>[Called By]<UL><LI><a href="#[fd]">&gt;&gt;</a>&nbsp;&nbsp;&nbsp;Interface_Init
</UL>

<P><STRONG><a name="[10a]"></a>LedAndBuzzerControl</STRONG> (Thumb, 444 bytes, Stack size 16 bytes, interface.o(i.LedAndBuzzerControl))
<BR><BR>[Stack]<UL><LI>Max Depth = 24<LI>Call Chain = LedAndBuzzerControl &rArr; Buzz_On
</UL>
<BR>[Calls]<UL><LI><a href="#[10b]">&gt;&gt;</a>&nbsp;&nbsp;&nbsp;Led_On
<LI><a href="#[10c]">&gt;&gt;</a>&nbsp;&nbsp;&nbsp;Led_Off
<LI><a href="#[c7]">&gt;&gt;</a>&nbsp;&nbsp;&nbsp;Buzz_On
<LI><a href="#[c2]">&gt;&gt;</a>&nbsp;&nbsp;&nbsp;Buzz_Off
</UL>
<BR>[Called By]<UL><LI><a href="#[75]">&gt;&gt;</a>&nbsp;&nbsp;&nbsp;UserTimerHanler
</UL>

<P><STRONG><a name="[10c]"></a>Led_Off</STRONG> (Thumb, 30 bytes, Stack size 0 bytes, interface.o(i.Led_Off))
<BR><BR>[Called By]<UL><LI><a href="#[10a]">&gt;&gt;</a>&nbsp;&nbsp;&nbsp;LedAndBuzzerControl
</UL>

<P><STRONG><a name="[10b]"></a>Led_On</STRONG> (Thumb, 30 bytes, Stack size 0 bytes, interface.o(i.Led_On))
<BR><BR>[Called By]<UL><LI><a href="#[10a]">&gt;&gt;</a>&nbsp;&nbsp;&nbsp;LedAndBuzzerControl
</UL>

<P><STRONG><a name="[75]"></a>UserTimerHanler</STRONG> (Thumb, 4 bytes, Stack size 0 bytes, interface.o(i.UserTimerHanler))
<BR><BR>[Stack]<UL><LI>Max Depth = 24<LI>Call Chain = UserTimerHanler &rArr; LedAndBuzzerControl &rArr; Buzz_On
</UL>
<BR>[Calls]<UL><LI><a href="#[10a]">&gt;&gt;</a>&nbsp;&nbsp;&nbsp;LedAndBuzzerControl
</UL>
<BR>[Address Reference Count : 1]<UL><LI> interface.o(.constdata)
</UL>
<P><STRONG><a name="[100]"></a>irqTimer_Init</STRONG> (Thumb, 102 bytes, Stack size 24 bytes, interface.o(i.irqTimer_Init))
<BR><BR>[Stack]<UL><LI>Max Depth = 40<LI>Call Chain = irqTimer_Init &rArr; TIM_TimeBaseInit
</UL>
<BR>[Calls]<UL><LI><a href="#[113]">&gt;&gt;</a>&nbsp;&nbsp;&nbsp;TIM_UpdateRequestConfig
<LI><a href="#[112]">&gt;&gt;</a>&nbsp;&nbsp;&nbsp;TIM_TimeBaseInit
<LI><a href="#[114]">&gt;&gt;</a>&nbsp;&nbsp;&nbsp;TIM_ClearITPendingBit
<LI><a href="#[c9]">&gt;&gt;</a>&nbsp;&nbsp;&nbsp;RCC_APB1PeriphClockCmd
</UL>
<BR>[Called By]<UL><LI><a href="#[fd]">&gt;&gt;</a>&nbsp;&nbsp;&nbsp;Interface_Init
</UL>

<P><STRONG><a name="[149]"></a>__NVIC_DisableIRQ</STRONG> (Thumb, 34 bytes, Stack size 0 bytes, flash.o(i.__NVIC_DisableIRQ))
<BR><BR>[Called By]<UL><LI><a href="#[e6]">&gt;&gt;</a>&nbsp;&nbsp;&nbsp;disable_irqn
</UL>

<P><STRONG><a name="[152]"></a>__NVIC_EnableIRQ</STRONG> (Thumb, 26 bytes, Stack size 0 bytes, flash.o(i.__NVIC_EnableIRQ))
<BR><BR>[Called By]<UL><LI><a href="#[ea]">&gt;&gt;</a>&nbsp;&nbsp;&nbsp;enable_irqn
</UL>

<P><STRONG><a name="[14b]"></a>DelayMicro</STRONG> (Thumb, 34 bytes, Stack size 8 bytes, ds18b20.o(i.DelayMicro))
<BR><BR>[Stack]<UL><LI>Max Depth = 8<LI>Call Chain = DelayMicro
</UL>
<BR>[Called By]<UL><LI><a href="#[14f]">&gt;&gt;</a>&nbsp;&nbsp;&nbsp;ds18b20_write_byte
<LI><a href="#[14e]">&gt;&gt;</a>&nbsp;&nbsp;&nbsp;ds18b20_read_temp
<LI><a href="#[14c]">&gt;&gt;</a>&nbsp;&nbsp;&nbsp;ds18b20_read_bit
<LI><a href="#[14a]">&gt;&gt;</a>&nbsp;&nbsp;&nbsp;ds18b20_init_seq
</UL>

<P><STRONG><a name="[d3]"></a>CheckITStatus</STRONG> (Thumb, 12 bytes, Stack size 0 bytes, stm32f30x_can.o(i.CheckITStatus))
<BR><BR>[Called By]<UL><LI><a href="#[d2]">&gt;&gt;</a>&nbsp;&nbsp;&nbsp;CAN_GetITStatus
</UL>

<P><STRONG><a name="[132]"></a>SetSysClock</STRONG> (Thumb, 140 bytes, Stack size 12 bytes, system_stm32f3xx.o(i.SetSysClock))
<BR><BR>[Stack]<UL><LI>Max Depth = 12<LI>Call Chain = SetSysClock
</UL>
<BR>[Called By]<UL><LI><a href="#[4e]">&gt;&gt;</a>&nbsp;&nbsp;&nbsp;SystemInit
</UL>

<P><STRONG><a name="[15a]"></a>rt_id2obj</STRONG> (Thumb, 8 bytes, Stack size 0 bytes, rt_cmsis.o(i.rt_id2obj))
<BR><BR>[Called By]<UL><LI><a href="#[68]">&gt;&gt;</a>&nbsp;&nbsp;&nbsp;svcTimerStart
<LI><a href="#[66]">&gt;&gt;</a>&nbsp;&nbsp;&nbsp;svcTimerCall
<LI><a href="#[61]">&gt;&gt;</a>&nbsp;&nbsp;&nbsp;svcSemaphoreWait
<LI><a href="#[60]">&gt;&gt;</a>&nbsp;&nbsp;&nbsp;svcSemaphoreRelease
<LI><a href="#[159]">&gt;&gt;</a>&nbsp;&nbsp;&nbsp;isrSemaphoreRelease
</UL>

<P><STRONG><a name="[191]"></a>rt_ms2tick</STRONG> (Thumb, 58 bytes, Stack size 0 bytes, rt_cmsis.o(i.rt_ms2tick))
<BR><BR>[Called By]<UL><LI><a href="#[59]">&gt;&gt;</a>&nbsp;&nbsp;&nbsp;sysMailAlloc
<LI><a href="#[61]">&gt;&gt;</a>&nbsp;&nbsp;&nbsp;svcSemaphoreWait
<LI><a href="#[5e]">&gt;&gt;</a>&nbsp;&nbsp;&nbsp;svcMessagePut
<LI><a href="#[5d]">&gt;&gt;</a>&nbsp;&nbsp;&nbsp;svcMessageGet
<LI><a href="#[55]">&gt;&gt;</a>&nbsp;&nbsp;&nbsp;svcDelay
</UL>

<P><STRONG><a name="[19a]"></a>rt_tid2ptcb</STRONG> (Thumb, 18 bytes, Stack size 0 bytes, rt_cmsis.o(i.rt_tid2ptcb))
<BR><BR>[Called By]<UL><LI><a href="#[64]">&gt;&gt;</a>&nbsp;&nbsp;&nbsp;svcThreadTerminate
</UL>

<P><STRONG><a name="[19c]"></a>rt_timer_insert</STRONG> (Thumb, 48 bytes, Stack size 12 bytes, rt_cmsis.o(i.rt_timer_insert))
<BR><BR>[Stack]<UL><LI>Max Depth = 12<LI>Call Chain = rt_timer_insert
</UL>
<BR>[Called By]<UL><LI><a href="#[188]">&gt;&gt;</a>&nbsp;&nbsp;&nbsp;sysTimerTick
<LI><a href="#[68]">&gt;&gt;</a>&nbsp;&nbsp;&nbsp;svcTimerStart
</UL>

<P><STRONG><a name="[19b]"></a>rt_timer_remove</STRONG> (Thumb, 56 bytes, Stack size 0 bytes, rt_cmsis.o(i.rt_timer_remove))
<BR><BR>[Called By]<UL><LI><a href="#[68]">&gt;&gt;</a>&nbsp;&nbsp;&nbsp;svcTimerStart
</UL>

<P><STRONG><a name="[175]"></a>rt_init_context</STRONG> (Thumb, 66 bytes, Stack size 16 bytes, rt_task.o(i.rt_init_context))
<BR><BR>[Stack]<UL><LI>Max Depth = 32<LI>Call Chain = rt_init_context &rArr; rt_init_stack
</UL>
<BR>[Calls]<UL><LI><a href="#[176]">&gt;&gt;</a>&nbsp;&nbsp;&nbsp;rt_init_stack
<LI><a href="#[4c]">&gt;&gt;</a>&nbsp;&nbsp;&nbsp;rt_alloc_box
</UL>
<BR>[Called By]<UL><LI><a href="#[189]">&gt;&gt;</a>&nbsp;&nbsp;&nbsp;rt_tsk_create
<LI><a href="#[182]">&gt;&gt;</a>&nbsp;&nbsp;&nbsp;rt_sys_init
</UL>

<P><STRONG><a name="[17e]"></a>rt_ret_regs</STRONG> (Thumb, 16 bytes, Stack size 0 bytes, hal_cm.o(i.rt_ret_regs))
<BR><BR>[Called By]<UL><LI><a href="#[174]">&gt;&gt;</a>&nbsp;&nbsp;&nbsp;rt_ret_val2
<LI><a href="#[178]">&gt;&gt;</a>&nbsp;&nbsp;&nbsp;rt_ret_val
</UL>

<P><STRONG><a name="[143]"></a>_printf_core</STRONG> (Thumb, 984 bytes, Stack size 104 bytes, printf8.o(i._printf_core), UNUSED)
<BR><BR>[Calls]<UL><LI><a href="#[84]">&gt;&gt;</a>&nbsp;&nbsp;&nbsp;__aeabi_uldivmod
<LI><a href="#[146]">&gt;&gt;</a>&nbsp;&nbsp;&nbsp;_printf_pre_padding
<LI><a href="#[147]">&gt;&gt;</a>&nbsp;&nbsp;&nbsp;_printf_post_padding
</UL>
<BR>[Called By]<UL><LI><a href="#[142]">&gt;&gt;</a>&nbsp;&nbsp;&nbsp;__0sprintf$8
</UL>

<P><STRONG><a name="[147]"></a>_printf_post_padding</STRONG> (Thumb, 36 bytes, Stack size 24 bytes, printf8.o(i._printf_post_padding), UNUSED)
<BR><BR>[Called By]<UL><LI><a href="#[143]">&gt;&gt;</a>&nbsp;&nbsp;&nbsp;_printf_core
</UL>

<P><STRONG><a name="[146]"></a>_printf_pre_padding</STRONG> (Thumb, 46 bytes, Stack size 24 bytes, printf8.o(i._printf_pre_padding), UNUSED)
<BR><BR>[Called By]<UL><LI><a href="#[143]">&gt;&gt;</a>&nbsp;&nbsp;&nbsp;_printf_core
</UL>

<P><STRONG><a name="[54]"></a>_sputc</STRONG> (Thumb, 10 bytes, Stack size 0 bytes, printf8.o(i._sputc))
<BR><BR>[Called By]<UL><LI><a href="#[142]">&gt;&gt;</a>&nbsp;&nbsp;&nbsp;__0sprintf$8
</UL>
<BR>[Address Reference Count : 1]<UL><LI> printf8.o(i.__0sprintf$8)
</UL>
<P><STRONG><a name="[52]"></a>_scanf_char_input</STRONG> (Thumb, 12 bytes, Stack size 0 bytes, scanf_char.o(.text))
<BR>[Address Reference Count : 1]<UL><LI> scanf_char.o(.text)
</UL>
<P><STRONG><a name="[9c]"></a>_local_sscanf</STRONG> (Thumb, 54 bytes, Stack size 56 bytes, strtod.o(.text))
<BR><BR>[Stack]<UL><LI>Max Depth = 160<LI>Call Chain = _local_sscanf &rArr; _scanf_real
</UL>
<BR>[Calls]<UL><LI><a href="#[9d]">&gt;&gt;</a>&nbsp;&nbsp;&nbsp;_scanf_real
</UL>
<BR>[Called By]<UL><LI><a href="#[9e]">&gt;&gt;</a>&nbsp;&nbsp;&nbsp;__strtod_int
</UL>

<P><STRONG><a name="[a1]"></a>_fp_value</STRONG> (Thumb, 296 bytes, Stack size 64 bytes, scanf_fp.o(.text), UNUSED)
<BR><BR>[Calls]<UL><LI><a href="#[94]">&gt;&gt;</a>&nbsp;&nbsp;&nbsp;__aeabi_dmul
<LI><a href="#[95]">&gt;&gt;</a>&nbsp;&nbsp;&nbsp;__aeabi_ddiv
<LI><a href="#[a2]">&gt;&gt;</a>&nbsp;&nbsp;&nbsp;__aeabi_ul2d
</UL>
<BR>[Called By]<UL><LI><a href="#[a3]">&gt;&gt;</a>&nbsp;&nbsp;&nbsp;_scanf_really_real
</UL>
<P>
<H3>
Undefined Global Symbols
</H3><HR></body></html>
