<html>
<body>
<pre>
<h1>µVision Build Log</h1>
<h2>Tool Versions:</h2>
IDE-Version: µVision V5.33.0.0
Copyright (C) 2020 ARM Ltd and ARM Germany GmbH. All rights reserved.
License Information: FC FC, FC, LIC=03C6R-KT33V-8TS3P-MULWT-DXAR4-89US8
 
Tool Versions:
Toolchain:       MDK-ARM Plus  Version: 5.33.0.0
Toolchain Path:  C:\Keil_v5\ARM\ARMCC\Bin
C Compiler:      Armcc.exe V5.06 update 7 (build 960)
Assembler:       Armasm.exe V5.06 update 7 (build 960)
Linker/Locator:  ArmLink.exe V5.06 update 7 (build 960)
Library Manager: ArmAr.exe V5.06 update 7 (build 960)
Hex Converter:   FromElf.exe V5.06 update 7 (build 960)
CPU DLL:         SARMCM3.DLL V5.33.0.0
Dialog DLL:      DCM.DLL V1.17.3.0
Target DLL:      STLink\ST-LINKIII-KEIL_SWO.dll V3.0.8.0
Dialog DLL:      TCM.DLL V1.48.0.0
 
<h2>Project:</h2>
D:\PROJECTS\4G-Tracking\BK10\BK10-DVBK\MCU-ST\BK10-TRACKING.uvprojx
Project File Date:  01/11/2024

<h2>Output:</h2>
*** Using Compiler 'V5.06 update 7 (build 960)', folder: 'C:\Keil_v5\ARM\ARMCC\Bin'
Rebuild target 'BK10-MCU'
compiling utils.c...
compiling main.c...
compiling Thread.c...
compiling digital.c...
compiling Serial.c...
compiling canbus.c...
compiling power.c...
compiling stm32f30x_can.c...
compiling stm32f30x_it.c...
compiling flash.c...
compiling ds18b20.c...
compiling stm32f30x_comp.c...
compiling stm32f30x_adc.c...
compiling interface.c...
compiling stm32f30x_dac.c...
compiling stm32f30x_flash.c...
compiling stm32f30x_dma.c...
compiling stm32f30x_exti.c...
compiling stm32f30x_dbgmcu.c...
compiling stm32f30x_crc.c...
compiling stm32f30x_fmc.c...
compiling stm32f30x_misc.c...
compiling stm32f30x_i2c.c...
compiling stm32f30x_pwr.c...
compiling stm32f30x_gpio.c...
compiling stm32f30x_iwdg.c...
compiling stm32f30x_opamp.c...
compiling stm32f30x_hrtim.c...
compiling stm32f30x_usart.c...
compiling stm32f30x_syscfg.c...
compiling stm32f30x_spi.c...
compiling stm32f30x_rtc.c...
compiling stm32f30x_rcc.c...
assembling startup_stm32f302xc.s...
compiling stm32f30x_wwdg.c...
compiling stm32f30x_tim.c...
compiling RTX_Conf_CM.c...
compiling system_stm32f3xx.c...
linking...
Program Size: Code=30804 RO-data=2172 RW-data=328 ZI-data=33952  
FromELF: creating hex file...
".\Objects\BK10-MCU.axf" - 0 Error(s), 0 Warning(s).

<h2>Software Packages used:</h2>

Package Vendor: ARM
                http://www.keil.com/pack/ARM.CMSIS.5.9.0.pack
                ARM.CMSIS.5.9.0
                CMSIS (Common Microcontroller Software Interface Standard)
   * Component: RTOS Version: 1.0.0
   * Component: CORE Version: 5.6.0
   * Component: Keil RTX Version: 4.82.0

Package Vendor: Keil
                http://www.keil.com/pack/Keil.STM32F3xx_DFP.1.3.0.pack
                Keil.STM32F3xx_DFP.1.3.0
                STMicroelectronics STM32F3 Series Device Support and Examples
   * Component: Startup Version: 1.3.0

<h2>Collection of Component include folders:</h2>
  .\RTE\_BK10-MCU
  C:\Users\FC\AppData\Local\Arm\Packs\ARM\CMSIS\5.9.0\CMSIS\Core\Include
  C:\Users\FC\AppData\Local\Arm\Packs\ARM\CMSIS\5.9.0\CMSIS\RTOS\RTX\INC
  C:\Users\FC\AppData\Local\Arm\Packs\Keil\STM32F3xx_DFP\1.3.0\Device\Include

<h2>Collection of Component Files used:</h2>

   * Component: ::CMSIS:RTOS:1.0.0 (API)

   * Component: ARM::CMSIS:CORE:5.6.0

   * Component: ARM::CMSIS:RTOS:Keil RTX:4.82.0
      Include file:  CMSIS\RTOS\RTX\INC\cmsis_os.h
      Source file:   CMSIS\RTOS\RTX\UserCodeTemplates\MemPool.c
      Source file:   CMSIS\RTOS\RTX\UserCodeTemplates\MailQueue.c
      Source file:   CMSIS\RTOS\RTX\UserCodeTemplates\Semaphore.c
      Source file:   CMSIS\RTOS\RTX\Templates\RTX_Conf_CM.c
      Source file:   CMSIS\RTOS\RTX\SRC\ARM\SVC_Table.s
      Source file:   CMSIS\RTOS\RTX\UserCodeTemplates\Mutex.c
      Source file:   CMSIS\RTOS\RTX\UserCodeTemplates\main.c
      Source file:   CMSIS\RTOS\RTX\UserCodeTemplates\Timer.c
      Source file:   CMSIS\RTOS\RTX\UserCodeTemplates\Thread.c
      Source file:   CMSIS\RTOS\RTX\UserCodeTemplates\MsgQueue.c
      Include file:  CMSIS\RTOS\RTX\UserCodeTemplates\osObjects.h
      Library file:  CMSIS\RTOS\RTX\LIB\ARM\RTX_CM4.lib

   * Component: Keil::Device:Startup:1.3.0
      Source file:   Device\Source\ARM\STM32F3xx_OPT.s
      Source file:   Device\Source\system_stm32f3xx.c
      Source file:   Device\Source\ARM\startup_stm32f302xc.s
Build Time Elapsed:  00:00:16
</pre>
</body>
</html>
