Component: ARM Compiler 5.06 update 7 (build 960) Tool: armlink [4d3601]

==============================================================================

Section Cross References

    main.o(i.main) refers to rt_cmsis.o(i.osKernelInitialize) for osKernelInitialize
    main.o(i.main) refers to thread.o(i.Init_Thread) for Init_Thread
    main.o(i.main) refers to rt_cmsis.o(i.osKernelStart) for osKernelStart
    main.o(i.main) refers to rt_cmsis.o(i.osDelay) for osDelay
    main.o(i.main) refers to stm32f30x_iwdg.o(i.IWDG_ReloadCounter) for IWDG_ReloadCounter
    main.o(i.main) refers to interface.o(i.Set_Led_Status) for Set_Led_Status
    main.o(i.main) refers to rt_cmsis.o(i.osThreadYield) for osThreadYield
    main.o(i.main) refers to serial.o(.bss) for ec21_data
    thread.o(i.Init_Thread) refers to serial.o(i.load_mcu_config) for load_mcu_config
    thread.o(i.Init_Thread) refers to serial.o(i.Serial_Init) for Serial_Init
    thread.o(i.Init_Thread) refers to digital.o(i.digital_init) for digital_init
    thread.o(i.Init_Thread) refers to power.o(i.Power_Init) for Power_Init
    thread.o(i.Init_Thread) refers to interface.o(i.Interface_Init) for Interface_Init
    thread.o(i.Init_Thread) refers to canbus.o(i.CAN_service_init) for CAN_service_init
    thread.o(i.Init_Thread) refers to ds18b20.o(i.DS18B20_Init) for DS18B20_Init
    serial.o(i.EC21_data_parser) refers to flash.o(i.FLASH_WriteData) for FLASH_WriteData
    serial.o(i.EC21_data_parser) refers to serial.o(.bss) for .bss
    serial.o(i.PrintError) refers to strlen.o(.text) for strlen
    serial.o(i.PrintError) refers to serial.o(i.UART_SendByte) for UART_SendByte
    serial.o(i.SerialPushBuffer) refers to rt_cmsis.o(i.osSemaphoreWait) for osSemaphoreWait
    serial.o(i.SerialPushBuffer) refers to serial.o(i.SerialPushByte) for SerialPushByte
    serial.o(i.SerialPushBuffer) refers to rt_cmsis.o(i.osSemaphoreRelease) for osSemaphoreRelease
    serial.o(i.SerialPushBuffer) refers to serial.o(.data) for .data
    serial.o(i.SerialPushBufferWithCS) refers to utils.o(i.CRC_8BitsCompute) for CRC_8BitsCompute
    serial.o(i.SerialPushBufferWithCS) refers to serial.o(i.SerialPushBuffer) for SerialPushBuffer
    serial.o(i.SerialPushBufferWithCS) refers to serial.o(i.SerialPushByte) for SerialPushByte
    serial.o(i.SerialPushByte) refers to serial.o(i.UART_SendByte) for UART_SendByte
    serial.o(i.SerialPushStr) refers to strlen.o(.text) for strlen
    serial.o(i.SerialPushStr) refers to rt_cmsis.o(i.osSemaphoreWait) for osSemaphoreWait
    serial.o(i.SerialPushStr) refers to serial.o(i.SerialPushByte) for SerialPushByte
    serial.o(i.SerialPushStr) refers to rt_cmsis.o(i.osSemaphoreRelease) for osSemaphoreRelease
    serial.o(i.SerialPushStr) refers to serial.o(.data) for .data
    serial.o(i.SerialUARTInit) refers to stm32f30x_rcc.o(i.RCC_AHBPeriphClockCmd) for RCC_AHBPeriphClockCmd
    serial.o(i.SerialUARTInit) refers to stm32f30x_rcc.o(i.RCC_APB2PeriphClockCmd) for RCC_APB2PeriphClockCmd
    serial.o(i.SerialUARTInit) refers to stm32f30x_gpio.o(i.GPIO_Init) for GPIO_Init
    serial.o(i.SerialUARTInit) refers to stm32f30x_gpio.o(i.GPIO_PinAFConfig) for GPIO_PinAFConfig
    serial.o(i.SerialUARTInit) refers to stm32f30x_usart.o(i.USART_StructInit) for USART_StructInit
    serial.o(i.SerialUARTInit) refers to stm32f30x_usart.o(i.USART_Init) for USART_Init
    serial.o(i.SerialUARTInit) refers to stm32f30x_usart.o(i.USART_ITConfig) for USART_ITConfig
    serial.o(i.SerialUARTInit) refers to stm32f30x_usart.o(i.USART_Cmd) for USART_Cmd
    serial.o(i.Serial_Init) refers to rt_cmsis.o(i.osSemaphoreCreate) for osSemaphoreCreate
    serial.o(i.Serial_Init) refers to rt_cmsis.o(i.osMessageCreate) for osMessageCreate
    serial.o(i.Serial_Init) refers to rt_cmsis.o(i.osMailCreate) for osMailCreate
    serial.o(i.Serial_Init) refers to rt_cmsis.o(i.osThreadCreate) for osThreadCreate
    serial.o(i.Serial_Init) refers to serial.o(i.SerialUARTInit) for SerialUARTInit
    serial.o(i.Serial_Init) refers to serial.o(.constdata) for .constdata
    serial.o(i.Serial_Init) refers to serial.o(.data) for .data
    serial.o(i.Serial_Parse) refers to strncmp.o(.text) for strncmp
    serial.o(i.Serial_Parse) refers to serial.o(i.SerialPushBufferWithCS) for SerialPushBufferWithCS
    serial.o(i.Serial_Parse) refers to stm32f30x_gpio.o(i.GPIO_SetBits) for GPIO_SetBits
    serial.o(i.Serial_Parse) refers to rt_cmsis.o(i.osDelay) for osDelay
    serial.o(i.Serial_Parse) refers to stm32f30x_gpio.o(i.GPIO_ResetBits) for GPIO_ResetBits
    serial.o(i.Serial_Parse) refers to serial.o(i.EC21_data_parser) for EC21_data_parser
    serial.o(i.Serial_Parse) refers to digital.o(i.USART2PushBuffer) for USART2PushBuffer
    serial.o(i.Serial_Parse) refers to digital.o(i.UART4PushBuffer) for UART4PushBuffer
    serial.o(i.Serial_Parse) refers to flash.o(i.FLASH_ReadBufData) for FLASH_ReadBufData
    serial.o(i.Serial_Parse) refers to utils.o(i.CRC32Software) for CRC32Software
[...]
    DMA_Cmd                                  0x0800bf85   Thumb Code    22  stm32f30x_dma.o(i.DMA_Cmd)
    DMA_DeInit                               0x0800bf9d   Thumb Code   218  stm32f30x_dma.o(i.DMA_DeInit)
    DMA_GetITStatus                          0x0800c081   Thumb Code    24  stm32f30x_dma.o(i.DMA_GetITStatus)
    DMA_ITConfig                             0x0800c0a1   Thumb Code    16  stm32f30x_dma.o(i.DMA_ITConfig)
    DMA_Init                                 0x0800c0b1   Thumb Code    58  stm32f30x_dma.o(i.DMA_Init)
    DS18B20_Init                             0x0800c0ed   Thumb Code    20  ds18b20.o(i.DS18B20_Init)
    DWT_Delay_Init                           0x0800c109   Thumb Code    58  ds18b20.o(i.DWT_Delay_Init)
    DebugMon_Handler                         0x0800c14d   Thumb Code     8  stm32f30x_it.o(i.DebugMon_Handler)
    EC21_PW_Reset                            0x0800c199   Thumb Code    48  power.o(i.EC21_PW_Reset)
    ECUJ1587_Data_Request                    0x0800c2f5   Thumb Code    78  digital.o(i.ECUJ1587_Data_Request)
    EXTI0_IRQHandler                         0x0800c34d   Thumb Code   106  power.o(i.EXTI0_IRQHandler)
    EXTI_ClearITPendingBit                   0x0800c3c1   Thumb Code    22  stm32f30x_exti.o(i.EXTI_ClearITPendingBit)
    EXTI_GetITStatus                         0x0800c3dd   Thumb Code    32  stm32f30x_exti.o(i.EXTI_GetITStatus)
    EXTI_Init                                0x0800c401   Thumb Code   240  stm32f30x_exti.o(i.EXTI_Init)
    FLASH_ClearFlag                          0x0800c4f9   Thumb Code     6  stm32f30x_flash.o(i.FLASH_ClearFlag)
    FLASH_ErasePage                          0x0800c505   Thumb Code    54  stm32f30x_flash.o(i.FLASH_ErasePage)
    FLASH_GetStatus                          0x0800c541   Thumb Code    34  stm32f30x_flash.o(i.FLASH_GetStatus)
    FLASH_Lock                               0x0800c569   Thumb Code    12  stm32f30x_flash.o(i.FLASH_Lock)
    FLASH_ProgramWord                        0x0800c579   Thumb Code    70  stm32f30x_flash.o(i.FLASH_ProgramWord)
    FLASH_ReadBufData                        0x0800c5c5   Thumb Code    32  flash.o(i.FLASH_ReadBufData)
    FLASH_ReadData                           0x0800c5e5   Thumb Code     4  flash.o(i.FLASH_ReadData)
    FLASH_Unlock                             0x0800c5e9   Thumb Code    18  stm32f30x_flash.o(i.FLASH_Unlock)
    FLASH_WaitForLastOperation               0x0800c609   Thumb Code    34  stm32f30x_flash.o(i.FLASH_WaitForLastOperation)
    FLASH_WriteBufData                       0x0800c62b   Thumb Code    96  flash.o(i.FLASH_WriteBufData)
    FLASH_WriteData                          0x0800c68d   Thumb Code   112  flash.o(i.FLASH_WriteData)
    FindFaultCodeODB                         0x0800c705   Thumb Code    48  canbus.o(i.FindFaultCodeODB)
    GPIO_Init                                0x0800c8e5   Thumb Code   116  stm32f30x_gpio.o(i.GPIO_Init)
    GPIO_PinAFConfig                         0x0800ca0d   Thumb Code    32  stm32f30x_gpio.o(i.GPIO_PinAFConfig)
    GPIO_ReadInputDataBit                    0x0800ca2d   Thumb Code    14  stm32f30x_gpio.o(i.GPIO_ReadInputDataBit)
    GPIO_ResetBits                           0x0800ca3b   Thumb Code     4  stm32f30x_gpio.o(i.GPIO_ResetBits)
    GPIO_SetBits                             0x0800ca3f   Thumb Code     4  stm32f30x_gpio.o(i.GPIO_SetBits)
    GPIO_WriteBit                            0x0800ca43   Thumb Code    10  stm32f30x_gpio.o(i.GPIO_WriteBit)
    HardFault_Handler                        0x0800ca4d   Thumb Code    32  stm32f30x_it.o(i.HardFault_Handler)
    IWDG_ReloadCounter                       0x0800ca89   Thumb Code    10  stm32f30x_iwdg.o(i.IWDG_ReloadCounter)
    Init_Thread                              0x0800ca99   Thumb Code    34  thread.o(i.Init_Thread)
    Interface_Init                           0x0800cabd   Thumb Code    54  interface.o(i.Interface_Init)
    J1587HandlerRequest                      0x0800cb01   Thumb Code    58  digital.o(i.J1587HandlerRequest)
    J1587ParserPID                           0x0800cb3d   Thumb Code   658  digital.o(i.J1587ParserPID)
    MemManage_Handler                        0x0800d2f5   Thumb Code     8  stm32f30x_it.o(i.MemManage_Handler)
    NMI_Handler                              0x0800d311   Thumb Code     8  stm32f30x_it.o(i.NMI_Handler)
    NVIC_Init                                0x0800d325   Thumb Code    94  stm32f30x_misc.o(i.NVIC_Init)
    Power_Init                               0x0800d5fd   Thumb Code   130  power.o(i.Power_Init)
    PrintError                               0x0800d691   Thumb Code    38  serial.o(i.PrintError)
    RCC_ADCCLKConfig                         0x0800d6bd   Thumb Code    28  stm32f30x_rcc.o(i.RCC_ADCCLKConfig)
    RCC_AHBPeriphClockCmd                    0x0800d6dd   Thumb Code    18  stm32f30x_rcc.o(i.RCC_AHBPeriphClockCmd)
    RCC_APB1PeriphClockCmd                   0x0800d6f5   Thumb Code    18  stm32f30x_rcc.o(i.RCC_APB1PeriphClockCmd)
    RCC_APB1PeriphResetCmd                   0x0800d70d   Thumb Code    18  stm32f30x_rcc.o(i.RCC_APB1PeriphResetCmd)
    RCC_APB2PeriphClockCmd                   0x0800d725   Thumb Code    18  stm32f30x_rcc.o(i.RCC_APB2PeriphClockCmd)
    RCC_APB2PeriphResetCmd                   0x0800d73d   Thumb Code    18  stm32f30x_rcc.o(i.RCC_APB2PeriphResetCmd)
    RCC_GetClocksFreq                        0x0800d755   Thumb Code   748  stm32f30x_rcc.o(i.RCC_GetClocksFreq)
    SYSCFG_EXTILineConfig                    0x0800da51   Thumb Code    34  stm32f30x_syscfg.o(i.SYSCFG_EXTILineConfig)
    SerialPushBuffer                         0x0800daf1   Thumb Code    48  serial.o(i.SerialPushBuffer)
    SerialPushBufferWithCS                   0x0800db25   Thumb Code    30  serial.o(i.SerialPushBufferWithCS)
    SerialPushByte                           0x0800db45   Thumb Code     8  serial.o(i.SerialPushByte)
    SerialPushStr                            0x0800db51   Thumb Code    88  serial.o(i.SerialPushStr)
    SerialUARTInit                           0x0800dbad   Thumb Code   154  serial.o(i.SerialUARTInit)
    Serial_Init                              0x0800dc55   Thumb Code   100  serial.o(i.Serial_Init)
    Serial_Parse                             0x0800dcc1   Thumb Code   540  serial.o(i.Serial_Parse)
    SetECUClearData                          0x0800dfad   Thumb Code    78  canbus.o(i.SetECUClearData)
    Set_Led_Status                           0x0800e0a1   Thumb Code    28  interface.o(i.Set_Led_Status)
    StoreFaultCode                           0x0800e0c1   Thumb Code    64  canbus.o(i.StoreFaultCode)
    StoreFaultCodeJ1587                      0x0800e109   Thumb Code    84  digital.o(i.StoreFaultCodeJ1587)
    StoreFaultCodeODBII                      0x0800e165   Thumb Code   280  canbus.o(i.StoreFaultCodeODBII)
    SystemInit                               0x0800e291   Thumb Code    88  system_stm32f3xx.o(i.SystemInit)
    TIM3_IRQHandler                          0x0800e301   Thumb Code    96  power.o(i.TIM3_IRQHandler)
    TIM4_IRQHandler                          0x0800e369   Thumb Code    36  interface.o(i.TIM4_IRQHandler)
    TIM_ClearITPendingBit                    0x0800e395   Thumb Code     8  stm32f30x_tim.o(i.TIM_ClearITPendingBit)
    TIM_Cmd                                  0x0800e39d   Thumb Code    20  stm32f30x_tim.o(i.TIM_Cmd)
    TIM_GetITStatus                          0x0800e3b1   Thumb Code    24  stm32f30x_tim.o(i.TIM_GetITStatus)
    TIM_ITConfig                             0x0800e3c9   Thumb Code    20  stm32f30x_tim.o(i.TIM_ITConfig)
    TIM_TimeBaseInit                         0x0800e3dd   Thumb Code   118  stm32f30x_tim.o(i.TIM_TimeBaseInit)
    TIM_UpdateRequestConfig                  0x0800e47d   Thumb Code    20  stm32f30x_tim.o(i.TIM_UpdateRequestConfig)
    UART4Init                                0x0800e491   Thumb Code   140  digital.o(i.UART4Init)
    UART4PushBuffer                          0x0800e529   Thumb Code    34  digital.o(i.UART4PushBuffer)
    UART4_IRQHandler                         0x0800e551   Thumb Code    46  digital.o(i.UART4_IRQHandler)
    UART_SendByte                            0x0800e58d   Thumb Code    70  serial.o(i.UART_SendByte)
    USART1_IRQHandler                        0x0800e5dd   Thumb Code    46  serial.o(i.USART1_IRQHandler)
    USART2Init                               0x0800e619   Thumb Code   210  digital.o(i.USART2Init)
    USART2PushBuffer                         0x0800e705   Thumb Code    34  digital.o(i.USART2PushBuffer)
    USART2_IRQHandler                        0x0800e72d   Thumb Code    46  digital.o(i.USART2_IRQHandler)
    USART_Cmd                                0x0800e769   Thumb Code    20  stm32f30x_usart.o(i.USART_Cmd)
    USART_DeInit                             0x0800e77d   Thumb Code    96  stm32f30x_usart.o(i.USART_DeInit)
    USART_GetFlagStatus                      0x0800e7f1   Thumb Code    14  stm32f30x_usart.o(i.USART_GetFlagStatus)
    USART_GetITStatus                        0x0800e7ff   Thumb Code    58  stm32f30x_usart.o(i.USART_GetITStatus)
    USART_ITConfig                           0x0800e839   Thumb Code    40  stm32f30x_usart.o(i.USART_ITConfig)
    USART_Init                               0x0800e861   Thumb Code   164  stm32f30x_usart.o(i.USART_Init)
    USART_ReceiveData                        0x0800e915   Thumb Code     8  stm32f30x_usart.o(i.USART_ReceiveData)
    USART_SendData                           0x0800e91d   Thumb Code     8  stm32f30x_usart.o(i.USART_SendData)
    USART_StructInit                         0x0800e925   Thumb Code    22  stm32f30x_usart.o(i.USART_StructInit)
    USB_LP_CAN1_RX0_IRQHandler               0x0800e93d   Thumb Code    62  canbus.o(i.USB_LP_CAN1_RX0_IRQHandler)
    UsageFault_Handler                       0x0800e985   Thumb Code     8  stm32f30x_it.o(i.UsageFault_Handler)
    __0sprintf$8                             0x0800e9a5   Thumb Code    34  printf8.o(i.__0sprintf$8)
    __1sprintf$8                             0x0800e9a5   Thumb Code     0  printf8.o(i.__0sprintf$8)
    __2sprintf                               0x0800e9a5   Thumb Code     0  printf8.o(i.__0sprintf$8)
    __hardfp_atof                            0x0800ea41   Thumb Code    44  atof.o(i.__hardfp_atof)
    __read_errno                             0x0800ea79   Thumb Code     6  errno.o(i.__read_errno)
    __scatterload_copy                       0x0800ea85   Thumb Code    14  handlers.o(i.__scatterload_copy)
    __scatterload_null                       0x0800ea93   Thumb Code     2  handlers.o(i.__scatterload_null)
    __scatterload_zeroinit                   0x0800ea95   Thumb Code    14  handlers.o(i.__scatterload_zeroinit)
    __set_errno                              0x0800eaa5   Thumb Code     6  errno.o(i.__set_errno)
    _init_box                                0x0800eab1   Thumb Code    70  rt_membox.o(i._init_box)
    _is_digit                                0x0800eaf7   Thumb Code    14  scanf_fp.o(i._is_digit)
    bytes_to_u32                             0x0800ef65   Thumb Code    26  utils.o(i.bytes_to_u32)
    cal_sum16_buffer                         0x0800ef7f   Thumb Code    24  utils.o(i.cal_sum16_buffer)
    cal_sum_buffer                           0x0800ef97   Thumb Code    24  utils.o(i.cal_sum_buffer)
    config_GPIO                              0x0800efb1   Thumb Code    58  ds18b20.o(i.config_GPIO)
    dbg_init                                 0x0800eff1   Thumb Code    34  hal_cm.o(i.dbg_init)
    dbg_task_notify                          0x0800f021   Thumb Code    32  hal_cm.o(i.dbg_task_notify)
    dbg_task_switch                          0x0800f041   Thumb Code    16  hal_cm.o(i.dbg_task_switch)
    device_battery_off                       0x0800f051   Thumb Code     6  power.o(i.device_battery_off)
    digital_init                             0x0800f05d   Thumb Code   160  digital.o(i.digital_init)
    disable_irqn                             0x0800f109   Thumb Code    48  flash.o(i.disable_irqn)
    ds18b20_init_seq                         0x0800f145   Thumb Code    72  ds18b20.o(i.ds18b20_init_seq)
    ds18b20_read_bit                         0x0800f191   Thumb Code    68  ds18b20.o(i.ds18b20_read_bit)
    ds18b20_read_byte                        0x0800f1d9   Thumb Code    28  ds18b20.o(i.ds18b20_read_byte)
    ds18b20_read_temp                        0x0800f1f5   Thumb Code   248  ds18b20.o(i.ds18b20_read_temp)
    ds18b20_send_function_cmd                0x0800f311   Thumb Code    28  ds18b20.o(i.ds18b20_send_function_cmd)
    ds18b20_write_byte                       0x0800f331   Thumb Code   100  ds18b20.o(i.ds18b20_write_byte)
    dsCRC8                                   0x0800f399   Thumb Code    50  ds18b20.o(i.dsCRC8)
    ec21_power_rst                           0x0800f3cd   Thumb Code     6  power.o(i.ec21_power_rst)
    enable_irqn                              0x0800f3d9   Thumb Code    48  flash.o(i.enable_irqn)
    findFaultCode                            0x0800f415   Thumb Code    60  canbus.o(i.findFaultCode)
    findFaultCodeJ1587                       0x0800f459   Thumb Code    78  digital.o(i.findFaultCodeJ1587)
    get_buzer_state                          0x0800f5a9   Thumb Code     6  interface.o(i.get_buzer_state)
    is_buzz_disable                          0x0800f625   Thumb Code    14  interface.o(i.is_buzz_disable)
    isrMessageGet                            0x0800f639   Thumb Code    42  rt_cmsis.o(i.isrMessageGet)
    isrMessagePut                            0x0800f663   Thumb Code    44  rt_cmsis.o(i.isrMessagePut)
    isrSemaphoreRelease                      0x0800f68f   Thumb Code    40  rt_cmsis.o(i.isrSemaphoreRelease)
    isr_mbx_receive                          0x0800f6b9   Thumb Code    86  rt_mailbox.o(i.isr_mbx_receive)
    isr_mbx_send                             0x0800f70f   Thumb Code    14  rt_mailbox.o(i.isr_mbx_send)
    isr_sem_send                             0x0800f71d   Thumb Code    16  rt_semaphore.o(i.isr_sem_send)
    load_mcu_config                          0x0800f72d   Thumb Code    98  serial.o(i.load_mcu_config)
    main                                     0x0800f7b1   Thumb Code    68  main.o(i.main)
    osDelay                                  0x0800f7f9   Thumb Code    18  rt_cmsis.o(i.osDelay)
    osKernelInitialize                       0x0800f811   Thumb Code    30  rt_cmsis.o(i.osKernelInitialize)
    osKernelStart                            0x0800f835   Thumb Code    98  rt_cmsis.o(i.osKernelStart)
    osKernelSysTick                          0x0800f8a1   Thumb Code    18  rt_cmsis.o(i.osKernelSysTick)
    osMailAlloc                              0x0800f8b9   Thumb Code    22  rt_cmsis.o(i.osMailAlloc)
    osMailCreate                             0x0800f8d5   Thumb Code    36  rt_cmsis.o(i.osMailCreate)
    osMailFree                               0x0800f901   Thumb Code    22  rt_cmsis.o(i.osMailFree)
    osMailGet                                0x0800f91d   Thumb Code    22  rt_cmsis.o(i.osMailGet)
    osMailPut                                0x0800f933   Thumb Code    20  rt_cmsis.o(i.osMailPut)
    osMessageCreate                          0x0800f949   Thumb Code    36  rt_cmsis.o(i.osMessageCreate)
    osMessageGet                             0x0800f975   Thumb Code    18  rt_cmsis.o(i.osMessageGet)
    osMessagePut                             0x0800f98d   Thumb Code    18  rt_cmsis.o(i.osMessagePut)
    osSemaphoreCreate                        0x0800f9a5   Thumb Code    36  rt_cmsis.o(i.osSemaphoreCreate)
    osSemaphoreRelease                       0x0800f9d1   Thumb Code    18  rt_cmsis.o(i.osSemaphoreRelease)
    osSemaphoreWait                          0x0800f9e9   Thumb Code    20  rt_cmsis.o(i.osSemaphoreWait)
    osThreadCreate                           0x0800fa01   Thumb Code    36  rt_cmsis.o(i.osThreadCreate)
    osThreadExit                             0x0800fa2d   Thumb Code    14  rt_cmsis.o(i.osThreadExit)
    osThreadYield                            0x0800fa45   Thumb Code    18  rt_cmsis.o(i.osThreadYield)
    osTimerCall                              0x0800fa5d   Thumb Code     8  rt_cmsis.o(i.osTimerCall)
    osTimerCreate                            0x0800fa69   Thumb Code    36  rt_cmsis.o(i.osTimerCreate)
    osTimerStart                             0x0800fa95   Thumb Code    18  rt_cmsis.o(i.osTimerStart)
    osTimerThread                            0x0800faad   Thumb Code    38  rt_cmsis.o(i.osTimerThread)
    os_error                                 0x0800fad9   Thumb Code    38  rtx_conf_cm.o(i.os_error)
    os_idle_demon                            0x0800fb51   Thumb Code     2  rtx_conf_cm.o(i.os_idle_demon)
    os_tick_init                             0x0800fb55   Thumb Code    32  rt_system.o(i.os_tick_init)
    os_tick_irqack                           0x0800fb7d   Thumb Code     2  rt_system.o(i.os_tick_irqack)
    os_tick_ovf                              0x0800fb81   Thumb Code    10  rt_system.o(i.os_tick_ovf)
    os_tick_val                              0x0800fb91   Thumb Code    14  rt_system.o(i.os_tick_val)
    rt_alloc_box                             0x0800fba5   Thumb Code    26  rt_membox.o(i.rt_alloc_box)
    rt_alloc_mem                             0x0800fbbf   Thumb Code    62  rt_memory.o(i.rt_alloc_mem)
    rt_block                                 0x0800fbfd   Thumb Code    48  rt_task.o(i.rt_block)
    rt_chk_robin                             0x0800fc35   Thumb Code    60  rt_robin.o(i.rt_chk_robin)
    rt_dec_dly                               0x0800fc7d   Thumb Code   102  rt_list.o(i.rt_dec_dly)
    rt_dispatch                              0x0800fced   Thumb Code    60  rt_task.o(i.rt_dispatch)
    rt_dly_wait                              0x0800fd31   Thumb Code     6  rt_time.o(i.rt_dly_wait)
    rt_evt_psh                               0x0800fd39   Thumb Code    76  rt_event.o(i.rt_evt_psh)
    rt_free_box                              0x0800fd89   Thumb Code    44  rt_membox.o(i.rt_free_box)
    rt_free_mem                              0x0800fdb5   Thumb Code    40  rt_memory.o(i.rt_free_mem)
    rt_get_first                             0x0800fddd   Thumb Code    40  rt_list.o(i.rt_get_first)
    rt_get_same_rdy_prio                     0x0800fe05   Thumb Code    26  rt_list.o(i.rt_get_same_rdy_prio)
    rt_init_mem                              0x0800fe79   Thumb Code    26  rt_memory.o(i.rt_init_mem)
    rt_init_robin                            0x0800fe95   Thumb Code    14  rt_robin.o(i.rt_init_robin)
    rt_init_stack                            0x0800fead   Thumb Code   118  hal_cm.o(i.rt_init_stack)
    rt_mbx_check                             0x0800ff2d   Thumb Code     8  rt_mailbox.o(i.rt_mbx_check)
    rt_mbx_init                              0x0800ff35   Thumb Code    26  rt_mailbox.o(i.rt_mbx_init)
    rt_mbx_psh                               0x0800ff51   Thumb Code   236  rt_mailbox.o(i.rt_mbx_psh)
    rt_mbx_send                              0x08010041   Thumb Code   148  rt_mailbox.o(i.rt_mbx_send)
    rt_mbx_wait                              0x080100d9   Thumb Code   174  rt_mailbox.o(i.rt_mbx_wait)
    rt_pop_req                               0x080101d1   Thumb Code   112  rt_system.o(i.rt_pop_req)
    rt_psh_req                               0x0801024d   Thumb Code    22  rt_system.o(i.rt_psh_req)
    rt_psq_enq                               0x0801026d   Thumb Code    88  rt_list.o(i.rt_psq_enq)
    rt_put_dly                               0x080102c9   Thumb Code    68  rt_list.o(i.rt_put_dly)
    rt_put_prio                              0x08010311   Thumb Code    54  rt_list.o(i.rt_put_prio)
    rt_put_rdy_first                         0x08010349   Thumb Code    14  rt_list.o(i.rt_put_rdy_first)
    rt_resort_prio                           0x0801035d   Thumb Code    46  rt_list.o(i.rt_resort_prio)
    rt_ret_val                               0x080103a1   Thumb Code    12  hal_cm.o(i.rt_ret_val)
    rt_ret_val2                              0x080103ad   Thumb Code    16  hal_cm.o(i.rt_ret_val2)
    rt_rmv_dly                               0x080103bd   Thumb Code    40  rt_list.o(i.rt_rmv_dly)
    rt_rmv_list                              0x080103e5   Thumb Code    44  rt_list.o(i.rt_rmv_list)
    rt_sem_init                              0x08010415   Thumb Code    12  rt_semaphore.o(i.rt_sem_init)
    rt_sem_psh                               0x08010421   Thumb Code    48  rt_semaphore.o(i.rt_sem_psh)
    rt_sem_send                              0x08010455   Thumb Code    42  rt_semaphore.o(i.rt_sem_send)
    rt_sem_wait                              0x08010481   Thumb Code    58  rt_semaphore.o(i.rt_sem_wait)
    rt_stk_check                             0x080104c1   Thumb Code    28  rt_system.o(i.rt_stk_check)
    rt_switch_req                            0x080104e5   Thumb Code    30  rt_task.o(i.rt_switch_req)
    rt_sys_init                              0x0801050d   Thumb Code   138  rt_task.o(i.rt_sys_init)
    rt_sys_start                             0x080105d9   Thumb Code   110  rt_task.o(i.rt_sys_start)
    rt_systick                               0x08010651   Thumb Code    50  rt_system.o(i.rt_systick)
    rt_tsk_create                            0x08010715   Thumb Code   118  rt_task.o(i.rt_tsk_create)
    rt_tsk_delete                            0x0801079d   Thumb Code   352  rt_task.o(i.rt_tsk_delete)
    rt_tsk_pass                              0x08010919   Thumb Code    38  rt_task.o(i.rt_tsk_pass)
    rt_tsk_prio                              0x08010949   Thumb Code   108  rt_task.o(i.rt_tsk_prio)
    rt_tsk_self                              0x080109c5   Thumb Code    12  rt_task.o(i.rt_tsk_self)
    serial_report_data                       0x080109d5   Thumb Code   346  serial.o(i.serial_report_data)
    str_trim                                 0x08010b5d   Thumb Code    46  utils.o(i.str_trim)
    svcDelay                                 0x08010b8b   Thumb Code    18  rt_cmsis.o(i.svcDelay)
    svcKernelInitialize                      0x08010b9d   Thumb Code    80  rt_cmsis.o(i.svcKernelInitialize)
    svcKernelStart                           0x08010c0d   Thumb Code    62  rt_cmsis.o(i.svcKernelStart)
    svcKernelSysTick                         0x08010c55   Thumb Code    46  rt_cmsis.o(i.svcKernelSysTick)
    svcMailCreate                            0x08010c8d   Thumb Code    66  rt_cmsis.o(i.svcMailCreate)
    svcMessageCreate                         0x08010ccf   Thumb Code    36  rt_cmsis.o(i.svcMessageCreate)
    svcMessageGet                            0x08010cf3   Thumb Code    58  rt_cmsis.o(i.svcMessageGet)
    svcMessagePut                            0x08010d2d   Thumb Code    54  rt_cmsis.o(i.svcMessagePut)
    svcSemaphoreCreate                       0x08010d63   Thumb Code    36  rt_cmsis.o(i.svcSemaphoreCreate)
    svcSemaphoreRelease                      0x08010d87   Thumb Code    40  rt_cmsis.o(i.svcSemaphoreRelease)
    svcSemaphoreWait                         0x08010daf   Thumb Code    50  rt_cmsis.o(i.svcSemaphoreWait)
    svcThreadCreate                          0x08010de1   Thumb Code    96  rt_cmsis.o(i.svcThreadCreate)
    svcThreadGetId                           0x08010e4d   Thumb Code    22  rt_cmsis.o(i.svcThreadGetId)
    svcThreadTerminate                       0x08010e69   Thumb Code    50  rt_cmsis.o(i.svcThreadTerminate)
    svcThreadYield                           0x08010ea1   Thumb Code    10  rt_cmsis.o(i.svcThreadYield)
    svcTimerCall                             0x08010eab   Thumb Code    24  rt_cmsis.o(i.svcTimerCall)
    svcTimerCreate                           0x08010ec5   Thumb Code    52  rt_cmsis.o(i.svcTimerCreate)
    svcTimerStart                            0x08010efd   Thumb Code    96  rt_cmsis.o(i.svcTimerStart)
    sysMailAlloc                             0x08010f61   Thumb Code    84  rt_cmsis.o(i.sysMailAlloc)
    sysMailFree                              0x08010fb9   Thumb Code    96  rt_cmsis.o(i.sysMailFree)
    sysTimerTick                             0x08011019   Thumb Code    84  rt_cmsis.o(i.sysTimerTick)
    threadDS18B20                            0x08011075   Thumb Code    94  ds18b20.o(i.threadDS18B20)
    vJ1587HandlerTask                        0x080110e1   Thumb Code   112  digital.o(i.vJ1587HandlerTask)
    vJ1587RequestTask                        0x08011155   Thumb Code   106  digital.o(i.vJ1587RequestTask)
    vJ1939Task                               0x080111d5   Thumb Code   440  canbus.o(i.vJ1939Task)
    vPowerTask                               0x0801139d   Thumb Code   354  power.o(i.vPowerTask)
    vSerialReceiver                          0x08011599   Thumb Code   138  serial.o(i.vSerialReceiver)
    vSerialTask                              0x0801162d   Thumb Code   430  serial.o(i.vSerialTask)
    vSerialTransfer                          0x080117ed   Thumb Code    20  serial.o(i.vSerialTransfer)
    vUART4Receiver                           0x08011801   Thumb Code   164  digital.o(i.vUART4Receiver)
    vUSART2Receiver                          0x080118b9   Thumb Code   240  digital.o(i.vUSART2Receiver)
    os_semaphore_def_sSerialFree             0x080119dc   Data           4  serial.o(.constdata)
    os_messageQ_def_SerialRxMsgBox           0x080119e0   Data           8  serial.o(.constdata)
    os_mailQ_def_SerialPkgMailBox            0x080119e8   Data          12  serial.o(.constdata)
    os_thread_def_vSerialReceiver            0x080119f4   Data          16  serial.o(.constdata)
    os_thread_def_vSerialTransfer            0x08011a04   Data          16  serial.o(.constdata)
    os_thread_def_vSerialTask                0x08011a14   Data          16  serial.o(.constdata)
    os_thread_def_vPowerTask                 0x08011a24   Data          16  power.o(.constdata)
    Crc32Table                               0x08011a34   Data        1024  utils.o(.constdata)
    CRC_Table                                0x08011e34   Data         256  utils.o(.constdata)
    os_timer_def_FuelTimer                   0x08011f34   Data           8  digital.o(.constdata)
    os_messageQ_def_UART4RxMsgBox            0x08011f3c   Data           8  digital.o(.constdata)
    os_messageQ_def_USART2RxMsgBox           0x08011f44   Data           8  digital.o(.constdata)
    os_thread_def_vUART4Receiver             0x08011f4c   Data          16  digital.o(.constdata)
    os_thread_def_vUSART2Receiver            0x08011f5c   Data          16  digital.o(.constdata)
    os_thread_def_vJ1587HandlerTask          0x08011f6c   Data          16  digital.o(.constdata)
    os_thread_def_vJ1587RequestTask          0x08011f7c   Data          16  digital.o(.constdata)
    os_mailQ_def_J1587PkgMailBox             0x08011f8c   Data          12  digital.o(.constdata)
    os_thread_def_vJ1939Task                 0x08011f98   Data          16  canbus.o(.constdata)
    os_timer_def_UserTimer                   0x08011fa8   Data           8  interface.o(.constdata)
    os_thread_def_threadDS18B20              0x08011fb0   Data          16  ds18b20.o(.constdata)
    os_maxtaskrun                            0x08011fc0   Data           2  rtx_conf_cm.o(.constdata)
    os_stackinfo                             0x08011fc4   Data           4  rtx_conf_cm.o(.constdata)
    os_rrobin                                0x08011fc8   Data           4  rtx_conf_cm.o(.constdata)
    os_tickus_i                              0x08011fcc   Data           2  rtx_conf_cm.o(.constdata)
    os_tickus_f                              0x08011fce   Data           2  rtx_conf_cm.o(.constdata)
    os_trv                                   0x08011fd0   Data           4  rtx_conf_cm.o(.constdata)
    os_flags                                 0x08011fd4   Data           1  rtx_conf_cm.o(.constdata)
    CMSIS_RTOS_API_Version                   0x08011fd8   Data           4  rtx_conf_cm.o(.constdata)
    CMSIS_RTOS_RTX_Version                   0x08011fdc   Data           4  rtx_conf_cm.o(.constdata)
    os_clockrate                             0x08011fe0   Data           4  rtx_conf_cm.o(.constdata)
    os_timernum                              0x08011fe4   Data           4  rtx_conf_cm.o(.constdata)
    os_thread_def_main                       0x08011fe8   Data          16  rtx_conf_cm.o(.constdata)
    mp_tcb_size                              0x08011ff8   Data           2  rtx_conf_cm.o(.constdata)
    mp_stk_size                              0x08011ffc   Data           4  rtx_conf_cm.o(.constdata)
    os_stack_sz                              0x08012000   Data           4  rtx_conf_cm.o(.constdata)
    os_fifo_size                             0x08012004   Data           1  rtx_conf_cm.o(.constdata)
    os_thread_def_osTimerThread              0x08012008   Data          16  rtx_conf_cm.o(.constdata)
    os_messageQ_def_osTimerMessageQ          0x08012018   Data           8  rtx_conf_cm.o(.constdata)
    mp_tmr_size                              0x08012020   Data           2  rtx_conf_cm.o(.constdata)
    __ctype_categories                       0x08012022   Data          64  ctype_c.o(.constdata)
    Region$$Table$$Base                      0x080120b0   Number         0  anon$$obj.o(Region$$Table)
    Region$$Table$$Limit                     0x080120d0   Number         0  anon$$obj.o(Region$$Table)
    os_mailQ_p_SerialPkgMailBox              0x20000000   Data           8  serial.o(.data)
    SerialRxBufferIdx                        0x2000000c   Data           2  serial.o(.data)
    time_reset_crash                         0x2000000e   Data           2  serial.o(.data)
    SerialRxMsgBox                           0x20000014   Data           4  serial.o(.data)
    SerialPkgMailBox                         0x20000018   Data           4  serial.o(.data)
    serial_receiver_thread                   0x2000001c   Data           4  serial.o(.data)
    serial_transfer_thread                   0x20000020   Data           4  serial.o(.data)
    serial_thread                            0x20000024   Data           4  serial.o(.data)
    sSerialFree                              0x20000028   Data           4  serial.o(.data)
    ec21_status                              0x2000002c   Data           6  serial.o(.data)
    os_semaphore_cb_sSerialFree              0x20000034   Data           8  serial.o(.data)
    EC21_PW_reboot_time                      0x2000003c   Data           1  power.o(.data)
    Device_BAT_off_time                      0x2000003d   Data           1  power.o(.data)
    PowerData                                0x20000040   Data           4  power.o(.data)
    power_thread                             0x20000044   Data           4  power.o(.data)
    flg_init_j1587_uart                      0x20000048   Data           1  digital.o(.data)
    f_mid                                    0x20000049   Data           1  digital.o(.data)
    sFaultCodeSizeJ1587                      0x2000004a   Data           1  digital.o(.data)
    UART4RxBufferIdx                         0x20000052   Data           2  digital.o(.data)
    USART2RxBufferIdx                        0x20000054   Data           2  digital.o(.data)
    StepResq                                 0x20000058   Data           4  digital.o(.data)
    UART4RxMsgBox                            0x20000060   Data           4  digital.o(.data)
    USART2RxMsgBox                           0x20000064   Data           4  digital.o(.data)
    uart4_receiver_thread                    0x20000068   Data           4  digital.o(.data)
    USART2_receiver_thread                   0x2000006c   Data           4  digital.o(.data)
    vJ1587HandlerThread                      0x20000070   Data           4  digital.o(.data)
    vJ1587RequestThread                      0x20000074   Data           4  digital.o(.data)
    J1587PkgMailBox                          0x20000078   Data           4  digital.o(.data)
    fuel_232_value                           0x2000007c   Data           8  digital.o(.data)
    os_mailQ_p_J1587PkgMailBox               0x20000084   Data           8  digital.o(.data)
    nSrc                                     0x20000090   Data           1  canbus.o(.data)
    FMI                                      0x20000091   Data           1  canbus.o(.data)
    Count                                    0x20000092   Data           1  canbus.o(.data)
    nPriority                                0x20000093   Data           1  canbus.o(.data)
    sFaultCodeSize                           0x20000094   Data           1  canbus.o(.data)
    s_fc_send                                0x20000095   Data           1  canbus.o(.data)
    flg_dtc                                  0x20000096   Data           1  canbus.o(.data)
    flg_has                                  0x20000097   Data           1  canbus.o(.data)
    iLampStatus                              0x20000098   Data           1  canbus.o(.data)
    sLampStatus                              0x20000099   Data           1  canbus.o(.data)
    wLampStatus                              0x2000009a   Data           1  canbus.o(.data)
    pLampStatus                              0x2000009b   Data           1  canbus.o(.data)
    idx_dtc                                  0x2000009c   Data           2  canbus.o(.data)
    PGN                                      0x200000a0   Data           4  canbus.o(.data)
    SPN                                      0x200000a4   Data           4  canbus.o(.data)
    vJ1939ParserThread                       0x200000a8   Data           4  canbus.o(.data)
    d_val                                    0x200000b0   Data           8  canbus.o(.data)
    ds18b20_temp                             0x200000c4   Data           2  ds18b20.o(.data)
    threadIDSENSOR                           0x200000c8   Data           4  ds18b20.o(.data)
    m_tmr                                    0x200000fc   Data           4  rtx_conf_cm.o(.data)
    osThreadId_osTimerThread                 0x20000100   Data           4  rtx_conf_cm.o(.data)
    osMessageQId_osTimerMessageQ             0x20000104   Data           4  rtx_conf_cm.o(.data)
    SystemCoreClock                          0x20000108   Data           4  system_stm32f3xx.o(.data)
    AHBPrescTable                            0x2000010c   Data          16  system_stm32f3xx.o(.data)
    os_initialized                           0x2000011c   Data           1  rt_cmsis.o(.data)
    os_running                               0x2000011d   Data           1  rt_cmsis.o(.data)
    os_timer_head                            0x20000120   Data           4  rt_cmsis.o(.data)
    os_tsk                                   0x20000124   Data           8  rt_task.o(.data)
    os_tick_irqn                             0x20000130   Data           4  rt_system.o(.data)
    os_time                                  0x20000134   Data           4  rt_time.o(.data)
    dbg_msg                                  0x20000138   Data           1  hal_cm.o(.data)
    os_robin                                 0x2000013c   Data           8  rt_robin.o(.data)
    os_messageQ_q_SerialRxMsgBox             0x20000148   Data        2064  serial.o(.bss)
    os_mailQ_q_SerialPkgMailBox              0x20000958   Data          36  serial.o(.bss)
    ec21_data                                0x2000097c   Data          28  serial.o(.bss)
    mcu_config                               0x20000998   Data          16  serial.o(.bss)
    SerialRxBuffer                           0x200009a8   Data         512  serial.o(.bss)
    serial_data_rpt                          0x20000ba8   Data          64  serial.o(.bss)
    serial_buffer                            0x20000be8   Data         512  serial.o(.bss)
    flash_buffer                             0x20000de8   Data         512  serial.o(.bss)
    os_mailQ_m_SerialPkgMailBox              0x20000fe8   Data        2592  serial.o(.bss)
    ADCData                                  0x20001a08   Data          40  power.o(.bss)
    os_messageQ_q_UART4RxMsgBox              0x20001b58   Data         528  digital.o(.bss)
    os_messageQ_q_USART2RxMsgBox             0x20001d68   Data        2064  digital.o(.bss)
    os_mailQ_q_J1587PkgMailBox               0x20002578   Data          36  digital.o(.bss)
    UART4RxBuffer                            0x200025b4   Data         128  digital.o(.bss)
    USART2RxBuffer                           0x20002634   Data         512  digital.o(.bss)
    fc_j1587                                 0x20002834   Data          20  digital.o(.bss)
    sFaultCodeJ1587                          0x20002848   Data         320  digital.o(.bss)
    os_mailQ_m_J1587PkgMailBox               0x20002988   Data        2592  digital.o(.bss)
    TxMessage                                0x200033a8   Data          20  canbus.o(.bss)
    RxMessage                                0x200033bc   Data          20  canbus.o(.bss)
    canbus                                   0x200033d0   Data         120  canbus.o(.bss)
    sFaultCodeJ1939                          0x20003448   Data         256  canbus.o(.bss)
    sFaultCodeODB                            0x20003548   Data          32  canbus.o(.bss)
    fc                                       0x20003568   Data          16  canbus.o(.bss)
    os_messageQ_q_osTimerMessageQ            0x20003590   Data          32  rtx_conf_cm.o(.bss)
    mp_tcb                                   0x200035b0   Data         896  rtx_conf_cm.o(.bss)
    mp_stk                                   0x20003930   Data        7184  rtx_conf_cm.o(.bss)
    os_stack_mem                             0x20005540   Data       10744  rtx_conf_cm.o(.bss)
    os_fifo                                  0x20007f38   Data         516  rtx_conf_cm.o(.bss)
    os_active_TCB                            0x2000813c   Data          68  rtx_conf_cm.o(.bss)
    os_idle_TCB                              0x20008180   Data          52  rt_task.o(.bss)
    os_rdy                                   0x200081b4   Data          24  rt_list.o(.bss)
    os_dly                                   0x200081cc   Data          24  rt_list.o(.bss)
    __initial_sp                             0x200085e8   Data           0  startup_stm32f302xc.o(STACK)



==============================================================================

Memory Map of the image

  Image Entry point : 0x0800a189

  Load Region LR_IROM1 (Base: 0x0800a000, Size: 0x00008218, Max: 0x00040000, ABSOLUTE, COMPRESSED[0x00008118])

    Execution Region ER_IROM1 (Exec base: 0x0800a000, Load base: 0x0800a000, Size: 0x000080d0, Max: 0x00040000, ABSOLUTE)

    Exec Addr    Load Addr    Size         Type   Attr      Idx    E Section Name        Object

    0x0800a000   0x0800a000   0x00000188   Data   RO         5778    RESET               startup_stm32f302xc.o
    0x0800a188   0x0800a188   0x00000000   Code   RO         7050  * .ARM.Collect$$$$00000000  mc_w.l(entry.o)
    0x0800a188   0x0800a188   0x00000004   Code   RO         7352    .ARM.Collect$$$$00000001  mc_w.l(entry2.o)
    0x0800a18c   0x0800a18c   0x00000004   Code   RO         7355    .ARM.Collect$$$$00000004  mc_w.l(entry5.o)
    0x0800a190   0x0800a190   0x00000000   Code   RO         7357    .ARM.Collect$$$$00000008  mc_w.l(entry7b.o)
    0x0800a190   0x0800a190   0x00000000   Code   RO         7359    .ARM.Collect$$$$0000000A  mc_w.l(entry8b.o)
    0x0800a190   0x0800a190   0x00000004   Code   RO         7365    .ARM.Collect$$$$0000000E  mc_w.l(entry12b.o)
    0x0800a194   0x0800a194   0x00000000   Code   RO         7360    .ARM.Collect$$$$0000000F  mc_w.l(entry10a.o)
    0x0800a194   0x0800a194   0x00000000   Code   RO         7362    .ARM.Collect$$$$00000011  mc_w.l(entry11a.o)
    0x0800a194   0x0800a194   0x00000018   Code   RO         5709    .ARM.Collect$$$$000000FF  rtx_conf_cm.o
    0x0800a1ac   0x0800a1ac   0x00000004   Code   RO         7353    .ARM.Collect$$$$00002712  mc_w.l(entry2.o)
    0x0800a1b0   0x0800a1b0   0x00000198   Code   RO         7031    .emb_text           RTX_CM4.lib(hal_cm4.o)
    0x0800a348   0x0800a348   0x00000024   Code   RO         5779    .text               startup_stm32f302xc.o
    0x0800a36c   0x0800a36c   0x00000062   Code   RO         7053    .text               mc_w.l(uldiv.o)
    0x0800a3ce   0x0800a3ce   0x00000024   Code   RO         7059    .text               mc_w.l(memcpya.o)
    0x0800a3f2   0x0800a3f2   0x00000024   Code   RO         7061    .text               mc_w.l(memseta.o)
    0x0800a416   0x0800a416   0x0000000e   Code   RO         7065    .text               mc_w.l(strlen.o)
    0x0800a424   0x0800a424   0x0000001e   Code   RO         7067    .text               mc_w.l(strncmp.o)
    0x0800a442   0x0800a442   0x00000002   PAD
    0x0800a444   0x0800a444   0x00000038   Code   RO         7332    .text               mc_w.l(__0sscanf.o)
    0x0800a47c   0x0800a47c   0x0000014c   Code   RO         7334    .text               mc_w.l(_scanf_int.o)
    0x0800a5c8   0x0800a5c8   0x0000014e   Code   RO         7336    .text               mf_w.l(dadd.o)
    0x0800a716   0x0800a716   0x000000e4   Code   RO         7338    .text               mf_w.l(dmul.o)
    0x0800a7fa   0x0800a7fa   0x000000de   Code   RO         7340    .text               mf_w.l(ddiv.o)
    0x0800a8d8   0x0800a8d8   0x00000022   Code   RO         7342    .text               mf_w.l(dflti.o)
    0x0800a8fa   0x0800a8fa   0x0000001a   Code   RO         7344    .text               mf_w.l(dfltui.o)
    0x0800a914   0x0800a914   0x00000032   Code   RO         7346    .text               mf_w.l(dfixui.o)
    0x0800a946   0x0800a946   0x00000002   PAD
    0x0800a948   0x0800a948   0x00000030   Code   RO         7348    .text               mf_w.l(cdcmple.o)
    0x0800a978   0x0800a978   0x00000038   Code   RO         7350    .text               mf_w.l(d2f.o)
    0x0800a9b0   0x0800a9b0   0x0000001e   Code   RO         7371    .text               mc_w.l(llshl.o)
    0x0800a9ce   0x0800a9ce   0x00000020   Code   RO         7373    .text               mc_w.l(llushr.o)
    0x0800a9ee   0x0800a9ee   0x00000024   Code   RO         7375    .text               mc_w.l(llsshr.o)
    0x0800aa12   0x0800aa12   0x0000001c   Code   RO         7384    .text               mc_w.l(_chval.o)
    0x0800aa2e   0x0800aa2e   0x00000002   PAD
    0x0800aa30   0x0800aa30   0x00000028   Code   RO         7386    .text               mc_w.l(scanf_char.o)
    0x0800aa58   0x0800aa58   0x00000040   Code   RO         7388    .text               mc_w.l(_sgetc.o)
    0x0800aa98   0x0800aa98   0x0000009c   Code   RO         7390    .text               mc_w.l(strtod.o)
    0x0800ab34   0x0800ab34   0x00000000   Code   RO         7392    .text               mc_w.l(iusefp.o)
    0x0800ab34   0x0800ab34   0x0000006e   Code   RO         7393    .text               mf_w.l(fepilogue.o)
    0x0800aba2   0x0800aba2   0x000000ba   Code   RO         7395    .text               mf_w.l(depilogue.o)
    0x0800ac5c   0x0800ac5c   0x00000024   Code   RO         7401    .text               mc_w.l(init.o)
    0x0800ac80   0x0800ac80   0x0000000a   Code   RO         7404    .text               mc_w.l(isspace_c.o)
    0x0800ac8a   0x0800ac8a   0x00000002   PAD
    0x0800ac8c   0x0800ac8c   0x00000330   Code   RO         7406    .text               mc_w.l(_scanf.o)
    0x0800afbc   0x0800afbc   0x00000360   Code   RO         7408    .text               mc_w.l(scanf_fp.o)
    0x0800b31c   0x0800b31c   0x00000028   Code   RO         7413    .text               mc_w.l(ctype_c.o)
    0x0800b344   0x0800b344   0x00000018   Code   RO         7416    .text               mf_w.l(dfltul.o)
    0x0800b35c   0x0800b35c   0x00000056   Code   RO         7426    .text               mc_w.l(__dczerorl2.o)
    0x0800b3b2   0x0800b3b2   0x00000002   PAD
    0x0800b3b4   0x0800b3b4   0x00000004   Code   RO         7041    SVC_TABLE           RTX_CM4.lib(svc_table.o)
    0x0800b3b8   0x0800b3b8   0x00000014   Code   RO         1257    i.ADC_Cmd           stm32f30x_adc.o
    0x0800b3cc   0x0800b3cc   0x00000054   Code   RO         1258    i.ADC_CommonInit    stm32f30x_adc.o
    0x0800b420   0x0800b420   0x00000014   Code   RO         1260    i.ADC_DMACmd        stm32f30x_adc.o
    0x0800b434   0x0800b434   0x00000010   Code   RO         1261    i.ADC_DMAConfig     stm32f30x_adc.o
    0x0800b444   0x0800b444   0x0000000e   Code   RO         1267    i.ADC_GetCalibrationStatus  stm32f30x_adc.o
    0x0800b452   0x0800b452   0x0000000e   Code   RO         1273    i.ADC_GetFlagStatus  stm32f30x_adc.o
    0x0800b460   0x0800b460   0x0000003c   Code   RO         1279    i.ADC_Init          stm32f30x_adc.o
    0x0800b49c   0x0800b49c   0x00000170   Code   RO          357    i.ADC_Initialize    power.o
    0x0800b60c   0x0800b60c   0x00000074   Code   RO          358    i.ADC_ReadFuelValue  power.o
    0x0800b680   0x0800b680   0x000000ac   Code   RO         1284    i.ADC_RegularChannelConfig  stm32f30x_adc.o
    0x0800b72c   0x0800b72c   0x00000010   Code   RO         1286    i.ADC_SelectCalibrationMode  stm32f30x_adc.o
    0x0800b73c   0x0800b73c   0x0000000a   Code   RO         1294    i.ADC_StartCalibration  stm32f30x_adc.o
    0x0800b746   0x0800b746   0x0000000a   Code   RO         1295    i.ADC_StartConversion  stm32f30x_adc.o
    0x0800b750   0x0800b750   0x00000016   Code   RO         1299    i.ADC_StructInit    stm32f30x_adc.o
    0x0800b766   0x0800b766   0x0000001c   Code   RO         1302    i.ADC_VoltageRegulatorCmd  stm32f30x_adc.o
    0x0800b782   0x0800b782   0x00000002   PAD
    0x0800b784   0x0800b784   0x00000060   Code   RO          359    i.ADC_fillter_values  power.o
    0x0800b7e4   0x0800b7e4   0x0000002e   Code   RO          477    i.ArraySort         utils.o
    0x0800b812   0x0800b812   0x00000002   PAD
    0x0800b814   0x0800b814   0x00000060   Code   RO          360    i.BAT_fillter_values  power.o
    0x0800b874   0x0800b874   0x0000001c   Code   RO         1005    i.BusFault_Handler  stm32f30x_it.o
    0x0800b890   0x0800b890   0x00000048   Code   RO          906    i.Buzz_Off          interface.o
    0x0800b8d8   0x0800b8d8   0x00000034   Code   RO          907    i.Buzz_On           interface.o
    0x0800b90c   0x0800b90c   0x00000078   Code   RO         1639    i.CAN_ClearITPendingBit  stm32f30x_can.o
    0x0800b984   0x0800b984   0x000000fc   Code   RO          789    i.CAN_Config        canbus.o
    0x0800ba80   0x0800ba80   0x00000018   Code   RO         1641    i.CAN_DeInit        stm32f30x_can.o
    0x0800ba98   0x0800ba98   0x000000cc   Code   RO         1643    i.CAN_FilterInit    stm32f30x_can.o
    0x0800bb64   0x0800bb64   0x000000a8   Code   RO         1645    i.CAN_GetITStatus   stm32f30x_can.o
    0x0800bc0c   0x0800bc0c   0x00000010   Code   RO         1649    i.CAN_ITConfig      stm32f30x_can.o
    0x0800bc1c   0x0800bc1c   0x000000f2   Code   RO         1650    i.CAN_Init          stm32f30x_can.o
    0x0800bd0e   0x0800bd0e   0x0000008e   Code   RO         1653    i.CAN_Receive       stm32f30x_can.o
    0x0800bd9c   0x0800bd9c   0x00000020   Code   RO         1656    i.CAN_StructInit    stm32f30x_can.o
    0x0800bdbc   0x0800bdbc   0x000000be   Code   RO         1658    i.CAN_Transmit      stm32f30x_can.o
    0x0800be7a   0x0800be7a   0x00000002   PAD
    0x0800be7c   0x0800be7c   0x00000034   Code   RO          790    i.CAN_service_init  canbus.o
    0x0800beb0   0x0800beb0   0x0000004c   Code   RO          478    i.CLS2_check_mes    utils.o
    0x0800befc   0x0800befc   0x00000030   Code   RO          479    i.CRC32Software     utils.o
    0x0800bf2c   0x0800bf2c   0x0000001c   Code   RO          480    i.CRC_8BitsCompute  utils.o
    0x0800bf48   0x0800bf48   0x0000000c   Code   RO         1661    i.CheckITStatus     stm32f30x_can.o
    0x0800bf54   0x0800bf54   0x00000018   Code   RO          361    i.DMA1_Channel1_IRQHandler  power.o
    0x0800bf6c   0x0800bf6c   0x00000018   Code   RO         2141    i.DMA_ClearITPendingBit  stm32f30x_dma.o
    0x0800bf84   0x0800bf84   0x00000016   Code   RO         2142    i.DMA_Cmd           stm32f30x_dma.o
    0x0800bf9a   0x0800bf9a   0x00000002   PAD
    0x0800bf9c   0x0800bf9c   0x000000e4   Code   RO         2143    i.DMA_DeInit        stm32f30x_dma.o
    0x0800c080   0x0800c080   0x00000020   Code   RO         2146    i.DMA_GetITStatus   stm32f30x_dma.o
    0x0800c0a0   0x0800c0a0   0x00000010   Code   RO         2147    i.DMA_ITConfig      stm32f30x_dma.o
    0x0800c0b0   0x0800c0b0   0x0000003a   Code   RO         2148    i.DMA_Init          stm32f30x_dma.o
    0x0800c0ea   0x0800c0ea   0x00000002   PAD
    0x0800c0ec   0x0800c0ec   0x0000001c   Code   RO         1134    i.DS18B20_Init      ds18b20.o
    0x0800c108   0x0800c108   0x00000044   Code   RO         1135    i.DWT_Delay_Init    ds18b20.o
    0x0800c14c   0x0800c14c   0x0000001c   Code   RO         1006    i.DebugMon_Handler  stm32f30x_it.o
    0x0800c168   0x0800c168   0x00000030   Code   RO         1136    i.DelayMicro        ds18b20.o
    0x0800c198   0x0800c198   0x00000034   Code   RO          362    i.EC21_PW_Reset     power.o
    0x0800c1cc   0x0800c1cc   0x00000128   Code   RO          212    i.EC21_data_parser  serial.o
    0x0800c2f4   0x0800c2f4   0x00000058   Code   RO          643    i.ECUJ1587_Data_Request  digital.o
    0x0800c34c   0x0800c34c   0x00000074   Code   RO          363    i.EXTI0_IRQHandler  power.o
    0x0800c3c0   0x0800c3c0   0x0000001c   Code   RO         2225    i.EXTI_ClearITPendingBit  stm32f30x_exti.o
    0x0800c3dc   0x0800c3dc   0x00000024   Code   RO         2229    i.EXTI_GetITStatus  stm32f30x_exti.o
    0x0800c400   0x0800c400   0x000000f8   Code   RO         2230    i.EXTI_Init         stm32f30x_exti.o
    0x0800c4f8   0x0800c4f8   0x0000000c   Code   RO         2290    i.FLASH_ClearFlag   stm32f30x_flash.o
    0x0800c504   0x0800c504   0x0000003c   Code   RO         2292    i.FLASH_ErasePage   stm32f30x_flash.o
    0x0800c540   0x0800c540   0x00000028   Code   RO         2294    i.FLASH_GetStatus   stm32f30x_flash.o
    0x0800c568   0x0800c568   0x00000010   Code   RO         2297    i.FLASH_Lock        stm32f30x_flash.o
    0x0800c578   0x0800c578   0x0000004c   Code   RO         2315    i.FLASH_ProgramWord  stm32f30x_flash.o
    0x0800c5c4   0x0800c5c4   0x00000020   Code   RO         1066    i.FLASH_ReadBufData  flash.o
    0x0800c5e4   0x0800c5e4   0x00000004   Code   RO         1067    i.FLASH_ReadData    flash.o
    0x0800c5e8   0x0800c5e8   0x00000020   Code   RO         2317    i.FLASH_Unlock      stm32f30x_flash.o
    0x0800c608   0x0800c608   0x00000022   Code   RO         2318    i.FLASH_WaitForLastOperation  stm32f30x_flash.o
    0x0800c62a   0x0800c62a   0x00000060   Code   RO         1068    i.FLASH_WriteBufData  flash.o
    0x0800c68a   0x0800c68a   0x00000002   PAD
    0x0800c68c   0x0800c68c   0x00000078   Code   RO         1069    i.FLASH_WriteData   flash.o
    0x0800c704   0x0800c704   0x00000038   Code   RO          791    i.FindFaultCodeODB  canbus.o
    0x0800c73c   0x0800c73c   0x00000060   Code   RO          364    i.FuelCyclesConfig  power.o
    0x0800c79c   0x0800c79c   0x0000003c   Code   RO          644    i.FuelTimeoutHanler  digital.o
    0x0800c7d8   0x0800c7d8   0x0000010c   Code   RO          645    i.Fuel_232_parse    digital.o
    0x0800c8e4   0x0800c8e4   0x00000074   Code   RO         2617    i.GPIO_Init         stm32f30x_gpio.o
    0x0800c958   0x0800c958   0x000000b4   Code   RO          908    i.GPIO_Initialize   interface.o
    0x0800ca0c   0x0800ca0c   0x00000020   Code   RO         2618    i.GPIO_PinAFConfig  stm32f30x_gpio.o
    0x0800ca2c   0x0800ca2c   0x0000000e   Code   RO         2621    i.GPIO_ReadInputDataBit  stm32f30x_gpio.o
    0x0800ca3a   0x0800ca3a   0x00000004   Code   RO         2624    i.GPIO_ResetBits    stm32f30x_gpio.o
    0x0800ca3e   0x0800ca3e   0x00000004   Code   RO         2625    i.GPIO_SetBits      stm32f30x_gpio.o
    0x0800ca42   0x0800ca42   0x0000000a   Code   RO         2628    i.GPIO_WriteBit     stm32f30x_gpio.o
    0x0800ca4c   0x0800ca4c   0x0000003c   Code   RO         1007    i.HardFault_Handler  stm32f30x_it.o
    0x0800ca88   0x0800ca88   0x00000010   Code   RO         3444    i.IWDG_ReloadCounter  stm32f30x_iwdg.o
    0x0800ca98   0x0800ca98   0x00000022   Code   RO          185    i.Init_Thread       thread.o
    0x0800caba   0x0800caba   0x00000002   PAD
    0x0800cabc   0x0800cabc   0x00000044   Code   RO          909    i.Interface_Init    interface.o
    0x0800cb00   0x0800cb00   0x0000003a   Code   RO          646    i.J1587HandlerRequest  digital.o
    0x0800cb3a   0x0800cb3a   0x00000002   PAD
    0x0800cb3c   0x0800cb3c   0x000002d0   Code   RO          647    i.J1587ParserPID    digital.o
    0x0800ce0c   0x0800ce0c   0x0000028c   Code   RO          792    i.J1939Handler      canbus.o
    0x0800d098   0x0800d098   0x00000040   Code   RO          793    i.J1939_Request_PGN  canbus.o
    0x0800d0d8   0x0800d0d8   0x000001cc   Code   RO          910    i.LedAndBuzzerControl  interface.o
    0x0800d2a4   0x0800d2a4   0x00000028   Code   RO          911    i.Led_Off           interface.o
    0x0800d2cc   0x0800d2cc   0x00000028   Code   RO          912    i.Led_On            interface.o
    0x0800d2f4   0x0800d2f4   0x0000001c   Code   RO         1008    i.MemManage_Handler  stm32f30x_it.o
    0x0800d310   0x0800d310   0x00000014   Code   RO         1009    i.NMI_Handler       stm32f30x_it.o
    0x0800d324   0x0800d324   0x00000064   Code   RO         3502    i.NVIC_Init         stm32f30x_misc.o
    0x0800d388   0x0800d388   0x000001c4   Code   RO          794    i.ODBIIHandler      canbus.o
    0x0800d54c   0x0800d54c   0x000000b0   Code   RO          365    i.PW_Control_init   power.o
    0x0800d5fc   0x0800d5fc   0x00000094   Code   RO          366    i.Power_Init        power.o
    0x0800d690   0x0800d690   0x0000002c   Code   RO          213    i.PrintError        serial.o
    0x0800d6bc   0x0800d6bc   0x00000020   Code   RO         3736    i.RCC_ADCCLKConfig  stm32f30x_rcc.o
    0x0800d6dc   0x0800d6dc   0x00000018   Code   RO         3737    i.RCC_AHBPeriphClockCmd  stm32f30x_rcc.o
    0x0800d6f4   0x0800d6f4   0x00000018   Code   RO         3739    i.RCC_APB1PeriphClockCmd  stm32f30x_rcc.o
    0x0800d70c   0x0800d70c   0x00000018   Code   RO         3740    i.RCC_APB1PeriphResetCmd  stm32f30x_rcc.o
    0x0800d724   0x0800d724   0x00000018   Code   RO         3741    i.RCC_APB2PeriphClockCmd  stm32f30x_rcc.o
    0x0800d73c   0x0800d73c   0x00000018   Code   RO         3742    i.RCC_APB2PeriphResetCmd  stm32f30x_rcc.o
    0x0800d754   0x0800d754   0x000002fc   Code   RO         3749    i.RCC_GetClocksFreq  stm32f30x_rcc.o
    0x0800da50   0x0800da50   0x00000028   Code   RO         4546    i.SYSCFG_EXTILineConfig  stm32f30x_syscfg.o
    0x0800da78   0x0800da78   0x00000040   Code   RO          795    i.SendRequest       canbus.o
    0x0800dab8   0x0800dab8   0x00000038   Code   RO          796    i.SendRequest_continuos  canbus.o
    0x0800daf0   0x0800daf0   0x00000034   Code   RO          214    i.SerialPushBuffer  serial.o
    0x0800db24   0x0800db24   0x0000001e   Code   RO          215    i.SerialPushBufferWithCS  serial.o
    0x0800db42   0x0800db42   0x00000002   PAD
    0x0800db44   0x0800db44   0x0000000c   Code   RO          216    i.SerialPushByte    serial.o
    0x0800db50   0x0800db50   0x0000005c   Code   RO          217    i.SerialPushStr     serial.o
    0x0800dbac   0x0800dbac   0x000000a8   Code   RO          218    i.SerialUARTInit    serial.o
    0x0800dc54   0x0800dc54   0x0000006c   Code   RO          219    i.Serial_Init       serial.o
    0x0800dcc0   0x0800dcc0   0x000002c8   Code   RO          220    i.Serial_Parse      serial.o
    0x0800df88   0x0800df88   0x00000024   Code   RO          221    i.SerialrxBufferPush  serial.o
    0x0800dfac   0x0800dfac   0x00000060   Code   RO          797    i.SetECUClearData   canbus.o
    0x0800e00c   0x0800e00c   0x00000094   Code   RO         5786    i.SetSysClock       system_stm32f3xx.o
    0x0800e0a0   0x0800e0a0   0x00000020   Code   RO          913    i.Set_Led_Status    interface.o
    0x0800e0c0   0x0800e0c0   0x00000048   Code   RO          798    i.StoreFaultCode    canbus.o
    0x0800e108   0x0800e108   0x0000005c   Code   RO          648    i.StoreFaultCodeJ1587  digital.o
    0x0800e164   0x0800e164   0x0000012c   Code   RO          799    i.StoreFaultCodeODBII  canbus.o
    0x0800e290   0x0800e290   0x00000070   Code   RO         5788    i.SystemInit        system_stm32f3xx.o
    0x0800e300   0x0800e300   0x00000068   Code   RO          367    i.TIM3_IRQHandler   power.o
    0x0800e368   0x0800e368   0x0000002c   Code   RO          914    i.TIM4_IRQHandler   interface.o
    0x0800e394   0x0800e394   0x00000008   Code   RO         4661    i.TIM_ClearITPendingBit  stm32f30x_tim.o
    0x0800e39c   0x0800e39c   0x00000014   Code   RO         4668    i.TIM_Cmd           stm32f30x_tim.o
    0x0800e3b0   0x0800e3b0   0x00000018   Code   RO         4691    i.TIM_GetITStatus   stm32f30x_tim.o
    0x0800e3c8   0x0800e3c8   0x00000014   Code   RO         4695    i.TIM_ITConfig      stm32f30x_tim.o
    0x0800e3dc   0x0800e3dc   0x000000a0   Code   RO         4755    i.TIM_TimeBaseInit  stm32f30x_tim.o
    0x0800e47c   0x0800e47c   0x00000014   Code   RO         4759    i.TIM_UpdateRequestConfig  stm32f30x_tim.o
    0x0800e490   0x0800e490   0x00000098   Code   RO          649    i.UART4Init         digital.o
    0x0800e528   0x0800e528   0x00000028   Code   RO          650    i.UART4PushBuffer   digital.o
    0x0800e550   0x0800e550   0x0000003c   Code   RO          651    i.UART4_IRQHandler  digital.o
    0x0800e58c   0x0800e58c   0x00000050   Code   RO          222    i.UART_SendByte     serial.o
    0x0800e5dc   0x0800e5dc   0x0000003c   Code   RO          223    i.USART1_IRQHandler  serial.o
    0x0800e618   0x0800e618   0x000000ec   Code   RO          652    i.USART2Init        digital.o
    0x0800e704   0x0800e704   0x00000028   Code   RO          653    i.USART2PushBuffer  digital.o
    0x0800e72c   0x0800e72c   0x0000003c   Code   RO          654    i.USART2_IRQHandler  digital.o
    0x0800e768   0x0800e768   0x00000014   Code   RO         5338    i.USART_Cmd         stm32f30x_usart.o
    0x0800e77c   0x0800e77c   0x00000074   Code   RO         5344    i.USART_DeInit      stm32f30x_usart.o
    0x0800e7f0   0x0800e7f0   0x0000000e   Code   RO         5346    i.USART_GetFlagStatus  stm32f30x_usart.o
    0x0800e7fe   0x0800e7fe   0x0000003a   Code   RO         5347    i.USART_GetITStatus  stm32f30x_usart.o
    0x0800e838   0x0800e838   0x00000028   Code   RO         5349    i.USART_ITConfig    stm32f30x_usart.o
    0x0800e860   0x0800e860   0x000000b4   Code   RO         5350    i.USART_Init        stm32f30x_usart.o
    0x0800e914   0x0800e914   0x00000008   Code   RO         5362    i.USART_ReceiveData  stm32f30x_usart.o
    0x0800e91c   0x0800e91c   0x00000008   Code   RO         5367    i.USART_SendData    stm32f30x_usart.o
    0x0800e924   0x0800e924   0x00000016   Code   RO         5379    i.USART_StructInit  stm32f30x_usart.o
    0x0800e93a   0x0800e93a   0x00000002   PAD
    0x0800e93c   0x0800e93c   0x00000048   Code   RO          800    i.USB_LP_CAN1_RX0_IRQHandler  canbus.o
    0x0800e984   0x0800e984   0x0000001c   Code   RO         1010    i.UsageFault_Handler  stm32f30x_it.o
    0x0800e9a0   0x0800e9a0   0x00000004   Code   RO          915    i.UserTimerHanler   interface.o
    0x0800e9a4   0x0800e9a4   0x00000028   Code   RO         7280    i.__0sprintf$8      mc_w.l(printf8.o)
    0x0800e9cc   0x0800e9cc   0x00000022   Code   RO         1070    i.__NVIC_DisableIRQ  flash.o
    0x0800e9ee   0x0800e9ee   0x0000001a   Code   RO          368    i.__NVIC_EnableIRQ  power.o
    0x0800ea08   0x0800ea08   0x0000001a   Code   RO          655    i.__NVIC_EnableIRQ  digital.o
    0x0800ea22   0x0800ea22   0x0000001a   Code   RO         1071    i.__NVIC_EnableIRQ  flash.o
    0x0800ea3c   0x0800ea3c   0x00000004   PAD
    0x0800ea40   0x0800ea40   0x00000038   Code   RO         7044    i.__hardfp_atof     m_wm.l(atof.o)
    0x0800ea78   0x0800ea78   0x0000000c   Code   RO         7378    i.__read_errno      mc_w.l(errno.o)
    0x0800ea84   0x0800ea84   0x0000000e   Code   RO         7420    i.__scatterload_copy  mc_w.l(handlers.o)
    0x0800ea92   0x0800ea92   0x00000002   Code   RO         7421    i.__scatterload_null  mc_w.l(handlers.o)
    0x0800ea94   0x0800ea94   0x0000000e   Code   RO         7422    i.__scatterload_zeroinit  mc_w.l(handlers.o)
    0x0800eaa2   0x0800eaa2   0x00000002   PAD
    0x0800eaa4   0x0800eaa4   0x0000000c   Code   RO         7379    i.__set_errno       mc_w.l(errno.o)
    0x0800eab0   0x0800eab0   0x00000046   Code   RO         6904    i._init_box         RTX_CM4.lib(rt_membox.o)
    0x0800eaf6   0x0800eaf6   0x0000000e   Code   RO         7410    i._is_digit         mc_w.l(scanf_fp.o)
    0x0800eb04   0x0800eb04   0x00000404   Code   RO         7285    i._printf_core      mc_w.l(printf8.o)
    0x0800ef08   0x0800ef08   0x00000024   Code   RO         7286    i._printf_post_padding  mc_w.l(printf8.o)
    0x0800ef2c   0x0800ef2c   0x0000002e   Code   RO         7287    i._printf_pre_padding  mc_w.l(printf8.o)
    0x0800ef5a   0x0800ef5a   0x0000000a   Code   RO         7289    i._sputc            mc_w.l(printf8.o)
    0x0800ef64   0x0800ef64   0x0000001a   Code   RO          482    i.bytes_to_u32      utils.o
    0x0800ef7e   0x0800ef7e   0x00000018   Code   RO          483    i.cal_sum16_buffer  utils.o
    0x0800ef96   0x0800ef96   0x00000018   Code   RO          484    i.cal_sum_buffer    utils.o
    0x0800efae   0x0800efae   0x00000002   PAD
    0x0800efb0   0x0800efb0   0x00000040   Code   RO         1137    i.config_GPIO       ds18b20.o
    0x0800eff0   0x0800eff0   0x00000030   Code   RO         6957    i.dbg_init          RTX_CM4.lib(hal_cm.o)
    0x0800f020   0x0800f020   0x00000020   Code   RO         6958    i.dbg_task_notify   RTX_CM4.lib(hal_cm.o)
    0x0800f040   0x0800f040   0x00000010   Code   RO         6959    i.dbg_task_switch   RTX_CM4.lib(hal_cm.o)
    0x0800f050   0x0800f050   0x0000000c   Code   RO          369    i.device_battery_off  power.o
    0x0800f05c   0x0800f05c   0x000000ac   Code   RO          656    i.digital_init      digital.o
    0x0800f108   0x0800f108   0x0000003c   Code   RO         1072    i.disable_irqn      flash.o
    0x0800f144   0x0800f144   0x0000004c   Code   RO         1138    i.ds18b20_init_seq  ds18b20.o
    0x0800f190   0x0800f190   0x00000048   Code   RO         1139    i.ds18b20_read_bit  ds18b20.o
    0x0800f1d8   0x0800f1d8   0x0000001c   Code   RO         1140    i.ds18b20_read_byte  ds18b20.o
    0x0800f1f4   0x0800f1f4   0x0000011c   Code   RO         1142    i.ds18b20_read_temp  ds18b20.o
    0x0800f310   0x0800f310   0x00000020   Code   RO         1143    i.ds18b20_send_function_cmd  ds18b20.o
    0x0800f330   0x0800f330   0x00000068   Code   RO         1145    i.ds18b20_write_byte  ds18b20.o
    0x0800f398   0x0800f398   0x00000032   Code   RO         1146    i.dsCRC8            ds18b20.o
    0x0800f3ca   0x0800f3ca   0x00000002   PAD
    0x0800f3cc   0x0800f3cc   0x0000000c   Code   RO          370    i.ec21_power_rst    power.o
    0x0800f3d8   0x0800f3d8   0x0000003c   Code   RO         1073    i.enable_irqn       flash.o
    0x0800f414   0x0800f414   0x00000044   Code   RO          801    i.findFaultCode     canbus.o
    0x0800f458   0x0800f458   0x00000058   Code   RO          657    i.findFaultCodeJ1587  digital.o
    0x0800f4b0   0x0800f4b0   0x000000f8   Code   RO          371    i.get_adc_values    power.o
    0x0800f5a8   0x0800f5a8   0x0000000c   Code   RO          916    i.get_buzer_state   interface.o
    0x0800f5b4   0x0800f5b4   0x00000070   Code   RO          917    i.irqTimer_Init     interface.o
    0x0800f624   0x0800f624   0x00000014   Code   RO          918    i.is_buzz_disable   interface.o
    0x0800f638   0x0800f638   0x0000002a   Code   RO         5831    i.isrMessageGet     RTX_CM4.lib(rt_cmsis.o)
    0x0800f662   0x0800f662   0x0000002c   Code   RO         5832    i.isrMessagePut     RTX_CM4.lib(rt_cmsis.o)
    0x0800f68e   0x0800f68e   0x00000028   Code   RO         5833    i.isrSemaphoreRelease  RTX_CM4.lib(rt_cmsis.o)
    0x0800f6b6   0x0800f6b6   0x00000002   PAD
    0x0800f6b8   0x0800f6b8   0x00000056   Code   RO         6750    i.isr_mbx_receive   RTX_CM4.lib(rt_mailbox.o)
    0x0800f70e   0x0800f70e   0x0000000e   Code   RO         6751    i.isr_mbx_send      RTX_CM4.lib(rt_mailbox.o)
    0x0800f71c   0x0800f71c   0x00000010   Code   RO         6798    i.isr_sem_send      RTX_CM4.lib(rt_semaphore.o)
    0x0800f72c   0x0800f72c   0x00000084   Code   RO          224    i.load_mcu_config   serial.o
    0x0800f7b0   0x0800f7b0   0x00000048   Code   RO            5    i.main              main.o
    0x0800f7f8   0x0800f7f8   0x00000018   Code   RO         5835    i.osDelay           RTX_CM4.lib(rt_cmsis.o)
    0x0800f810   0x0800f810   0x00000024   Code   RO         5836    i.osKernelInitialize  RTX_CM4.lib(rt_cmsis.o)
    0x0800f834   0x0800f834   0x0000006c   Code   RO         5838    i.osKernelStart     RTX_CM4.lib(rt_cmsis.o)
    0x0800f8a0   0x0800f8a0   0x00000018   Code   RO         5839    i.osKernelSysTick   RTX_CM4.lib(rt_cmsis.o)
    0x0800f8b8   0x0800f8b8   0x0000001c   Code   RO         5840    i.osMailAlloc       RTX_CM4.lib(rt_cmsis.o)
    0x0800f8d4   0x0800f8d4   0x0000002c   Code   RO         5842    i.osMailCreate      RTX_CM4.lib(rt_cmsis.o)
    0x0800f900   0x0800f900   0x0000001c   Code   RO         5843    i.osMailFree        RTX_CM4.lib(rt_cmsis.o)
    0x0800f91c   0x0800f91c   0x00000016   Code   RO         5844    i.osMailGet         RTX_CM4.lib(rt_cmsis.o)
    0x0800f932   0x0800f932   0x00000014   Code   RO         5845    i.osMailPut         RTX_CM4.lib(rt_cmsis.o)
    0x0800f946   0x0800f946   0x00000002   PAD
    0x0800f948   0x0800f948   0x0000002c   Code   RO         5846    i.osMessageCreate   RTX_CM4.lib(rt_cmsis.o)
    0x0800f974   0x0800f974   0x00000018   Code   RO         5847    i.osMessageGet      RTX_CM4.lib(rt_cmsis.o)
    0x0800f98c   0x0800f98c   0x00000018   Code   RO         5848    i.osMessagePut      RTX_CM4.lib(rt_cmsis.o)
    0x0800f9a4   0x0800f9a4   0x0000002c   Code   RO         5857    i.osSemaphoreCreate  RTX_CM4.lib(rt_cmsis.o)
    0x0800f9d0   0x0800f9d0   0x00000018   Code   RO         5859    i.osSemaphoreRelease  RTX_CM4.lib(rt_cmsis.o)
    0x0800f9e8   0x0800f9e8   0x00000018   Code   RO         5860    i.osSemaphoreWait   RTX_CM4.lib(rt_cmsis.o)
    0x0800fa00   0x0800fa00   0x0000002c   Code   RO         5864    i.osThreadCreate    RTX_CM4.lib(rt_cmsis.o)
    0x0800fa2c   0x0800fa2c   0x00000018   Code   RO         5865    i.osThreadExit      RTX_CM4.lib(rt_cmsis.o)
    0x0800fa44   0x0800fa44   0x00000018   Code   RO         5870    i.osThreadYield     RTX_CM4.lib(rt_cmsis.o)
    0x0800fa5c   0x0800fa5c   0x0000000c   Code   RO         5871    i.osTimerCall       RTX_CM4.lib(rt_cmsis.o)
    0x0800fa68   0x0800fa68   0x0000002c   Code   RO         5872    i.osTimerCreate     RTX_CM4.lib(rt_cmsis.o)
    0x0800fa94   0x0800fa94   0x00000018   Code   RO         5874    i.osTimerStart      RTX_CM4.lib(rt_cmsis.o)
    0x0800faac   0x0800faac   0x0000002c   Code   RO         5876    i.osTimerThread     RTX_CM4.lib(rt_cmsis.o)
    0x0800fad8   0x0800fad8   0x00000078   Code   RO         5710    i.os_error          rtx_conf_cm.o
    0x0800fb50   0x0800fb50   0x00000002   Code   RO         5711    i.os_idle_demon     rtx_conf_cm.o
    0x0800fb52   0x0800fb52   0x00000002   PAD
    0x0800fb54   0x0800fb54   0x00000028   Code   RO         6538    i.os_tick_init      RTX_CM4.lib(rt_system.o)
    0x0800fb7c   0x0800fb7c   0x00000002   Code   RO         6539    i.os_tick_irqack    RTX_CM4.lib(rt_system.o)
    0x0800fb7e   0x0800fb7e   0x00000002   PAD
    0x0800fb80   0x0800fb80   0x00000010   Code   RO         6540    i.os_tick_ovf       RTX_CM4.lib(rt_system.o)
    0x0800fb90   0x0800fb90   0x00000014   Code   RO         6541    i.os_tick_val       RTX_CM4.lib(rt_system.o)
    0x0800fba4   0x0800fba4   0x0000001a   Code   RO         6905    i.rt_alloc_box      RTX_CM4.lib(rt_membox.o)
    0x0800fbbe   0x0800fbbe   0x0000003e   Code   RO         6933    i.rt_alloc_mem      RTX_CM4.lib(rt_memory.o)
    0x0800fbfc   0x0800fbfc   0x00000038   Code   RO         6453    i.rt_block          RTX_CM4.lib(rt_task.o)
    0x0800fc34   0x0800fc34   0x00000048   Code   RO         7010    i.rt_chk_robin      RTX_CM4.lib(rt_robin.o)
    0x0800fc7c   0x0800fc7c   0x00000070   Code   RO         6674    i.rt_dec_dly        RTX_CM4.lib(rt_list.o)
    0x0800fcec   0x0800fcec   0x00000044   Code   RO         6454    i.rt_dispatch       RTX_CM4.lib(rt_task.o)
    0x0800fd30   0x0800fd30   0x00000006   Code   RO         6840    i.rt_dly_wait       RTX_CM4.lib(rt_time.o)
    0x0800fd36   0x0800fd36   0x00000002   PAD
    0x0800fd38   0x0800fd38   0x00000050   Code   RO         6631    i.rt_evt_psh        RTX_CM4.lib(rt_event.o)
    0x0800fd88   0x0800fd88   0x0000002c   Code   RO         6906    i.rt_free_box       RTX_CM4.lib(rt_membox.o)
    0x0800fdb4   0x0800fdb4   0x00000028   Code   RO         6934    i.rt_free_mem       RTX_CM4.lib(rt_memory.o)
    0x0800fddc   0x0800fddc   0x00000028   Code   RO         6675    i.rt_get_first      RTX_CM4.lib(rt_list.o)
    0x0800fe04   0x0800fe04   0x00000024   Code   RO         6676    i.rt_get_same_rdy_prio  RTX_CM4.lib(rt_list.o)
    0x0800fe28   0x0800fe28   0x00000008   Code   RO         5881    i.rt_id2obj         RTX_CM4.lib(rt_cmsis.o)
    0x0800fe30   0x0800fe30   0x00000048   Code   RO         6455    i.rt_init_context   RTX_CM4.lib(rt_task.o)
    0x0800fe78   0x0800fe78   0x0000001a   Code   RO         6935    i.rt_init_mem       RTX_CM4.lib(rt_memory.o)
    0x0800fe92   0x0800fe92   0x00000002   PAD
    0x0800fe94   0x0800fe94   0x00000018   Code   RO         7011    i.rt_init_robin     RTX_CM4.lib(rt_robin.o)
    0x0800feac   0x0800feac   0x00000080   Code   RO         6960    i.rt_init_stack     RTX_CM4.lib(hal_cm.o)
    0x0800ff2c   0x0800ff2c   0x00000008   Code   RO         6752    i.rt_mbx_check      RTX_CM4.lib(rt_mailbox.o)
    0x0800ff34   0x0800ff34   0x0000001a   Code   RO         6753    i.rt_mbx_init       RTX_CM4.lib(rt_mailbox.o)
    0x0800ff4e   0x0800ff4e   0x00000002   PAD
    0x0800ff50   0x0800ff50   0x000000f0   Code   RO         6754    i.rt_mbx_psh        RTX_CM4.lib(rt_mailbox.o)
    0x08010040   0x08010040   0x00000098   Code   RO         6755    i.rt_mbx_send       RTX_CM4.lib(rt_mailbox.o)
    0x080100d8   0x080100d8   0x000000b4   Code   RO         6756    i.rt_mbx_wait       RTX_CM4.lib(rt_mailbox.o)
    0x0801018c   0x0801018c   0x00000044   Code   RO         5882    i.rt_ms2tick        RTX_CM4.lib(rt_cmsis.o)
    0x080101d0   0x080101d0   0x0000007c   Code   RO         6542    i.rt_pop_req        RTX_CM4.lib(rt_system.o)
    0x0801024c   0x0801024c   0x00000020   Code   RO         6543    i.rt_psh_req        RTX_CM4.lib(rt_system.o)
    0x0801026c   0x0801026c   0x0000005c   Code   RO         6677    i.rt_psq_enq        RTX_CM4.lib(rt_list.o)
    0x080102c8   0x080102c8   0x00000048   Code   RO         6678    i.rt_put_dly        RTX_CM4.lib(rt_list.o)
    0x08010310   0x08010310   0x00000036   Code   RO         6679    i.rt_put_prio       RTX_CM4.lib(rt_list.o)
    0x08010346   0x08010346   0x00000002   PAD
    0x08010348   0x08010348   0x00000014   Code   RO         6680    i.rt_put_rdy_first  RTX_CM4.lib(rt_list.o)
    0x0801035c   0x0801035c   0x00000034   Code   RO         6681    i.rt_resort_prio    RTX_CM4.lib(rt_list.o)
    0x08010390   0x08010390   0x00000010   Code   RO         6961    i.rt_ret_regs       RTX_CM4.lib(hal_cm.o)
    0x080103a0   0x080103a0   0x0000000c   Code   RO         6962    i.rt_ret_val        RTX_CM4.lib(hal_cm.o)
    0x080103ac   0x080103ac   0x00000010   Code   RO         6963    i.rt_ret_val2       RTX_CM4.lib(hal_cm.o)
    0x080103bc   0x080103bc   0x00000028   Code   RO         6682    i.rt_rmv_dly        RTX_CM4.lib(rt_list.o)
    0x080103e4   0x080103e4   0x00000030   Code   RO         6683    i.rt_rmv_list       RTX_CM4.lib(rt_list.o)
    0x08010414   0x08010414   0x0000000c   Code   RO         6800    i.rt_sem_init       RTX_CM4.lib(rt_semaphore.o)
    0x08010420   0x08010420   0x00000034   Code   RO         6801    i.rt_sem_psh        RTX_CM4.lib(rt_semaphore.o)
    0x08010454   0x08010454   0x0000002a   Code   RO         6802    i.rt_sem_send       RTX_CM4.lib(rt_semaphore.o)
    0x0801047e   0x0801047e   0x00000002   PAD
    0x08010480   0x08010480   0x00000040   Code   RO         6803    i.rt_sem_wait       RTX_CM4.lib(rt_semaphore.o)
    0x080104c0   0x080104c0   0x00000024   Code   RO         6545    i.rt_stk_check      RTX_CM4.lib(rt_system.o)
    0x080104e4   0x080104e4   0x00000028   Code   RO         6456    i.rt_switch_req     RTX_CM4.lib(rt_task.o)
    0x0801050c   0x0801050c   0x000000cc   Code   RO         6457    i.rt_sys_init       RTX_CM4.lib(rt_task.o)
    0x080105d8   0x080105d8   0x00000078   Code   RO         6458    i.rt_sys_start      RTX_CM4.lib(rt_task.o)
    0x08010650   0x08010650   0x00000040   Code   RO         6547    i.rt_systick        RTX_CM4.lib(rt_system.o)
    0x08010690   0x08010690   0x00000012   Code   RO         5883    i.rt_tid2ptcb       RTX_CM4.lib(rt_cmsis.o)
    0x080106a2   0x080106a2   0x00000002   PAD
    0x080106a4   0x080106a4   0x00000034   Code   RO         5884    i.rt_timer_insert   RTX_CM4.lib(rt_cmsis.o)
    0x080106d8   0x080106d8   0x0000003c   Code   RO         5885    i.rt_timer_remove   RTX_CM4.lib(rt_cmsis.o)
    0x08010714   0x08010714   0x00000088   Code   RO         6459    i.rt_tsk_create     RTX_CM4.lib(rt_task.o)
    0x0801079c   0x0801079c   0x0000017c   Code   RO         6460    i.rt_tsk_delete     RTX_CM4.lib(rt_task.o)
    0x08010918   0x08010918   0x00000030   Code   RO         6461    i.rt_tsk_pass       RTX_CM4.lib(rt_task.o)
    0x08010948   0x08010948   0x0000007c   Code   RO         6462    i.rt_tsk_prio       RTX_CM4.lib(rt_task.o)
    0x080109c4   0x080109c4   0x00000010   Code   RO         6463    i.rt_tsk_self       RTX_CM4.lib(rt_task.o)
    0x080109d4   0x080109d4   0x00000188   Code   RO          225    i.serial_report_data  serial.o
    0x08010b5c   0x08010b5c   0x0000002e   Code   RO          496    i.str_trim          utils.o
    0x08010b8a   0x08010b8a   0x00000012   Code   RO         5886    i.svcDelay          RTX_CM4.lib(rt_cmsis.o)
    0x08010b9c   0x08010b9c   0x00000070   Code   RO         5887    i.svcKernelInitialize  RTX_CM4.lib(rt_cmsis.o)
    0x08010c0c   0x08010c0c   0x00000048   Code   RO         5889    i.svcKernelStart    RTX_CM4.lib(rt_cmsis.o)
    0x08010c54   0x08010c54   0x00000038   Code   RO         5890    i.svcKernelSysTick  RTX_CM4.lib(rt_cmsis.o)
    0x08010c8c   0x08010c8c   0x00000042   Code   RO         5891    i.svcMailCreate     RTX_CM4.lib(rt_cmsis.o)
    0x08010cce   0x08010cce   0x00000024   Code   RO         5892    i.svcMessageCreate  RTX_CM4.lib(rt_cmsis.o)
    0x08010cf2   0x08010cf2   0x0000003a   Code   RO         5893    i.svcMessageGet     RTX_CM4.lib(rt_cmsis.o)
    0x08010d2c   0x08010d2c   0x00000036   Code   RO         5894    i.svcMessagePut     RTX_CM4.lib(rt_cmsis.o)
    0x08010d62   0x08010d62   0x00000024   Code   RO         5900    i.svcSemaphoreCreate  RTX_CM4.lib(rt_cmsis.o)
    0x08010d86   0x08010d86   0x00000028   Code   RO         5902    i.svcSemaphoreRelease  RTX_CM4.lib(rt_cmsis.o)
    0x08010dae   0x08010dae   0x00000032   Code   RO         5903    i.svcSemaphoreWait  RTX_CM4.lib(rt_cmsis.o)
    0x08010de0   0x08010de0   0x0000006c   Code   RO         5907    i.svcThreadCreate   RTX_CM4.lib(rt_cmsis.o)
    0x08010e4c   0x08010e4c   0x0000001c   Code   RO         5908    i.svcThreadGetId    RTX_CM4.lib(rt_cmsis.o)
    0x08010e68   0x08010e68   0x00000038   Code   RO         5911    i.svcThreadTerminate  RTX_CM4.lib(rt_cmsis.o)
    0x08010ea0   0x08010ea0   0x0000000a   Code   RO         5912    i.svcThreadYield    RTX_CM4.lib(rt_cmsis.o)
    0x08010eaa   0x08010eaa   0x00000018   Code   RO         5913    i.svcTimerCall      RTX_CM4.lib(rt_cmsis.o)
    0x08010ec2   0x08010ec2   0x00000002   PAD
    0x08010ec4   0x08010ec4   0x00000038   Code   RO         5914    i.svcTimerCreate    RTX_CM4.lib(rt_cmsis.o)
    0x08010efc   0x08010efc   0x00000064   Code   RO         5916    i.svcTimerStart     RTX_CM4.lib(rt_cmsis.o)
    0x08010f60   0x08010f60   0x00000058   Code   RO         5918    i.sysMailAlloc      RTX_CM4.lib(rt_cmsis.o)
    0x08010fb8   0x08010fb8   0x00000060   Code   RO         5919    i.sysMailFree       RTX_CM4.lib(rt_cmsis.o)
    0x08011018   0x08011018   0x0000005c   Code   RO         5922    i.sysTimerTick      RTX_CM4.lib(rt_cmsis.o)
    0x08011074   0x08011074   0x0000006c   Code   RO         1147    i.threadDS18B20     ds18b20.o
    0x080110e0   0x080110e0   0x00000074   Code   RO          658    i.vJ1587HandlerTask  digital.o
    0x08011154   0x08011154   0x00000080   Code   RO          659    i.vJ1587RequestTask  digital.o
    0x080111d4   0x080111d4   0x000001c8   Code   RO          802    i.vJ1939Task        canbus.o
    0x0801139c   0x0801139c   0x000001fc   Code   RO          372    i.vPowerTask        power.o
    0x08011598   0x08011598   0x00000094   Code   RO          226    i.vSerialReceiver   serial.o
    0x0801162c   0x0801162c   0x000001c0   Code   RO          227    i.vSerialTask       serial.o
    0x080117ec   0x080117ec   0x00000014   Code   RO          228    i.vSerialTransfer   serial.o
    0x08011800   0x08011800   0x000000b8   Code   RO          660    i.vUART4Receiver    digital.o
    0x080118b8   0x080118b8   0x00000124   Code   RO          661    i.vUSART2Receiver   digital.o
    0x080119dc   0x080119dc   0x00000048   Data   RO          233    .constdata          serial.o
    0x08011a24   0x08011a24   0x00000010   Data   RO          375    .constdata          power.o
    0x08011a34   0x08011a34   0x00000500   Data   RO          499    .constdata          utils.o
    0x08011f34   0x08011f34   0x00000064   Data   RO          668    .constdata          digital.o
    0x08011f98   0x08011f98   0x00000010   Data   RO          805    .constdata          canbus.o
    0x08011fa8   0x08011fa8   0x00000008   Data   RO          921    .constdata          interface.o
    0x08011fb0   0x08011fb0   0x00000010   Data   RO         1149    .constdata          ds18b20.o
    0x08011fc0   0x08011fc0   0x00000002   Data   RO         5718    .constdata          rtx_conf_cm.o
    0x08011fc2   0x08011fc2   0x00000002   PAD
    0x08011fc4   0x08011fc4   0x00000004   Data   RO         5719    .constdata          rtx_conf_cm.o
    0x08011fc8   0x08011fc8   0x00000004   Data   RO         5720    .constdata          rtx_conf_cm.o
    0x08011fcc   0x08011fcc   0x00000002   Data   RO         5722    .constdata          rtx_conf_cm.o
    0x08011fce   0x08011fce   0x00000002   Data   RO         5723    .constdata          rtx_conf_cm.o
    0x08011fd0   0x08011fd0   0x00000004   Data   RO         5724    .constdata          rtx_conf_cm.o
    0x08011fd4   0x08011fd4   0x00000001   Data   RO         5725    .constdata          rtx_conf_cm.o
    0x08011fd5   0x08011fd5   0x00000003   PAD
    0x08011fd8   0x08011fd8   0x00000020   Data   RO         5726    .constdata          rtx_conf_cm.o
    0x08011ff8   0x08011ff8   0x00000002   Data   RO         5727    .constdata          rtx_conf_cm.o
    0x08011ffa   0x08011ffa   0x00000002   PAD
    0x08011ffc   0x08011ffc   0x00000004   Data   RO         5728    .constdata          rtx_conf_cm.o
    0x08012000   0x08012000   0x00000004   Data   RO         5729    .constdata          rtx_conf_cm.o
    0x08012004   0x08012004   0x00000001   Data   RO         5730    .constdata          rtx_conf_cm.o
    0x08012005   0x08012005   0x00000003   PAD
    0x08012008   0x08012008   0x00000010   Data   RO         5731    .constdata          rtx_conf_cm.o
    0x08012018   0x08012018   0x00000008   Data   RO         5732    .constdata          rtx_conf_cm.o
    0x08012020   0x08012020   0x00000002   Data   RO         5733    .constdata          rtx_conf_cm.o
    0x08012022   0x08012022   0x00000040   Data   RO         7414    .constdata          mc_w.l(ctype_c.o)
    0x08012062   0x08012062   0x00000002   PAD
    0x08012064   0x08012064   0x0000004c   Data   RO          234    .conststring        serial.o
    0x080120b0   0x080120b0   0x00000020   Data   RO         7418    Region$$Table       anon$$obj.o


    Execution Region RW_IRAM1 (Exec base: 0x20000000, Load base: 0x080120d0, Size: 0x000085e8, Max: 0x0000a000, ABSOLUTE, COMPRESSED[0x00000048])

    Exec Addr    Load Addr    Size         Type   Attr      Idx    E Section Name        Object

    0x20000000   COMPRESSED   0x00000008   Data   RW          235    .data               serial.o
    0x20000008   COMPRESSED   0x0000002a   Data   RW          236    .data               serial.o
    0x20000032   COMPRESSED   0x00000002   PAD
    0x20000034   COMPRESSED   0x00000008   Data   RW          237    .data               serial.o
    0x2000003c   COMPRESSED   0x0000000c   Data   RW          376    .data               power.o
    0x20000048   COMPRESSED   0x0000003c   Data   RW          669    .data               digital.o
    0x20000084   COMPRESSED   0x00000008   Data   RW          670    .data               digital.o
    0x2000008c   COMPRESSED   0x00000004   PAD
    0x20000090   COMPRESSED   0x00000028   Data   RW          806    .data               canbus.o
    0x200000b8   COMPRESSED   0x0000000c   Data   RW          922    .data               interface.o
    0x200000c4   COMPRESSED   0x00000008   Data   RW         1150    .data               ds18b20.o
    0x200000cc   COMPRESSED   0x00000030   Data   RW         3776    .data               stm32f30x_rcc.o
    0x200000fc   COMPRESSED   0x00000004   Data   RW         5735    .data               rtx_conf_cm.o
    0x20000100   COMPRESSED   0x00000004   Data   RW         5736    .data               rtx_conf_cm.o
    0x20000104   COMPRESSED   0x00000004   Data   RW         5737    .data               rtx_conf_cm.o
    0x20000108   COMPRESSED   0x00000014   Data   RW         5789    .data               system_stm32f3xx.o
    0x2000011c   COMPRESSED   0x00000008   Data   RW         5925    .data               RTX_CM4.lib(rt_cmsis.o)
    0x20000124   COMPRESSED   0x00000008   Data   RW         6465    .data               RTX_CM4.lib(rt_task.o)
    0x2000012c   COMPRESSED   0x00000008   Data   RW         6550    .data               RTX_CM4.lib(rt_system.o)
    0x20000134   COMPRESSED   0x00000004   Data   RW         6844    .data               RTX_CM4.lib(rt_time.o)
    0x20000138   COMPRESSED   0x00000001   Data   RW         6964    .data               RTX_CM4.lib(hal_cm.o)
    0x20000139   COMPRESSED   0x00000003   PAD
    0x2000013c   COMPRESSED   0x00000008   Data   RW         7012    .data               RTX_CM4.lib(rt_robin.o)
    0x20000144   COMPRESSED   0x00000004   Data   RW         7380    .data               mc_w.l(errno.o)
    0x20000148        -       0x00000810   Zero   RW          229    .bss                serial.o
    0x20000958        -       0x00000024   Zero   RW          230    .bss                serial.o
    0x2000097c        -       0x0000066c   Zero   RW          231    .bss                serial.o
    0x20000fe8        -       0x00000a20   Zero   RW          232    .bss                serial.o
    0x20001a08        -       0x00000150   Zero   RW          373    .bss                power.o
    0x20001b58        -       0x00000210   Zero   RW          662    .bss                digital.o
    0x20001d68        -       0x00000810   Zero   RW          663    .bss                digital.o
    0x20002578        -       0x00000024   Zero   RW          664    .bss                digital.o
    0x2000259c        -       0x00000018   Zero   RW          665    .bss                digital.o
    0x200025b4        -       0x000003d4   Zero   RW          666    .bss                digital.o
    0x20002988        -       0x00000a20   Zero   RW          667    .bss                digital.o
    0x200033a8        -       0x000001d0   Zero   RW          803    .bss                canbus.o
    0x20003578        -       0x00000018   Zero   RW          920    .bss                interface.o
    0x20003590        -       0x00000020   Zero   RW         5712    .bss                rtx_conf_cm.o
    0x200035b0        -       0x00000380   Zero   RW         5713    .bss                rtx_conf_cm.o
    0x20003930        -       0x00001c10   Zero   RW         5714    .bss                rtx_conf_cm.o
    0x20005540        -       0x000029f8   Zero   RW         5715    .bss                rtx_conf_cm.o
    0x20007f38        -       0x00000204   Zero   RW         5716    .bss                rtx_conf_cm.o
    0x2000813c        -       0x00000044   Zero   RW         5717    .bss                rtx_conf_cm.o
    0x20008180        -       0x00000034   Zero   RW         6464    .bss                RTX_CM4.lib(rt_task.o)
    0x200081b4        -       0x00000030   Zero   RW         6684    .bss                RTX_CM4.lib(rt_list.o)
    0x200081e4   COMPRESSED   0x00000004   PAD
    0x200081e8        -       0x00000400   Zero   RW         5776    STACK               startup_stm32f302xc.o


==============================================================================

Image component sizes


      Code (inc. data)   RO Data    RW Data    ZI Data      Debug   Object Name

      2712        284         16         40        464      12804   canbus.o
      2880        368        100         68       6224      47407   digital.o
       962        104         16          8          0       8568   ds18b20.o
       432         32          0          0          0      35140   flash.o
      1136        176          8         12         24       8101   interface.o
        72          4          0          0          0     398125   main.o
      2198        268         16         12        336      42793   power.o
       146         88         88         12      19440       7804   rtx_conf_cm.o
      2830        392        148         58       6336      46667   serial.o
        36          8        392          0       1024        852   startup_stm32f302xc.o
       486         18          0          0          0       9213   stm32f30x_adc.o
      1150         20          0          0          0       8452   stm32f30x_can.o
       380         26          0          0          0       5731   stm32f30x_dma.o
       312         18          0          0          0       2432   stm32f30x_exti.o
       270         42          0          0          0       5179   stm32f30x_flash.o
       180          0          0          0          0       4503   stm32f30x_gpio.o
       192        120          0          0          0      32928   stm32f30x_it.o
        16          6          0          0          0        537   stm32f30x_iwdg.o
       100          6          0          0          0       1180   stm32f30x_misc.o
       916         50          0         48          0       7351   stm32f30x_rcc.o
        40          6          0          0          0        720   stm32f30x_syscfg.o
       252         42          0          0          0       5723   stm32f30x_tim.o
       466         36          0          0          0       7323   stm32f30x_usart.o
       260         32          0         20          0       1953   system_stm32f3xx.o
        34          0          0          0          0        490   thread.o
       318         12       1280          0          0       5765   utils.o

    ----------------------------------------------------------------------
     18806       2158       2106        284      33848     707741   Object Totals
         0          0         32          0          0          0   (incl. Generated)
        30          0         10          6          0          0   (incl. Padding)

    ----------------------------------------------------------------------

      Code (inc. data)   RO Data    RW Data    ZI Data      Debug   Library Member Name

       268         24          0          1          0       4440   hal_cm.o
       408         34          0          0          0        812   hal_cm4.o
      2322        248          0          8          0      55112   rt_cmsis.o
        80          4          0          0          0        697   rt_event.o
       566         44          0          0         48       9168   rt_list.o
       706         14          0          0          0       5055   rt_mailbox.o
       140          0          0          0          0       2033   rt_membox.o
       128          0          0          0          0       2411   rt_memory.o
        96         22          0          8          0       1230   rt_robin.o
       186         10          0          0          0       3102   rt_semaphore.o
       334         64          0          8          0       7375   rt_system.o
      1264        184          0          8         52      10551   rt_task.o
         6          0          0          4          0        684   rt_time.o
         4          4          0          0          0        196   svc_table.o
        56         12          0          0          0        132   atof.o
        56          8          0          0          0         84   __0sscanf.o
        86          0          0          0          0          0   __dczerorl2.o
        28          0          0          0          0         68   _chval.o
       816          6          0          0          0        112   _scanf.o
       332          0          0          0          0         96   _scanf_int.o
        64          0          0          0          0         84   _sgetc.o
        40          6         64          0          0         68   ctype_c.o
         0          0          0          0          0          0   entry.o
         0          0          0          0          0          0   entry10a.o
         0          0          0          0          0          0   entry11a.o
         4          0          0          0          0          0   entry12b.o
         8          4          0          0          0          0   entry2.o
         4          0          0          0          0          0   entry5.o
         0          0          0          0          0          0   entry7b.o
         0          0          0          0          0          0   entry8b.o
        24         12          0          4          0        136   errno.o
        30          0          0          0          0          0   handlers.o
        36          8          0          0          0         68   init.o
        10          0          0          0          0         68   isspace_c.o
         0          0          0          0          0          0   iusefp.o
        30          0          0          0          0         68   llshl.o
        36          0          0          0          0         68   llsshr.o
        32          0          0          0          0         68   llushr.o
        36          0          0          0          0         68   memcpya.o
        36          0          0          0          0        108   memseta.o
      1160         50          0          0          0        420   printf8.o
        40          8          0          0          0         84   scanf_char.o
       878         12          0          0          0        216   scanf_fp.o
        14          0          0          0          0         68   strlen.o
        30          0          0          0          0         80   strncmp.o
       156         12          0          0          0        120   strtod.o
        98          0          0          0          0         92   uldiv.o
        48          0          0          0          0         68   cdcmple.o
        56          0          0          0          0         88   d2f.o
       334          0          0          0          0        148   dadd.o
       222          0          0          0          0        100   ddiv.o
       186          0          0          0          0        176   depilogue.o
        50          0          0          0          0         76   dfixui.o
        34          0          0          0          0         76   dflti.o
        26          0          0          0          0         76   dfltui.o
        24          0          0          0          0         76   dfltul.o
       228          0          0          0          0         96   dmul.o
       110          0          0          0          0        168   fepilogue.o

    ----------------------------------------------------------------------
     11998        790         66         44        104     106390   Library Totals
        32          0          2          3          4          0   (incl. Padding)

    ----------------------------------------------------------------------

      Code (inc. data)   RO Data    RW Data    ZI Data      Debug   Library Name

      6508        652          0         37        100     102866   RTX_CM4.lib
        56         12          0          0          0        132   m_wm.l
      4084        126         64          4          0       2244   mc_w.l
      1318          0          0          0          0       1148   mf_w.l

    ----------------------------------------------------------------------
     11998        790         66         44        104     106390   Library Totals

    ----------------------------------------------------------------------

==============================================================================


      Code (inc. data)   RO Data    RW Data    ZI Data      Debug   

     30804       2948       2172        328      33952     783347   Grand Totals
     30804       2948       2172         72      33952     783347   ELF Image Totals (compressed)
     30804       2948       2172         72          0          0   ROM Totals

==============================================================================

    Total RO  Size (Code + RO Data)                32976 (  32.20kB)
    Total RW  Size (RW Data + ZI Data)             34280 (  33.48kB)
    Total ROM Size (Code + RO Data + RW Data)      33048 (  32.27kB)

==============================================================================

