Component: ARM Compiler 5.06 update 7 (build 960) Tool: armlink [4d3601]

==============================================================================

Section Cross References

    main.o(i.IWDG_Start) refers to gd32f30x_rcu.o(i.rcu_osci_on) for rcu_osci_on
    main.o(i.IWDG_Start) refers to gd32f30x_rcu.o(i.rcu_osci_stab_wait) for rcu_osci_stab_wait
    main.o(i.IWDG_Start) refers to gd32f30x_fwdgt.o(i.fwdgt_config) for fwdgt_config
    main.o(i.IWDG_Start) refers to gd32f30x_fwdgt.o(i.fwdgt_counter_reload) for fwdgt_counter_reload
    main.o(i.IWDG_Start) refers to gd32f30x_fwdgt.o(i.fwdgt_enable) for fwdgt_enable
    main.o(i.main) refers to rt_cmsis.o(i.osKernelInitialize) for osKernelInitialize
    main.o(i.main) refers to main.o(i.IWDG_Start) for IWDG_Start
    main.o(i.main) refers to main.o(i.pw_init) for pw_init
    main.o(i.main) refers to thread.o(i.Init_Thread) for Init_Thread
    main.o(i.main) refers to rt_cmsis.o(i.osKernelStart) for osKernelStart
    main.o(i.main) refers to rt_cmsis.o(i.osDelay) for osDelay
    main.o(i.main) refers to gd32f30x_fwdgt.o(i.fwdgt_counter_reload) for fwdgt_counter_reload
    main.o(i.main) refers to rt_cmsis.o(i.osThreadYield) for osThreadYield
    main.o(i.pw_init) refers to gd32f30x_rcu.o(i.rcu_periph_clock_enable) for rcu_periph_clock_enable
    main.o(i.pw_init) refers to gd32f30x_gpio.o(i.gpio_init) for gpio_init
    main.o(i.pw_init) refers to gd32f30x_gpio.o(i.gpio_bit_set) for gpio_bit_set
    main.o(i.pw_init) refers to gd32f30x_gpio.o(i.gpio_bit_reset) for gpio_bit_reset
    fw.o(i.FLASH_GetFLG) refers to fw.o(i.flash_read_uint32_t) for flash_read_uint32_t
    fw.o(i.FLASH_SetFLG) refers to fw.o(i.disable_irqn) for disable_irqn
    fw.o(i.FLASH_SetFLG) refers to gd32f30x_fmc.o(i.fmc_unlock) for fmc_unlock
    fw.o(i.FLASH_SetFLG) refers to gd32f30x_fmc.o(i.fmc_flag_clear) for fmc_flag_clear
    fw.o(i.FLASH_SetFLG) refers to gd32f30x_fmc.o(i.fmc_page_erase) for fmc_page_erase
    fw.o(i.FLASH_SetFLG) refers to gd32f30x_fmc.o(i.fmc_lock) for fmc_lock
    fw.o(i.FLASH_SetFLG) refers to fw.o(i.enable_irqn) for enable_irqn
    fw.o(i.FLASH_SetFLG) refers to gd32f30x_fmc.o(i.fmc_word_program) for fmc_word_program
    fw.o(i.FLASH_SetFLG) refers to rt_cmsis.o(i.osDelay) for osDelay
    fw.o(i.FLASH_SetFLG) refers to fw.o(i.__NVIC_SystemReset) for __NVIC_SystemReset
    fw.o(i.FirmwareInfoParse) refers to fw.o(.data) for update_fw_flag
    fw.o(i.FirmwarePackageParse) refers to _printf_percent.o(.ARM.Collect$$_printf_percent$$00000000) for _printf_percent
    fw.o(i.FirmwarePackageParse) refers to _printf_d.o(.ARM.Collect$$_printf_percent$$00000009) for _printf_d
    fw.o(i.FirmwarePackageParse) refers to _printf_x.o(.ARM.Collect$$_printf_percent$$0000000C) for _printf_x
    fw.o(i.FirmwarePackageParse) refers to _printf_dec.o(.text) for _printf_int_dec
    fw.o(i.FirmwarePackageParse) refers to _printf_hex_int.o(.text) for _printf_longlong_hex
    fw.o(i.FirmwarePackageParse) refers to serial.o(i.SerialPushStr) for SerialPushStr
    fw.o(i.FirmwarePackageParse) refers to utils.o(i.CRC32Software) for CRC32Software
    fw.o(i.FirmwarePackageParse) refers to noretval__2sprintf.o(.text) for __2sprintf
    fw.o(i.FirmwarePackageParse) refers to fw.o(i.WriteFwPackage) for WriteFwPackage
    fw.o(i.FirmwarePackageParse) refers to rt_cmsis.o(i.osDelay) for osDelay
    fw.o(i.FirmwarePackageParse) refers to fw.o(i.__NVIC_SystemReset) for __NVIC_SystemReset
    fw.o(i.FirmwarePackageParse) refers to fw.o(i.PushRequestFirmware) for PushRequestFirmware
    fw.o(i.FirmwarePackageParse) refers to fw.o(i.PushRequestPackage) for PushRequestPackage
    fw.o(i.FirmwarePackageParse) refers to fw.o(.data) for total_pack
    fw.o(i.FirmwarePackageParse) refers to fw.o(.bss) for TEST_
    fw.o(i.PushRequestFirmware) refers to utils.o(i.CRC_8BitsCompute) for CRC_8BitsCompute
    fw.o(i.PushRequestFirmware) refers to serial.o(i.SerialPushBuffer) for SerialPushBuffer
    fw.o(i.PushRequestFirmware) refers to fw.o(.bss) for tmp_msg
    fw.o(i.PushRequestPackage) refers to serial.o(i.SerialPushBufferWithCS) for SerialPushBufferWithCS
    fw.o(i.PushRequestPackage) refers to fw.o(.bss) for tmp_msg
    fw.o(i.PushRequestPackage) refers to fw.o(.data) for is_send_request
    fw.o(i.WriteFwPackage) refers to fw.o(i.disable_irqn) for disable_irqn
    fw.o(i.WriteFwPackage) refers to gd32f30x_fmc.o(i.fmc_unlock) for fmc_unlock
    fw.o(i.WriteFwPackage) refers to gd32f30x_fmc.o(i.fmc_flag_clear) for fmc_flag_clear
    fw.o(i.WriteFwPackage) refers to gd32f30x_fmc.o(i.fmc_page_erase) for fmc_page_erase
    fw.o(i.WriteFwPackage) refers to gd32f30x_fmc.o(i.fmc_lock) for fmc_lock
    fw.o(i.WriteFwPackage) refers to fw.o(i.enable_irqn) for enable_irqn
    fw.o(i.WriteFwPackage) refers to gd32f30x_fmc.o(i.fmc_word_program) for fmc_word_program
    fw.o(i.firmware_thrd_init) refers to rt_cmsis.o(i.osThreadCreate) for osThreadCreate
[...]
    i.svcThreadTerminate                     0x0800336c   Section        0  rt_cmsis.o(i.svcThreadTerminate)
    i.svcThreadYield                         0x080033a4   Section        0  rt_cmsis.o(i.svcThreadYield)
    i.svcTimerCall                           0x080033ae   Section        0  rt_cmsis.o(i.svcTimerCall)
    i.sysMailAlloc                           0x080033c8   Section        0  rt_cmsis.o(i.sysMailAlloc)
    i.sysMailFree                            0x08003420   Section        0  rt_cmsis.o(i.sysMailFree)
    i.sysTimerTick                           0x08003480   Section        0  rt_cmsis.o(i.sysTimerTick)
    i.system_clock_120m_hxtal                0x080034dc   Section        0  system_gd32f30x.o(i.system_clock_120m_hxtal)
    system_clock_120m_hxtal                  0x080034dd   Thumb Code   256  system_gd32f30x.o(i.system_clock_120m_hxtal)
    i.system_clock_config                    0x080035ec   Section        0  system_gd32f30x.o(i.system_clock_config)
    system_clock_config                      0x080035ed   Thumb Code     8  system_gd32f30x.o(i.system_clock_config)
    i.usart_baudrate_set                     0x080035f4   Section        0  gd32f30x_usart.o(i.usart_baudrate_set)
    i.usart_data_receive                     0x08003684   Section        0  gd32f30x_usart.o(i.usart_data_receive)
    i.usart_data_transmit                    0x0800368e   Section        0  gd32f30x_usart.o(i.usart_data_transmit)
    i.usart_deinit                           0x08003698   Section        0  gd32f30x_usart.o(i.usart_deinit)
    i.usart_enable                           0x08003728   Section        0  gd32f30x_usart.o(i.usart_enable)
    i.usart_flag_get                         0x08003732   Section        0  gd32f30x_usart.o(i.usart_flag_get)
    i.usart_interrupt_enable                 0x08003750   Section        0  gd32f30x_usart.o(i.usart_interrupt_enable)
    i.usart_interrupt_flag_get               0x0800376a   Section        0  gd32f30x_usart.o(i.usart_interrupt_flag_get)
    i.usart_parity_config                    0x080037a2   Section        0  gd32f30x_usart.o(i.usart_parity_config)
    i.usart_receive_config                   0x080037b2   Section        0  gd32f30x_usart.o(i.usart_receive_config)
    i.usart_stop_bit_set                     0x080037c2   Section        0  gd32f30x_usart.o(i.usart_stop_bit_set)
    i.usart_transmit_config                  0x080037d2   Section        0  gd32f30x_usart.o(i.usart_transmit_config)
    i.usart_word_length_set                  0x080037e2   Section        0  gd32f30x_usart.o(i.usart_word_length_set)
    i.vFirmwareUpdateHandler                 0x080037f4   Section        0  fw.o(i.vFirmwareUpdateHandler)
    i.vSerialReceiver                        0x08003878   Section        0  serial.o(i.vSerialReceiver)
    i.vSerialTask                            0x08003914   Section        0  serial.o(i.vSerialTask)
    x$fpl$fpinit                             0x08003990   Section       10  fpinit.o(x$fpl$fpinit)
    $v0                                      0x08003990   Number         0  fpinit.o(x$fpl$fpinit)
    .constdata                               0x0800399c   Section       16  fw.o(.constdata)
    .constdata                               0x080039ac   Section       56  serial.o(.constdata)
    .constdata                               0x080039e4   Section     1280  utils.o(.constdata)
    .constdata                               0x08003ee4   Section      104  rtx_conf_cm.o(.constdata)
    __tagsym$$used                           0x08003f00   Number         0  rtx_conf_cm.o(.constdata)
    __tagsym$$used                           0x08003f04   Number         0  rtx_conf_cm.o(.constdata)
    __tagsym$$used                           0x08003f08   Number         0  rtx_conf_cm.o(.constdata)
    __tagsym$$used                           0x08003f0c   Number         0  rtx_conf_cm.o(.constdata)
    .constdata                               0x08003f4c   Section       40  _printf_hex_int.o(.constdata)
    uc_hextab                                0x08003f4c   Data          20  _printf_hex_int.o(.constdata)
    lc_hextab                                0x08003f60   Data          20  _printf_hex_int.o(.constdata)
    .data                                    0x20000000   Section       36  fw.o(.data)
    write_address                            0x20000000   Data           4  fw.o(.data)
    update_fw_flag                           0x20000004   Data           1  fw.o(.data)
    total_pack                               0x20000008   Data           4  fw.o(.data)
    total_crc                                0x2000000c   Data           4  fw.o(.data)
    fw_package_id                            0x20000010   Data           2  fw.o(.data)
    is_send_request                          0x20000012   Data           1  fw.o(.data)
    is_receiver_package                      0x20000013   Data           1  fw.o(.data)
    receiver_timeout                         0x20000014   Data           1  fw.o(.data)
    repush_package                           0x20000015   Data           1  fw.o(.data)
    .data                                    0x20000024   Section       47  serial.o(.data)
    rxChar                                   0x20000050   Data           1  serial.o(.data)
    state                                    0x20000051   Data           1  serial.o(.data)
    rxd                                      0x20000052   Data           1  serial.o(.data)
    .data                                    0x20000054   Section       20  rtx_conf_cm.o(.data)
    nr_mutex                                 0x20000064   Data           4  rtx_conf_cm.o(.data)
    .data                                    0x20000068   Section       12  system_gd32f30x.o(.data)
    .data                                    0x20000074   Section        8  rt_cmsis.o(.data)
    .data                                    0x2000007c   Section        8  rt_task.o(.data)
    .data                                    0x20000084   Section        8  rt_system.o(.data)
    os_lock                                  0x20000084   Data           1  rt_system.o(.data)
    os_psh_flag                              0x20000085   Data           1  rt_system.o(.data)
    pend_flags                               0x20000086   Data           1  rt_system.o(.data)
    .data                                    0x2000008c   Section        4  rt_time.o(.data)
    .data                                    0x20000090   Section        8  rt_robin.o(.data)
    .data                                    0x20000098   Section        1  hal_cm.o(.data)
    .bss                                     0x2000009c   Section      504  fw.o(.bss)
    .bss                                     0x20000294   Section    25858  serial.o(.bss)
    umsg                                     0x20006778   Data          30  serial.o(.bss)
    .bss                                     0x20006798   Section    11552  rtx_conf_cm.o(.bss)
    std_libspace                             0x20008f58   Data        1248  rtx_conf_cm.o(.bss)
    std_libmutex                             0x20009438   Data         128  rtx_conf_cm.o(.bss)
    .bss                                     0x200094b8   Section       52  rt_task.o(.bss)
    .bss                                     0x200094ec   Section       48  rt_list.o(.bss)
    .bss                                     0x2000951c   Section       96  libspace.o(.bss)
    HEAP                                     0x20009580   Section     1024  startup_gd32f30x_hd.o(HEAP)
    Heap_Mem                                 0x20009580   Data        1024  startup_gd32f30x_hd.o(HEAP)
    STACK                                    0x20009980   Section     1024  startup_gd32f30x_hd.o(STACK)
    Stack_Mem                                0x20009980   Data        1024  startup_gd32f30x_hd.o(STACK)
    __initial_sp                             0x20009d80   Data           0  startup_gd32f30x_hd.o(STACK)

    Global Symbols

    Symbol Name                              Value     Ov Type        Size  Object(Section)

    BuildAttributes$$THM_ISAv4$E$P$D$K$B$S$7EM$VFPi3$EXTD16$VFPS$VFMA$PE$A:L22UL41UL21$X:L11$S22US41US21$IEEE1$IW$USESV6$~STKCKD$USESV7$~SHL$OSPACE$ROPI$EBA8$UX$STANDARDLIB$REQ8$PRES8$EABIv2 0x00000000   Number         0  anon$$obj.o ABSOLUTE
    __ARM_use_no_argv                        0x00000000   Number         0  main.o ABSOLUTE
    _printf_flags                            0x00000000   Number         0  printf_stubs.o ABSOLUTE
    _printf_return_value                     0x00000000   Number         0  printf_stubs.o ABSOLUTE
    _printf_sizespec                         0x00000000   Number         0  printf_stubs.o ABSOLUTE
    _printf_widthprec                        0x00000000   Number         0  printf_stubs.o ABSOLUTE
    __ARM_exceptions_init                     - Undefined Weak Reference
    __alloca_initialize                       - Undefined Weak Reference
    __arm_fini_                               - Undefined Weak Reference
    __arm_preinit_                            - Undefined Weak Reference
    __cpp_initialize__aeabi_                  - Undefined Weak Reference
    __cxa_finalize                            - Undefined Weak Reference
    __rt_locale                               - Undefined Weak Reference
    __sigvec_lookup                           - Undefined Weak Reference
    _atexit_init                              - Undefined Weak Reference
    _call_atexit_fns                          - Undefined Weak Reference
    _clock_init                               - Undefined Weak Reference
    _fp_trap_init                             - Undefined Weak Reference
    _fp_trap_shutdown                         - Undefined Weak Reference
    _get_lc_collate                           - Undefined Weak Reference
    _get_lc_ctype                             - Undefined Weak Reference
    _get_lc_monetary                          - Undefined Weak Reference
    _get_lc_numeric                           - Undefined Weak Reference
    _get_lc_time                              - Undefined Weak Reference
    _getenv_init                              - Undefined Weak Reference
    _handle_redirection                       - Undefined Weak Reference
    _init_alloc                               - Undefined Weak Reference
    _init_user_alloc                          - Undefined Weak Reference
    _initio                                   - Undefined Weak Reference
    _printf_post_padding                      - Undefined Weak Reference
    _printf_pre_padding                       - Undefined Weak Reference
    _printf_truncate_signed                   - Undefined Weak Reference
    _printf_truncate_unsigned                 - Undefined Weak Reference
    _rand_init                                - Undefined Weak Reference
    _signal_finish                            - Undefined Weak Reference
    _signal_init                              - Undefined Weak Reference
    _terminate_alloc                          - Undefined Weak Reference
    _terminate_user_alloc                     - Undefined Weak Reference
    _terminateio                              - Undefined Weak Reference
    __Vectors_Size                           0x00000130   Number         0  startup_gd32f30x_hd.o ABSOLUTE
    __RL_RTX_VER                             0x00000482   Number         0  rt_system.o ABSOLUTE
    __Vectors                                0x08000000   Data           4  startup_gd32f30x_hd.o(RESET)
    __Vectors_End                            0x08000130   Data           0  startup_gd32f30x_hd.o(RESET)
    __main                                   0x08000131   Thumb Code     8  __main.o(!!!main)
    __scatterload                            0x08000139   Thumb Code     0  __scatter.o(!!!scatter)
    __scatterload_rt2                        0x08000139   Thumb Code    44  __scatter.o(!!!scatter)
    __scatterload_rt2_thumb_only             0x08000139   Thumb Code     0  __scatter.o(!!!scatter)
    __scatterload_null                       0x08000147   Thumb Code     0  __scatter.o(!!!scatter)
    __scatterload_copy                       0x0800016d   Thumb Code    26  __scatter_copy.o(!!handler_copy)
    __scatterload_zeroinit                   0x08000189   Thumb Code    28  __scatter_zi.o(!!handler_zi)
    _printf_d                                0x080001a5   Thumb Code     0  _printf_d.o(.ARM.Collect$$_printf_percent$$00000009)
    _printf_percent                          0x080001a5   Thumb Code     0  _printf_percent.o(.ARM.Collect$$_printf_percent$$00000000)
    _printf_x                                0x080001ab   Thumb Code     0  _printf_x.o(.ARM.Collect$$_printf_percent$$0000000C)
    _printf_percent_end                      0x080001b1   Thumb Code     0  _printf_percent_end.o(.ARM.Collect$$_printf_percent$$00000017)
    __rt_lib_init                            0x080001b5   Thumb Code     0  libinit.o(.ARM.Collect$$libinit$$00000000)
    __rt_lib_init_fp_1                       0x080001b7   Thumb Code     0  libinit2.o(.ARM.Collect$$libinit$$00000001)
    __rt_lib_init_alloca_1                   0x080001bb   Thumb Code     0  libinit2.o(.ARM.Collect$$libinit$$0000002E)
    __rt_lib_init_argv_1                     0x080001bb   Thumb Code     0  libinit2.o(.ARM.Collect$$libinit$$0000002C)
    __rt_lib_init_atexit_1                   0x080001bb   Thumb Code     0  libinit2.o(.ARM.Collect$$libinit$$0000001B)
    __rt_lib_init_clock_1                    0x080001bb   Thumb Code     0  libinit2.o(.ARM.Collect$$libinit$$00000021)
    __rt_lib_init_cpp_1                      0x080001bb   Thumb Code     0  libinit2.o(.ARM.Collect$$libinit$$00000032)
    __rt_lib_init_exceptions_1               0x080001bb   Thumb Code     0  libinit2.o(.ARM.Collect$$libinit$$00000030)
    __rt_lib_init_fp_trap_1                  0x080001bb   Thumb Code     0  libinit2.o(.ARM.Collect$$libinit$$0000001F)
    __rt_lib_init_getenv_1                   0x080001bb   Thumb Code     0  libinit2.o(.ARM.Collect$$libinit$$00000023)
    __rt_lib_init_heap_1                     0x080001bb   Thumb Code     0  libinit2.o(.ARM.Collect$$libinit$$0000000A)
    __rt_lib_init_lc_collate_1               0x080001bb   Thumb Code     0  libinit2.o(.ARM.Collect$$libinit$$00000011)
    __rt_lib_init_lc_ctype_1                 0x080001bb   Thumb Code     0  libinit2.o(.ARM.Collect$$libinit$$00000013)
    __rt_lib_init_lc_monetary_1              0x080001bb   Thumb Code     0  libinit2.o(.ARM.Collect$$libinit$$00000015)
    __rt_lib_init_lc_numeric_1               0x080001bb   Thumb Code     0  libinit2.o(.ARM.Collect$$libinit$$00000017)
    __rt_lib_init_lc_time_1                  0x080001bb   Thumb Code     0  libinit2.o(.ARM.Collect$$libinit$$00000019)
    __rt_lib_init_preinit_1                  0x080001bb   Thumb Code     0  libinit2.o(.ARM.Collect$$libinit$$00000004)
    __rt_lib_init_rand_1                     0x080001bb   Thumb Code     0  libinit2.o(.ARM.Collect$$libinit$$0000000E)
    __rt_lib_init_return                     0x080001bb   Thumb Code     0  libinit2.o(.ARM.Collect$$libinit$$00000033)
    __rt_lib_init_signal_1                   0x080001bb   Thumb Code     0  libinit2.o(.ARM.Collect$$libinit$$0000001D)
    __rt_lib_init_stdio_1                    0x080001bb   Thumb Code     0  libinit2.o(.ARM.Collect$$libinit$$00000025)
    __rt_lib_init_user_alloc_1               0x080001bb   Thumb Code     0  libinit2.o(.ARM.Collect$$libinit$$0000000C)
    __rt_lib_shutdown                        0x080001bd   Thumb Code     0  libshutdown.o(.ARM.Collect$$libshutdown$$00000000)
    __rt_lib_shutdown_cpp_1                  0x080001bf   Thumb Code     0  libshutdown2.o(.ARM.Collect$$libshutdown$$00000004)
    __rt_lib_shutdown_fini_1                 0x080001bf   Thumb Code     0  libshutdown2.o(.ARM.Collect$$libshutdown$$00000002)
    __rt_lib_shutdown_fp_trap_1              0x080001bf   Thumb Code     0  libshutdown2.o(.ARM.Collect$$libshutdown$$00000009)
    __rt_lib_shutdown_heap_1                 0x080001bf   Thumb Code     0  libshutdown2.o(.ARM.Collect$$libshutdown$$00000011)
    __rt_lib_shutdown_return                 0x080001bf   Thumb Code     0  libshutdown2.o(.ARM.Collect$$libshutdown$$00000012)
    __rt_lib_shutdown_signal_1               0x080001bf   Thumb Code     0  libshutdown2.o(.ARM.Collect$$libshutdown$$0000000C)
    __rt_lib_shutdown_stdio_1                0x080001bf   Thumb Code     0  libshutdown2.o(.ARM.Collect$$libshutdown$$00000006)
    __rt_lib_shutdown_user_alloc_1           0x080001bf   Thumb Code     0  libshutdown2.o(.ARM.Collect$$libshutdown$$0000000E)
    __rt_entry                               0x080001c1   Thumb Code     0  __rtentry.o(.ARM.Collect$$rtentry$$00000000)
    __rt_entry_presh_1                       0x080001c1   Thumb Code     0  __rtentry2.o(.ARM.Collect$$rtentry$$00000002)
    __rt_entry_sh                            0x080001c1   Thumb Code     0  __rtentry4.o(.ARM.Collect$$rtentry$$00000004)
    __rt_entry_li                            0x080001c7   Thumb Code     0  __rtentry2.o(.ARM.Collect$$rtentry$$0000000A)
    __rt_entry_postsh_1                      0x080001c7   Thumb Code     0  __rtentry2.o(.ARM.Collect$$rtentry$$00000009)
    __rt_entry_postli_1                      0x080001cb   Thumb Code     0  __rtentry2.o(.ARM.Collect$$rtentry$$0000000B)
    __rt_entry_main                          0x080001d3   Thumb Code     0  __rtentry2.o(.ARM.Collect$$rtentry$$0000000D)
    __rt_exit                                0x080001db   Thumb Code     0  rtexit.o(.ARM.Collect$$rtexit$$00000000)
    __rt_exit_ls                             0x080001dd   Thumb Code     0  rtexit2.o(.ARM.Collect$$rtexit$$00000003)
    __rt_exit_prels_1                        0x080001dd   Thumb Code     0  rtexit2.o(.ARM.Collect$$rtexit$$00000002)
    __rt_exit_exit                           0x080001e1   Thumb Code     0  rtexit2.o(.ARM.Collect$$rtexit$$00000004)
    _platform_post_lib_init                  0x080001e9   Thumb Code    24  rtx_conf_cm.o(.emb_text)
    rt_set_PSP                               0x08000205   Thumb Code     6  hal_cm4.o(.emb_text)
    rt_get_PSP                               0x0800020b   Thumb Code     6  hal_cm4.o(.emb_text)
    os_set_env                               0x08000211   Thumb Code    24  hal_cm4.o(.emb_text)
    _alloc_box                               0x0800022d   Thumb Code    28  hal_cm4.o(.emb_text)
    _free_box                                0x0800024d   Thumb Code    28  hal_cm4.o(.emb_text)
    SVC_Handler                              0x0800026d   Thumb Code   168  hal_cm4.o(.emb_text)
    PendSV_Handler                           0x08000325   Thumb Code    96  hal_cm4.o(.emb_text)
    SysTick_Handler                          0x08000389   Thumb Code     8  hal_cm4.o(.emb_text)
    OS_Tick_Handler                          0x08000391   Thumb Code    12  hal_cm4.o(.emb_text)
    Reset_Handler                            0x0800039d   Thumb Code     8  startup_gd32f30x_hd.o(.text)
    NMI_Handler                              0x080003a5   Thumb Code     2  startup_gd32f30x_hd.o(.text)
    HardFault_Handler                        0x080003a7   Thumb Code     2  startup_gd32f30x_hd.o(.text)
    MemManage_Handler                        0x080003a9   Thumb Code     2  startup_gd32f30x_hd.o(.text)
    BusFault_Handler                         0x080003ab   Thumb Code     2  startup_gd32f30x_hd.o(.text)
    UsageFault_Handler                       0x080003ad   Thumb Code     2  startup_gd32f30x_hd.o(.text)
    DebugMon_Handler                         0x080003b1   Thumb Code     2  startup_gd32f30x_hd.o(.text)
    ADC0_1_IRQHandler                        0x080003b7   Thumb Code     0  startup_gd32f30x_hd.o(.text)
    ADC2_IRQHandler                          0x080003b7   Thumb Code     0  startup_gd32f30x_hd.o(.text)
    CAN0_EWMC_IRQHandler                     0x080003b7   Thumb Code     0  startup_gd32f30x_hd.o(.text)
    CAN0_RX1_IRQHandler                      0x080003b7   Thumb Code     0  startup_gd32f30x_hd.o(.text)
    DMA0_Channel0_IRQHandler                 0x080003b7   Thumb Code     0  startup_gd32f30x_hd.o(.text)
    DMA0_Channel1_IRQHandler                 0x080003b7   Thumb Code     0  startup_gd32f30x_hd.o(.text)
    DMA0_Channel2_IRQHandler                 0x080003b7   Thumb Code     0  startup_gd32f30x_hd.o(.text)
    DMA0_Channel3_IRQHandler                 0x080003b7   Thumb Code     0  startup_gd32f30x_hd.o(.text)
    DMA0_Channel4_IRQHandler                 0x080003b7   Thumb Code     0  startup_gd32f30x_hd.o(.text)
    DMA0_Channel5_IRQHandler                 0x080003b7   Thumb Code     0  startup_gd32f30x_hd.o(.text)
    DMA0_Channel6_IRQHandler                 0x080003b7   Thumb Code     0  startup_gd32f30x_hd.o(.text)
    DMA1_Channel0_IRQHandler                 0x080003b7   Thumb Code     0  startup_gd32f30x_hd.o(.text)
    DMA1_Channel1_IRQHandler                 0x080003b7   Thumb Code     0  startup_gd32f30x_hd.o(.text)
    DMA1_Channel2_IRQHandler                 0x080003b7   Thumb Code     0  startup_gd32f30x_hd.o(.text)
    DMA1_Channel3_4_IRQHandler               0x080003b7   Thumb Code     0  startup_gd32f30x_hd.o(.text)
    EXMC_IRQHandler                          0x080003b7   Thumb Code     0  startup_gd32f30x_hd.o(.text)
    EXTI0_IRQHandler                         0x080003b7   Thumb Code     0  startup_gd32f30x_hd.o(.text)
    EXTI10_15_IRQHandler                     0x080003b7   Thumb Code     0  startup_gd32f30x_hd.o(.text)
    EXTI1_IRQHandler                         0x080003b7   Thumb Code     0  startup_gd32f30x_hd.o(.text)
    EXTI2_IRQHandler                         0x080003b7   Thumb Code     0  startup_gd32f30x_hd.o(.text)
    EXTI3_IRQHandler                         0x080003b7   Thumb Code     0  startup_gd32f30x_hd.o(.text)
    EXTI4_IRQHandler                         0x080003b7   Thumb Code     0  startup_gd32f30x_hd.o(.text)
    EXTI5_9_IRQHandler                       0x080003b7   Thumb Code     0  startup_gd32f30x_hd.o(.text)
    FMC_IRQHandler                           0x080003b7   Thumb Code     0  startup_gd32f30x_hd.o(.text)
    I2C0_ER_IRQHandler                       0x080003b7   Thumb Code     0  startup_gd32f30x_hd.o(.text)
    I2C0_EV_IRQHandler                       0x080003b7   Thumb Code     0  startup_gd32f30x_hd.o(.text)
    I2C1_ER_IRQHandler                       0x080003b7   Thumb Code     0  startup_gd32f30x_hd.o(.text)
    I2C1_EV_IRQHandler                       0x080003b7   Thumb Code     0  startup_gd32f30x_hd.o(.text)
    LVD_IRQHandler                           0x080003b7   Thumb Code     0  startup_gd32f30x_hd.o(.text)
    RCU_CTC_IRQHandler                       0x080003b7   Thumb Code     0  startup_gd32f30x_hd.o(.text)
    RTC_Alarm_IRQHandler                     0x080003b7   Thumb Code     0  startup_gd32f30x_hd.o(.text)
    RTC_IRQHandler                           0x080003b7   Thumb Code     0  startup_gd32f30x_hd.o(.text)
    SDIO_IRQHandler                          0x080003b7   Thumb Code     0  startup_gd32f30x_hd.o(.text)
    SPI0_IRQHandler                          0x080003b7   Thumb Code     0  startup_gd32f30x_hd.o(.text)
    SPI1_IRQHandler                          0x080003b7   Thumb Code     0  startup_gd32f30x_hd.o(.text)
    SPI2_IRQHandler                          0x080003b7   Thumb Code     0  startup_gd32f30x_hd.o(.text)
    TAMPER_IRQHandler                        0x080003b7   Thumb Code     0  startup_gd32f30x_hd.o(.text)
    TIMER0_BRK_IRQHandler                    0x080003b7   Thumb Code     0  startup_gd32f30x_hd.o(.text)
    TIMER0_Channel_IRQHandler                0x080003b7   Thumb Code     0  startup_gd32f30x_hd.o(.text)
    TIMER0_TRG_CMT_IRQHandler                0x080003b7   Thumb Code     0  startup_gd32f30x_hd.o(.text)
    TIMER0_UP_IRQHandler                     0x080003b7   Thumb Code     0  startup_gd32f30x_hd.o(.text)
    TIMER1_IRQHandler                        0x080003b7   Thumb Code     0  startup_gd32f30x_hd.o(.text)
    TIMER2_IRQHandler                        0x080003b7   Thumb Code     0  startup_gd32f30x_hd.o(.text)
    TIMER3_IRQHandler                        0x080003b7   Thumb Code     0  startup_gd32f30x_hd.o(.text)
    TIMER4_IRQHandler                        0x080003b7   Thumb Code     0  startup_gd32f30x_hd.o(.text)
    TIMER5_IRQHandler                        0x080003b7   Thumb Code     0  startup_gd32f30x_hd.o(.text)
    TIMER6_IRQHandler                        0x080003b7   Thumb Code     0  startup_gd32f30x_hd.o(.text)
    TIMER7_BRK_IRQHandler                    0x080003b7   Thumb Code     0  startup_gd32f30x_hd.o(.text)
    TIMER7_Channel_IRQHandler                0x080003b7   Thumb Code     0  startup_gd32f30x_hd.o(.text)
    TIMER7_TRG_CMT_IRQHandler                0x080003b7   Thumb Code     0  startup_gd32f30x_hd.o(.text)
    TIMER7_UP_IRQHandler                     0x080003b7   Thumb Code     0  startup_gd32f30x_hd.o(.text)
    UART3_IRQHandler                         0x080003b7   Thumb Code     0  startup_gd32f30x_hd.o(.text)
    UART4_IRQHandler                         0x080003b7   Thumb Code     0  startup_gd32f30x_hd.o(.text)
    USART1_IRQHandler                        0x080003b7   Thumb Code     0  startup_gd32f30x_hd.o(.text)
    USART2_IRQHandler                        0x080003b7   Thumb Code     0  startup_gd32f30x_hd.o(.text)
    USBD_HP_CAN0_TX_IRQHandler               0x080003b7   Thumb Code     0  startup_gd32f30x_hd.o(.text)
    USBD_LP_CAN0_RX0_IRQHandler              0x080003b7   Thumb Code     0  startup_gd32f30x_hd.o(.text)
    USBD_WKUP_IRQHandler                     0x080003b7   Thumb Code     0  startup_gd32f30x_hd.o(.text)
    WWDGT_IRQHandler                         0x080003b7   Thumb Code     0  startup_gd32f30x_hd.o(.text)
    __user_initial_stackheap                 0x080003b9   Thumb Code    10  startup_gd32f30x_hd.o(.text)
    __user_libspace                          0x080003dd   Thumb Code     8  libspace.o(.text)
    __user_perproc_libspace                  0x080003dd   Thumb Code     0  libspace.o(.text)
    __2sprintf                               0x080003e5   Thumb Code    34  noretval__2sprintf.o(.text)
    _printf_int_dec                          0x0800040d   Thumb Code   104  _printf_dec.o(.text)
    _printf_int_hex                          0x08000485   Thumb Code    84  _printf_hex_int.o(.text)
    _printf_longlong_hex                     0x08000485   Thumb Code     0  _printf_hex_int.o(.text)
    __printf                                 0x080004dd   Thumb Code   184  __printf_ss.o(.text)
    exit                                     0x08000595   Thumb Code    18  exit.o(.text)
    strlen                                   0x080005a7   Thumb Code    62  strlen.o(.text)
    strncmp                                  0x080005e5   Thumb Code   150  strncmp.o(.text)
    __aeabi_memcpy                           0x0800067b   Thumb Code     0  rt_memcpy_v6.o(.text)
    __rt_memcpy                              0x0800067b   Thumb Code   138  rt_memcpy_v6.o(.text)
    _memcpy_lastbytes                        0x080006e1   Thumb Code     0  rt_memcpy_v6.o(.text)
    __use_two_region_memory                  0x08000705   Thumb Code     2  heapauxi.o(.text)
    __rt_heap_escrow$2region                 0x08000707   Thumb Code     2  heapauxi.o(.text)
    __rt_heap_expand$2region                 0x08000709   Thumb Code     2  heapauxi.o(.text)
    _printf_int_common                       0x0800070b   Thumb Code   178  _printf_intcommon.o(.text)
    _printf_char_common                      0x080007c7   Thumb Code    32  _printf_char_common.o(.text)
    _sputc                                   0x080007ed   Thumb Code    10  _sputc.o(.text)
    __aeabi_memcpy4                          0x080007f7   Thumb Code     0  rt_memcpy_w.o(.text)
    __aeabi_memcpy8                          0x080007f7   Thumb Code     0  rt_memcpy_w.o(.text)
    __rt_memcpy_w                            0x080007f7   Thumb Code   100  rt_memcpy_w.o(.text)
    _memcpy_lastbytes_aligned                0x0800083f   Thumb Code     0  rt_memcpy_w.o(.text)
    _sys_exit                                0x0800085d   Thumb Code     8  sys_exit.o(.text)
    __user_setup_stackheap                   0x08000869   Thumb Code    74  sys_stackheap_outer.o(.text)
    __I$use$semihosting                      0x080008b3   Thumb Code     0  use_no_semi.o(.text)
    __use_no_semihosting_swi                 0x080008b3   Thumb Code     2  use_no_semi.o(.text)
    SVC_Count                                0x080008b4   Data           4  svc_table.o(SVC_TABLE)
    __semihosting_library_function           0x080008b5   Thumb Code     0  indicate_semi.o(.text)
    CRC32Software                            0x080008b9   Thumb Code    48  utils.o(i.CRC32Software)
    SVC_Table                                0x080008b8   Data           0  svc_table.o(SVC_TABLE)
    CRC_8BitsCompute                         0x080008ed   Thumb Code    28  utils.o(i.CRC_8BitsCompute)
    FLASH_GetFLG                             0x0800090d   Thumb Code    22  fw.o(i.FLASH_GetFLG)
    FLASH_SetFLG                             0x08000925   Thumb Code   106  fw.o(i.FLASH_SetFLG)
    FirmwareInfoParse                        0x08000995   Thumb Code    94  fw.o(i.FirmwareInfoParse)
    FirmwarePackageParse                     0x08000a11   Thumb Code   440  fw.o(i.FirmwarePackageParse)
    IWDG_Start                               0x08000d35   Thumb Code    42  main.o(i.IWDG_Start)
    Init_Thread                              0x08000d5f   Thumb Code    12  thread.o(i.Init_Thread)
    SerialPushBuffer                         0x08000e35   Thumb Code    46  serial.o(i.SerialPushBuffer)
    SerialPushBufferWithCS                   0x08000e69   Thumb Code    34  serial.o(i.SerialPushBufferWithCS)
    SerialPushByte                           0x08000e8d   Thumb Code    14  serial.o(i.SerialPushByte)
    SerialPushStr                            0x08000ea1   Thumb Code   112  serial.o(i.SerialPushStr)
    SerialUARTInit                           0x08000f15   Thumb Code   138  serial.o(i.SerialUARTInit)
    Serial_Init                              0x08000fa9   Thumb Code    96  serial.o(i.Serial_Init)
    SystemInit                               0x08001129   Thumb Code   182  system_gd32f30x.o(i.SystemInit)
    UART_SendByte                            0x08001205   Thumb Code    72  serial.o(i.UART_SendByte)
    USART0_IRQHandler                        0x08001255   Thumb Code    44  serial.o(i.USART0_IRQHandler)
    WriteFwPackage                           0x08001291   Thumb Code   136  fw.o(i.WriteFwPackage)
    _init_box                                0x08001341   Thumb Code    70  rt_membox.o(i._init_box)
    _mutex_acquire                           0x08001389   Thumb Code    22  rtx_conf_cm.o(i._mutex_acquire)
    _mutex_release                           0x080013a9   Thumb Code    18  rtx_conf_cm.o(i._mutex_release)
    dbg_init                                 0x080013c5   Thumb Code    34  hal_cm.o(i.dbg_init)
    dbg_task_notify                          0x080013f5   Thumb Code    32  hal_cm.o(i.dbg_task_notify)
    dbg_task_switch                          0x08001415   Thumb Code    16  hal_cm.o(i.dbg_task_switch)
    disable_irqn                             0x08001425   Thumb Code    34  fw.o(i.disable_irqn)
    enable_irqn                              0x0800144d   Thumb Code    38  fw.o(i.enable_irqn)
    firmware_thrd_init                       0x08001475   Thumb Code    26  fw.o(i.firmware_thrd_init)
    flash_read_uint32_t                      0x08001499   Thumb Code     6  fw.o(i.flash_read_uint32_t)
    fmc_bank0_ready_wait                     0x0800149f   Thumb Code    34  gd32f30x_fmc.o(i.fmc_bank0_ready_wait)
    fmc_bank0_state_get                      0x080014c1   Thumb Code    44  gd32f30x_fmc.o(i.fmc_bank0_state_get)
    fmc_bank1_ready_wait                     0x080014f1   Thumb Code    34  gd32f30x_fmc.o(i.fmc_bank1_ready_wait)
    fmc_bank1_state_get                      0x08001515   Thumb Code    44  gd32f30x_fmc.o(i.fmc_bank1_state_get)
    fmc_flag_clear                           0x08001545   Thumb Code    28  gd32f30x_fmc.o(i.fmc_flag_clear)
    fmc_lock                                 0x08001565   Thumb Code    34  gd32f30x_fmc.o(i.fmc_lock)
    fmc_page_erase                           0x08001591   Thumb Code   222  gd32f30x_fmc.o(i.fmc_page_erase)
    fmc_unlock                               0x0800167d   Thumb Code    52  gd32f30x_fmc.o(i.fmc_unlock)
    fmc_word_program                         0x080016c1   Thumb Code   178  gd32f30x_fmc.o(i.fmc_word_program)
    fwdgt_config                             0x08001781   Thumb Code    94  gd32f30x_fwdgt.o(i.fwdgt_config)
    fwdgt_counter_reload                     0x080017e9   Thumb Code    10  gd32f30x_fwdgt.o(i.fwdgt_counter_reload)
    fwdgt_enable                             0x080017f9   Thumb Code    10  gd32f30x_fwdgt.o(i.fwdgt_enable)
    goto_application                         0x08001809   Thumb Code    20  main.o(i.goto_application)
    gpio_bit_reset                           0x0800181d   Thumb Code     4  gd32f30x_gpio.o(i.gpio_bit_reset)
    gpio_bit_set                             0x08001821   Thumb Code     4  gd32f30x_gpio.o(i.gpio_bit_set)
    gpio_init                                0x08001825   Thumb Code   164  gd32f30x_gpio.o(i.gpio_init)
    isrMessageGet                            0x080018c9   Thumb Code    42  rt_cmsis.o(i.isrMessageGet)
    isrMessagePut                            0x080018f3   Thumb Code    44  rt_cmsis.o(i.isrMessagePut)
    isrSemaphoreRelease                      0x0800191f   Thumb Code    40  rt_cmsis.o(i.isrSemaphoreRelease)
    isr_mbx_receive                          0x08001949   Thumb Code    86  rt_mailbox.o(i.isr_mbx_receive)
    isr_mbx_send                             0x0800199f   Thumb Code    14  rt_mailbox.o(i.isr_mbx_send)
    isr_sem_send                             0x080019ad   Thumb Code    16  rt_semaphore.o(i.isr_sem_send)
    main                                     0x080019bd   Thumb Code    40  main.o(i.main)
    nvic_irq_enable                          0x080019e5   Thumb Code   186  gd32f30x_misc.o(i.nvic_irq_enable)
    nvic_priority_group_set                  0x08001aa9   Thumb Code    10  gd32f30x_misc.o(i.nvic_priority_group_set)
    osDelay                                  0x08001abd   Thumb Code    18  rt_cmsis.o(i.osDelay)
    osKernelInitialize                       0x08001ad5   Thumb Code    30  rt_cmsis.o(i.osKernelInitialize)
    osKernelStart                            0x08001af9   Thumb Code    98  rt_cmsis.o(i.osKernelStart)
    osKernelSysTick                          0x08001b65   Thumb Code    18  rt_cmsis.o(i.osKernelSysTick)
    osMailAlloc                              0x08001b7d   Thumb Code    22  rt_cmsis.o(i.osMailAlloc)
    osMailCreate                             0x08001b99   Thumb Code    36  rt_cmsis.o(i.osMailCreate)
    osMailFree                               0x08001bc5   Thumb Code    22  rt_cmsis.o(i.osMailFree)
    osMailGet                                0x08001be1   Thumb Code    22  rt_cmsis.o(i.osMailGet)
    osMailPut                                0x08001bf7   Thumb Code    20  rt_cmsis.o(i.osMailPut)
    osMessageCreate                          0x08001c0d   Thumb Code    36  rt_cmsis.o(i.osMessageCreate)
    osMessageGet                             0x08001c39   Thumb Code    18  rt_cmsis.o(i.osMessageGet)
    osMessagePut                             0x08001c51   Thumb Code    18  rt_cmsis.o(i.osMessagePut)
    osSemaphoreCreate                        0x08001c69   Thumb Code    36  rt_cmsis.o(i.osSemaphoreCreate)
    osSemaphoreRelease                       0x08001c95   Thumb Code    18  rt_cmsis.o(i.osSemaphoreRelease)
    osSemaphoreWait                          0x08001cad   Thumb Code    20  rt_cmsis.o(i.osSemaphoreWait)
    osThreadCreate                           0x08001cc5   Thumb Code    36  rt_cmsis.o(i.osThreadCreate)
    osThreadExit                             0x08001cf1   Thumb Code    14  rt_cmsis.o(i.osThreadExit)
    osThreadYield                            0x08001d09   Thumb Code    18  rt_cmsis.o(i.osThreadYield)
    osTimerCall                              0x08001d21   Thumb Code     8  rt_cmsis.o(i.osTimerCall)
    osTimerThread                            0x08001d2d   Thumb Code    38  rt_cmsis.o(i.osTimerThread)
    os_error                                 0x08001d59   Thumb Code    34  rtx_conf_cm.o(i.os_error)
    os_idle_demon                            0x08001d7b   Thumb Code     4  rtx_conf_cm.o(i.os_idle_demon)
    os_tick_init                             0x08001d81   Thumb Code    32  rt_system.o(i.os_tick_init)
    os_tick_irqack                           0x08001da9   Thumb Code     2  rt_system.o(i.os_tick_irqack)
    os_tick_ovf                              0x08001dad   Thumb Code    10  rt_system.o(i.os_tick_ovf)
    os_tick_val                              0x08001dbd   Thumb Code    14  rt_system.o(i.os_tick_val)
    rcu_clock_freq_get                       0x08001e3d   Thumb Code   310  gd32f30x_rcu.o(i.rcu_clock_freq_get)
    rcu_flag_get                             0x08001f95   Thumb Code    30  gd32f30x_rcu.o(i.rcu_flag_get)
    rcu_osci_on                              0x08001fb9   Thumb Code    28  gd32f30x_rcu.o(i.rcu_osci_on)
    rcu_osci_stab_wait                       0x08001fd9   Thumb Code   266  gd32f30x_rcu.o(i.rcu_osci_stab_wait)
    rcu_periph_clock_enable                  0x080020e9   Thumb Code    28  gd32f30x_rcu.o(i.rcu_periph_clock_enable)
    rcu_periph_reset_disable                 0x08002109   Thumb Code    28  gd32f30x_rcu.o(i.rcu_periph_reset_disable)
    rcu_periph_reset_enable                  0x08002129   Thumb Code    28  gd32f30x_rcu.o(i.rcu_periph_reset_enable)
    rt_alloc_box                             0x08002149   Thumb Code    26  rt_membox.o(i.rt_alloc_box)
    rt_alloc_mem                             0x08002163   Thumb Code    62  rt_memory.o(i.rt_alloc_mem)
    rt_block                                 0x080021a1   Thumb Code    48  rt_task.o(i.rt_block)
    rt_chk_robin                             0x080021d9   Thumb Code    60  rt_robin.o(i.rt_chk_robin)
    rt_dec_dly                               0x08002221   Thumb Code   102  rt_list.o(i.rt_dec_dly)
    rt_dispatch                              0x08002291   Thumb Code    60  rt_task.o(i.rt_dispatch)
    rt_dly_wait                              0x080022d5   Thumb Code     6  rt_time.o(i.rt_dly_wait)
    rt_evt_psh                               0x080022dd   Thumb Code    76  rt_event.o(i.rt_evt_psh)
    rt_free_box                              0x0800232d   Thumb Code    44  rt_membox.o(i.rt_free_box)
    rt_free_mem                              0x08002359   Thumb Code    40  rt_memory.o(i.rt_free_mem)
    rt_get_first                             0x08002381   Thumb Code    40  rt_list.o(i.rt_get_first)
    rt_get_same_rdy_prio                     0x080023a9   Thumb Code    26  rt_list.o(i.rt_get_same_rdy_prio)
    rt_init_mem                              0x0800241d   Thumb Code    26  rt_memory.o(i.rt_init_mem)
    rt_init_robin                            0x08002439   Thumb Code    14  rt_robin.o(i.rt_init_robin)
    rt_init_stack                            0x08002451   Thumb Code   118  hal_cm.o(i.rt_init_stack)
    rt_mbx_check                             0x080024d1   Thumb Code     8  rt_mailbox.o(i.rt_mbx_check)
    rt_mbx_init                              0x080024d9   Thumb Code    26  rt_mailbox.o(i.rt_mbx_init)
    rt_mbx_psh                               0x080024f5   Thumb Code   236  rt_mailbox.o(i.rt_mbx_psh)
    rt_mbx_send                              0x080025e5   Thumb Code   148  rt_mailbox.o(i.rt_mbx_send)
    rt_mbx_wait                              0x0800267d   Thumb Code   174  rt_mailbox.o(i.rt_mbx_wait)
    rt_mut_release                           0x08002775   Thumb Code   208  rt_mutex.o(i.rt_mut_release)
    rt_mut_wait                              0x0800284d   Thumb Code   114  rt_mutex.o(i.rt_mut_wait)
    rt_pop_req                               0x080028c5   Thumb Code   112  rt_system.o(i.rt_pop_req)
    rt_psh_req                               0x08002941   Thumb Code    22  rt_system.o(i.rt_psh_req)
    rt_psq_enq                               0x08002961   Thumb Code    88  rt_list.o(i.rt_psq_enq)
    rt_put_dly                               0x080029bd   Thumb Code    68  rt_list.o(i.rt_put_dly)
    rt_put_prio                              0x08002a05   Thumb Code    54  rt_list.o(i.rt_put_prio)
    rt_put_rdy_first                         0x08002a3d   Thumb Code    14  rt_list.o(i.rt_put_rdy_first)
    rt_resort_prio                           0x08002a51   Thumb Code    46  rt_list.o(i.rt_resort_prio)
    rt_ret_val                               0x08002a95   Thumb Code    12  hal_cm.o(i.rt_ret_val)
    rt_ret_val2                              0x08002aa1   Thumb Code    16  hal_cm.o(i.rt_ret_val2)
    rt_rmv_dly                               0x08002ab1   Thumb Code    40  rt_list.o(i.rt_rmv_dly)
    rt_rmv_list                              0x08002ad9   Thumb Code    44  rt_list.o(i.rt_rmv_list)
    rt_sem_init                              0x08002b09   Thumb Code    12  rt_semaphore.o(i.rt_sem_init)
    rt_sem_psh                               0x08002b15   Thumb Code    48  rt_semaphore.o(i.rt_sem_psh)
    rt_sem_send                              0x08002b49   Thumb Code    42  rt_semaphore.o(i.rt_sem_send)
    rt_sem_wait                              0x08002b75   Thumb Code    58  rt_semaphore.o(i.rt_sem_wait)
    rt_stk_check                             0x08002bb5   Thumb Code    28  rt_system.o(i.rt_stk_check)
    rt_switch_req                            0x08002bd9   Thumb Code    30  rt_task.o(i.rt_switch_req)
    rt_sys_init                              0x08002c01   Thumb Code   138  rt_task.o(i.rt_sys_init)
    rt_sys_start                             0x08002ccd   Thumb Code   110  rt_task.o(i.rt_sys_start)
    rt_systick                               0x08002d45   Thumb Code    50  rt_system.o(i.rt_systick)
    rt_tsk_create                            0x08002dcd   Thumb Code   118  rt_task.o(i.rt_tsk_create)
    rt_tsk_delete                            0x08002e55   Thumb Code   352  rt_task.o(i.rt_tsk_delete)
    rt_tsk_pass                              0x08002fd1   Thumb Code    38  rt_task.o(i.rt_tsk_pass)
    rt_tsk_prio                              0x08003001   Thumb Code   108  rt_task.o(i.rt_tsk_prio)
    rt_tsk_self                              0x0800307d   Thumb Code    12  rt_task.o(i.rt_tsk_self)
    svcDelay                                 0x0800308d   Thumb Code    18  rt_cmsis.o(i.svcDelay)
    svcKernelInitialize                      0x080030a1   Thumb Code    80  rt_cmsis.o(i.svcKernelInitialize)
    svcKernelStart                           0x08003111   Thumb Code    62  rt_cmsis.o(i.svcKernelStart)
    svcKernelSysTick                         0x08003159   Thumb Code    46  rt_cmsis.o(i.svcKernelSysTick)
    svcMailCreate                            0x08003191   Thumb Code    66  rt_cmsis.o(i.svcMailCreate)
    svcMessageCreate                         0x080031d3   Thumb Code    36  rt_cmsis.o(i.svcMessageCreate)
    svcMessageGet                            0x080031f7   Thumb Code    58  rt_cmsis.o(i.svcMessageGet)
    svcMessagePut                            0x08003231   Thumb Code    54  rt_cmsis.o(i.svcMessagePut)
    svcSemaphoreCreate                       0x08003267   Thumb Code    36  rt_cmsis.o(i.svcSemaphoreCreate)
    svcSemaphoreRelease                      0x0800328b   Thumb Code    40  rt_cmsis.o(i.svcSemaphoreRelease)
    svcSemaphoreWait                         0x080032b3   Thumb Code    50  rt_cmsis.o(i.svcSemaphoreWait)
    svcThreadCreate                          0x080032e5   Thumb Code    96  rt_cmsis.o(i.svcThreadCreate)
    svcThreadGetId                           0x08003351   Thumb Code    22  rt_cmsis.o(i.svcThreadGetId)
    svcThreadTerminate                       0x0800336d   Thumb Code    50  rt_cmsis.o(i.svcThreadTerminate)
    svcThreadYield                           0x080033a5   Thumb Code    10  rt_cmsis.o(i.svcThreadYield)
    svcTimerCall                             0x080033af   Thumb Code    24  rt_cmsis.o(i.svcTimerCall)
    sysMailAlloc                             0x080033c9   Thumb Code    84  rt_cmsis.o(i.sysMailAlloc)
    sysMailFree                              0x08003421   Thumb Code    96  rt_cmsis.o(i.sysMailFree)
    sysTimerTick                             0x08003481   Thumb Code    84  rt_cmsis.o(i.sysTimerTick)
    usart_baudrate_set                       0x080035f5   Thumb Code   136  gd32f30x_usart.o(i.usart_baudrate_set)
    usart_data_receive                       0x08003685   Thumb Code    10  gd32f30x_usart.o(i.usart_data_receive)
    usart_data_transmit                      0x0800368f   Thumb Code     8  gd32f30x_usart.o(i.usart_data_transmit)
    usart_deinit                             0x08003699   Thumb Code   136  gd32f30x_usart.o(i.usart_deinit)
    usart_enable                             0x08003729   Thumb Code    10  gd32f30x_usart.o(i.usart_enable)
    usart_flag_get                           0x08003733   Thumb Code    30  gd32f30x_usart.o(i.usart_flag_get)
    usart_interrupt_enable                   0x08003751   Thumb Code    26  gd32f30x_usart.o(i.usart_interrupt_enable)
    usart_interrupt_flag_get                 0x0800376b   Thumb Code    56  gd32f30x_usart.o(i.usart_interrupt_flag_get)
    usart_parity_config                      0x080037a3   Thumb Code    16  gd32f30x_usart.o(i.usart_parity_config)
    usart_receive_config                     0x080037b3   Thumb Code    16  gd32f30x_usart.o(i.usart_receive_config)
    usart_stop_bit_set                       0x080037c3   Thumb Code    16  gd32f30x_usart.o(i.usart_stop_bit_set)
    usart_transmit_config                    0x080037d3   Thumb Code    16  gd32f30x_usart.o(i.usart_transmit_config)
    usart_word_length_set                    0x080037e3   Thumb Code    16  gd32f30x_usart.o(i.usart_word_length_set)
    vFirmwareUpdateHandler                   0x080037f5   Thumb Code   108  fw.o(i.vFirmwareUpdateHandler)
    vSerialReceiver                          0x08003879   Thumb Code   136  serial.o(i.vSerialReceiver)
    vSerialTask                              0x08003915   Thumb Code   100  serial.o(i.vSerialTask)
    _fp_init                                 0x08003991   Thumb Code    10  fpinit.o(x$fpl$fpinit)
    __fplib_config_fpu_vfp                   0x08003999   Thumb Code     0  fpinit.o(x$fpl$fpinit)
    __fplib_config_pureend_doubles           0x08003999   Thumb Code     0  fpinit.o(x$fpl$fpinit)
    os_thread_def_vFirmwareUpdateHandler     0x0800399c   Data          16  fw.o(.constdata)
    os_messageQ_def_SerialRxMsgBox           0x080039ac   Data           8  serial.o(.constdata)
    os_mailQ_def_SerialPkgMailBox            0x080039b4   Data          12  serial.o(.constdata)
    os_thread_def_vSerialReceiver            0x080039c0   Data          16  serial.o(.constdata)
    os_thread_def_vSerialTask                0x080039d0   Data          16  serial.o(.constdata)
    os_semaphore_def_sSerialFree             0x080039e0   Data           4  serial.o(.constdata)
    CRC_Table                                0x080039e4   Data         256  utils.o(.constdata)
    Crc32Table                               0x08003ae4   Data        1024  utils.o(.constdata)
    os_maxtaskrun                            0x08003ee4   Data           2  rtx_conf_cm.o(.constdata)
    os_stackinfo                             0x08003ee8   Data           4  rtx_conf_cm.o(.constdata)
    os_rrobin                                0x08003eec   Data           4  rtx_conf_cm.o(.constdata)
    os_tickfreq                              0x08003ef0   Data           4  rtx_conf_cm.o(.constdata)
    os_tickus_i                              0x08003ef4   Data           2  rtx_conf_cm.o(.constdata)
    os_tickus_f                              0x08003ef6   Data           2  rtx_conf_cm.o(.constdata)
    os_trv                                   0x08003ef8   Data           4  rtx_conf_cm.o(.constdata)
    os_flags                                 0x08003efc   Data           1  rtx_conf_cm.o(.constdata)
    CMSIS_RTOS_API_Version                   0x08003f00   Data           4  rtx_conf_cm.o(.constdata)
    CMSIS_RTOS_RTX_Version                   0x08003f04   Data           4  rtx_conf_cm.o(.constdata)
    os_clockrate                             0x08003f08   Data           4  rtx_conf_cm.o(.constdata)
    os_timernum                              0x08003f0c   Data           4  rtx_conf_cm.o(.constdata)
    mp_tcb_size                              0x08003f10   Data           2  rtx_conf_cm.o(.constdata)
    mp_stk_size                              0x08003f14   Data           4  rtx_conf_cm.o(.constdata)
    os_stack_sz                              0x08003f18   Data           4  rtx_conf_cm.o(.constdata)
    os_fifo_size                             0x08003f1c   Data           1  rtx_conf_cm.o(.constdata)
    os_thread_def_osTimerThread              0x08003f20   Data          16  rtx_conf_cm.o(.constdata)
    os_messageQ_def_osTimerMessageQ          0x08003f30   Data           8  rtx_conf_cm.o(.constdata)
    mp_tmr_size                              0x08003f38   Data           2  rtx_conf_cm.o(.constdata)
    os_thread_def_main                       0x08003f3c   Data          16  rtx_conf_cm.o(.constdata)
    Region$$Table$$Base                      0x08003f74   Number         0  anon$$obj.o(Region$$Table)
    Region$$Table$$Limit                     0x08003f94   Number         0  anon$$obj.o(Region$$Table)
    fwupdate_thread                          0x20000018   Data           4  fw.o(.data)
    num_1                                    0x2000001c   Data           4  fw.o(.data)
    num_0                                    0x20000020   Data           4  fw.o(.data)
    SerialRxMsgBox                           0x20000024   Data           4  serial.o(.data)
    os_mailQ_p_SerialPkgMailBox              0x20000028   Data           8  serial.o(.data)
    SerialPkgMailBox                         0x20000030   Data           4  serial.o(.data)
    SerialRxBufferIdx                        0x20000034   Data           2  serial.o(.data)
    server_SOS_Status                        0x20000038   Data           4  serial.o(.data)
    serial_receiver_thread                   0x2000003c   Data           4  serial.o(.data)
    serial_thread                            0x20000040   Data           4  serial.o(.data)
    sSerialFree                              0x20000044   Data           4  serial.o(.data)
    os_semaphore_cb_sSerialFree              0x20000048   Data           8  serial.o(.data)
    osThreadId_osTimerThread                 0x20000054   Data           4  rtx_conf_cm.o(.data)
    osMessageQId_osTimerMessageQ             0x20000058   Data           4  rtx_conf_cm.o(.data)
    os_tmr                                   0x2000005c   Data           4  rtx_conf_cm.o(.data)
    m_tmr                                    0x20000060   Data           4  rtx_conf_cm.o(.data)
    SystemCoreClock                          0x20000068   Data           4  system_gd32f30x.o(.data)
    FLG_update_done                          0x2000006c   Data           4  system_gd32f30x.o(.data)
    JMP_count                                0x20000070   Data           4  system_gd32f30x.o(.data)
    os_initialized                           0x20000074   Data           1  rt_cmsis.o(.data)
    os_running                               0x20000075   Data           1  rt_cmsis.o(.data)
    os_timer_head                            0x20000078   Data           4  rt_cmsis.o(.data)
    os_tsk                                   0x2000007c   Data           8  rt_task.o(.data)
    os_tick_irqn                             0x20000088   Data           4  rt_system.o(.data)
    os_time                                  0x2000008c   Data           4  rt_time.o(.data)
    os_robin                                 0x20000090   Data           8  rt_robin.o(.data)
    dbg_msg                                  0x20000098   Data           1  hal_cm.o(.data)
    text                                     0x2000009c   Data         256  fw.o(.bss)
    TEST_                                    0x2000019c   Data         128  fw.o(.bss)
    tmp_msg                                  0x2000021c   Data         120  fw.o(.bss)
    os_messageQ_q_SerialRxMsgBox             0x20000294   Data       12816  serial.o(.bss)
    os_mailQ_q_SerialPkgMailBox              0x200034a4   Data          28  serial.o(.bss)
    os_mailQ_m_SerialPkgMailBox              0x200034c0   Data        9624  serial.o(.bss)
    SerialRxBuffer                           0x20005a58   Data        3200  serial.o(.bss)
    res_msg                                  0x200066d8   Data         160  serial.o(.bss)
    mp_tcb                                   0x20006798   Data         688  rtx_conf_cm.o(.bss)
    mp_stk                                   0x20006a48   Data        2064  rtx_conf_cm.o(.bss)
    os_stack_mem                             0x20007258   Data        6952  rtx_conf_cm.o(.bss)
    os_fifo                                  0x20008d80   Data         388  rtx_conf_cm.o(.bss)
    os_active_TCB                            0x20008f04   Data          52  rtx_conf_cm.o(.bss)
    os_messageQ_q_osTimerMessageQ            0x20008f38   Data          32  rtx_conf_cm.o(.bss)
    os_idle_TCB                              0x200094b8   Data          52  rt_task.o(.bss)
    os_rdy                                   0x200094ec   Data          24  rt_list.o(.bss)
    os_dly                                   0x20009504   Data          24  rt_list.o(.bss)
    __libspace_start                         0x2000951c   Data          96  libspace.o(.bss)
    __temporary_stack_top$libspace           0x2000957c   Data           0  libspace.o(.bss)



==============================================================================

Memory Map of the image

  Image Entry point : 0x08000131

  Load Region LR_IROM1 (Base: 0x08000000, Size: 0x00004030, Max: 0x00040000, ABSOLUTE)

    Execution Region ER_IROM1 (Exec base: 0x08000000, Load base: 0x08000000, Size: 0x00003f94, Max: 0x00040000, ABSOLUTE)

    Exec Addr    Load Addr    Size         Type   Attr      Idx    E Section Name        Object

    0x08000000   0x08000000   0x00000130   Data   RO         4552    RESET               startup_gd32f30x_hd.o
    0x08000130   0x08000130   0x00000008   Code   RO         5895  * !!!main             c_w.l(__main.o)
    0x08000138   0x08000138   0x00000034   Code   RO         6072    !!!scatter          c_w.l(__scatter.o)
    0x0800016c   0x0800016c   0x0000001a   Code   RO         6074    !!handler_copy      c_w.l(__scatter_copy.o)
    0x08000186   0x08000186   0x00000002   PAD
    0x08000188   0x08000188   0x0000001c   Code   RO         6076    !!handler_zi        c_w.l(__scatter_zi.o)
    0x080001a4   0x080001a4   0x00000000   Code   RO         5883    .ARM.Collect$$_printf_percent$$00000000  c_w.l(_printf_percent.o)
    0x080001a4   0x080001a4   0x00000006   Code   RO         5882    .ARM.Collect$$_printf_percent$$00000009  c_w.l(_printf_d.o)
    0x080001aa   0x080001aa   0x00000006   Code   RO         5881    .ARM.Collect$$_printf_percent$$0000000C  c_w.l(_printf_x.o)
    0x080001b0   0x080001b0   0x00000004   Code   RO         5912    .ARM.Collect$$_printf_percent$$00000017  c_w.l(_printf_percent_end.o)
    0x080001b4   0x080001b4   0x00000002   Code   RO         5956    .ARM.Collect$$libinit$$00000000  c_w.l(libinit.o)
    0x080001b6   0x080001b6   0x00000004   Code   RO         5967    .ARM.Collect$$libinit$$00000001  c_w.l(libinit2.o)
    0x080001ba   0x080001ba   0x00000000   Code   RO         5970    .ARM.Collect$$libinit$$00000004  c_w.l(libinit2.o)
    0x080001ba   0x080001ba   0x00000000   Code   RO         5973    .ARM.Collect$$libinit$$0000000A  c_w.l(libinit2.o)
    0x080001ba   0x080001ba   0x00000000   Code   RO         5975    .ARM.Collect$$libinit$$0000000C  c_w.l(libinit2.o)
    0x080001ba   0x080001ba   0x00000000   Code   RO         5977    .ARM.Collect$$libinit$$0000000E  c_w.l(libinit2.o)
    0x080001ba   0x080001ba   0x00000000   Code   RO         5980    .ARM.Collect$$libinit$$00000011  c_w.l(libinit2.o)
    0x080001ba   0x080001ba   0x00000000   Code   RO         5982    .ARM.Collect$$libinit$$00000013  c_w.l(libinit2.o)
    0x080001ba   0x080001ba   0x00000000   Code   RO         5984    .ARM.Collect$$libinit$$00000015  c_w.l(libinit2.o)
    0x080001ba   0x080001ba   0x00000000   Code   RO         5986    .ARM.Collect$$libinit$$00000017  c_w.l(libinit2.o)
    0x080001ba   0x080001ba   0x00000000   Code   RO         5988    .ARM.Collect$$libinit$$00000019  c_w.l(libinit2.o)
    0x080001ba   0x080001ba   0x00000000   Code   RO         5990    .ARM.Collect$$libinit$$0000001B  c_w.l(libinit2.o)
    0x080001ba   0x080001ba   0x00000000   Code   RO         5992    .ARM.Collect$$libinit$$0000001D  c_w.l(libinit2.o)
    0x080001ba   0x080001ba   0x00000000   Code   RO         5994    .ARM.Collect$$libinit$$0000001F  c_w.l(libinit2.o)
    0x080001ba   0x080001ba   0x00000000   Code   RO         5996    .ARM.Collect$$libinit$$00000021  c_w.l(libinit2.o)
    0x080001ba   0x080001ba   0x00000000   Code   RO         5998    .ARM.Collect$$libinit$$00000023  c_w.l(libinit2.o)
    0x080001ba   0x080001ba   0x00000000   Code   RO         6000    .ARM.Collect$$libinit$$00000025  c_w.l(libinit2.o)
    0x080001ba   0x080001ba   0x00000000   Code   RO         6004    .ARM.Collect$$libinit$$0000002C  c_w.l(libinit2.o)
    0x080001ba   0x080001ba   0x00000000   Code   RO         6006    .ARM.Collect$$libinit$$0000002E  c_w.l(libinit2.o)
    0x080001ba   0x080001ba   0x00000000   Code   RO         6008    .ARM.Collect$$libinit$$00000030  c_w.l(libinit2.o)
    0x080001ba   0x080001ba   0x00000000   Code   RO         6010    .ARM.Collect$$libinit$$00000032  c_w.l(libinit2.o)
    0x080001ba   0x080001ba   0x00000002   Code   RO         6011    .ARM.Collect$$libinit$$00000033  c_w.l(libinit2.o)
    0x080001bc   0x080001bc   0x00000002   Code   RO         5957    .ARM.Collect$$libshutdown$$00000000  c_w.l(libshutdown.o)
    0x080001be   0x080001be   0x00000000   Code   RO         6013    .ARM.Collect$$libshutdown$$00000002  c_w.l(libshutdown2.o)
    0x080001be   0x080001be   0x00000000   Code   RO         6015    .ARM.Collect$$libshutdown$$00000004  c_w.l(libshutdown2.o)
    0x080001be   0x080001be   0x00000000   Code   RO         6017    .ARM.Collect$$libshutdown$$00000006  c_w.l(libshutdown2.o)
    0x080001be   0x080001be   0x00000000   Code   RO         6020    .ARM.Collect$$libshutdown$$00000009  c_w.l(libshutdown2.o)
    0x080001be   0x080001be   0x00000000   Code   RO         6023    .ARM.Collect$$libshutdown$$0000000C  c_w.l(libshutdown2.o)
    0x080001be   0x080001be   0x00000000   Code   RO         6025    .ARM.Collect$$libshutdown$$0000000E  c_w.l(libshutdown2.o)
    0x080001be   0x080001be   0x00000000   Code   RO         6028    .ARM.Collect$$libshutdown$$00000011  c_w.l(libshutdown2.o)
    0x080001be   0x080001be   0x00000002   Code   RO         6029    .ARM.Collect$$libshutdown$$00000012  c_w.l(libshutdown2.o)
    0x080001c0   0x080001c0   0x00000000   Code   RO         5897    .ARM.Collect$$rtentry$$00000000  c_w.l(__rtentry.o)
    0x080001c0   0x080001c0   0x00000000   Code   RO         5917    .ARM.Collect$$rtentry$$00000002  c_w.l(__rtentry2.o)
    0x080001c0   0x080001c0   0x00000006   Code   RO         5929    .ARM.Collect$$rtentry$$00000004  c_w.l(__rtentry4.o)
    0x080001c6   0x080001c6   0x00000000   Code   RO         5919    .ARM.Collect$$rtentry$$00000009  c_w.l(__rtentry2.o)
    0x080001c6   0x080001c6   0x00000004   Code   RO         5920    .ARM.Collect$$rtentry$$0000000A  c_w.l(__rtentry2.o)
    0x080001ca   0x080001ca   0x00000008   Code   RO         5921    .ARM.Collect$$rtentry$$0000000B  c_w.l(__rtentry2.o)
    0x080001d2   0x080001d2   0x00000008   Code   RO         5923    .ARM.Collect$$rtentry$$0000000D  c_w.l(__rtentry2.o)
    0x080001da   0x080001da   0x00000002   Code   RO         5898    .ARM.Collect$$rtexit$$00000000  c_w.l(rtexit.o)
    0x080001dc   0x080001dc   0x00000000   Code   RO         5932    .ARM.Collect$$rtexit$$00000002  c_w.l(rtexit2.o)
    0x080001dc   0x080001dc   0x00000004   Code   RO         5933    .ARM.Collect$$rtexit$$00000003  c_w.l(rtexit2.o)
    0x080001e0   0x080001e0   0x00000006   Code   RO         5934    .ARM.Collect$$rtexit$$00000004  c_w.l(rtexit2.o)
    0x080001e6   0x080001e6   0x00000002   PAD
    0x080001e8   0x080001e8   0x0000001c   Code   RO          492    .emb_text           rtx_conf_cm.o
    0x08000204   0x08000204   0x00000198   Code   RO         5810    .emb_text           RTX_CM4.lib(hal_cm4.o)
    0x0800039c   0x0800039c   0x00000040   Code   RO         4553    .text               startup_gd32f30x_hd.o
    0x080003dc   0x080003dc   0x00000008   Code   RO         5825    .text               c_w.l(libspace.o)
    0x080003e4   0x080003e4   0x00000028   Code   RO         5832    .text               c_w.l(noretval__2sprintf.o)
    0x0800040c   0x0800040c   0x00000078   Code   RO         5836    .text               c_w.l(_printf_dec.o)
    0x08000484   0x08000484   0x00000058   Code   RO         5843    .text               c_w.l(_printf_hex_int.o)
    0x080004dc   0x080004dc   0x000000b8   Code   RO         5864    .text               c_w.l(__printf_ss.o)
    0x08000594   0x08000594   0x00000012   Code   RO         5885    .text               c_w.l(exit.o)
    0x080005a6   0x080005a6   0x0000003e   Code   RO         5887    .text               c_w.l(strlen.o)
    0x080005e4   0x080005e4   0x00000096   Code   RO         5889    .text               c_w.l(strncmp.o)
    0x0800067a   0x0800067a   0x0000008a   Code   RO         5891    .text               c_w.l(rt_memcpy_v6.o)
    0x08000704   0x08000704   0x00000006   Code   RO         5893    .text               c_w.l(heapauxi.o)
    0x0800070a   0x0800070a   0x000000b2   Code   RO         5906    .text               c_w.l(_printf_intcommon.o)
    0x080007bc   0x080007bc   0x00000030   Code   RO         5908    .text               c_w.l(_printf_char_common.o)
    0x080007ec   0x080007ec   0x0000000a   Code   RO         5910    .text               c_w.l(_sputc.o)
    0x080007f6   0x080007f6   0x00000064   Code   RO         5914    .text               c_w.l(rt_memcpy_w.o)
    0x0800085a   0x0800085a   0x00000002   PAD
    0x0800085c   0x0800085c   0x0000000c   Code   RO         5942    .text               c_w.l(sys_exit.o)
    0x08000868   0x08000868   0x0000004a   Code   RO         5944    .text               c_w.l(sys_stackheap_outer.o)
    0x080008b2   0x080008b2   0x00000002   Code   RO         5958    .text               c_w.l(use_no_semi.o)
    0x080008b4   0x080008b4   0x00000000   Code   RO         5960    .text               c_w.l(indicate_semi.o)
    0x080008b4   0x080008b4   0x00000004   Code   RO         5820    SVC_TABLE           RTX_CM4.lib(svc_table.o)
    0x080008b8   0x080008b8   0x00000034   Code   RO          452    i.CRC32Software     utils.o
    0x080008ec   0x080008ec   0x00000020   Code   RO          453    i.CRC_8BitsCompute  utils.o
    0x0800090c   0x0800090c   0x00000016   Code   RO          181    i.FLASH_GetFLG      fw.o
    0x08000922   0x08000922   0x00000002   PAD
    0x08000924   0x08000924   0x00000070   Code   RO          182    i.FLASH_SetFLG      fw.o
    0x08000994   0x08000994   0x0000007c   Code   RO          183    i.FirmwareInfoParse  fw.o
    0x08000a10   0x08000a10   0x00000324   Code   RO          184    i.FirmwarePackageParse  fw.o
    0x08000d34   0x08000d34   0x0000002a   Code   RO            4    i.IWDG_Start        main.o
    0x08000d5e   0x08000d5e   0x0000000c   Code   RO          428    i.Init_Thread       thread.o
    0x08000d6a   0x08000d6a   0x00000002   PAD
    0x08000d6c   0x08000d6c   0x00000028   Code   RO          185    i.PushRequestFirmware  fw.o
    0x08000d94   0x08000d94   0x00000038   Code   RO          186    i.PushRequestPackage  fw.o
    0x08000dcc   0x08000dcc   0x00000068   Code   RO          316    i.SerialPkgBufferPush  serial.o
    0x08000e34   0x08000e34   0x00000034   Code   RO          317    i.SerialPushBuffer  serial.o
    0x08000e68   0x08000e68   0x00000022   Code   RO          318    i.SerialPushBufferWithCS  serial.o
    0x08000e8a   0x08000e8a   0x00000002   PAD
    0x08000e8c   0x08000e8c   0x00000014   Code   RO          319    i.SerialPushByte    serial.o
    0x08000ea0   0x08000ea0   0x00000074   Code   RO          321    i.SerialPushStr     serial.o
    0x08000f14   0x08000f14   0x00000094   Code   RO          322    i.SerialUARTInit    serial.o
    0x08000fa8   0x08000fa8   0x000000ac   Code   RO          323    i.Serial_Init       serial.o
    0x08001054   0x08001054   0x000000a8   Code   RO          324    i.Serial_Parse      serial.o
    0x080010fc   0x080010fc   0x0000002c   Code   RO          325    i.SerialrxBufferPush  serial.o
    0x08001128   0x08001128   0x000000dc   Code   RO         4561    i.SystemInit        system_gd32f30x.o
    0x08001204   0x08001204   0x00000050   Code   RO          326    i.UART_SendByte     serial.o
    0x08001254   0x08001254   0x0000003c   Code   RO          327    i.USART0_IRQHandler  serial.o
    0x08001290   0x08001290   0x00000088   Code   RO          187    i.WriteFwPackage    fw.o
    0x08001318   0x08001318   0x00000028   Code   RO          188    i.__NVIC_SystemReset  fw.o
    0x08001340   0x08001340   0x00000046   Code   RO         5704    i._init_box         RTX_CM4.lib(rt_membox.o)
    0x08001386   0x08001386   0x00000002   PAD
    0x08001388   0x08001388   0x00000020   Code   RO          494    i._mutex_acquire    rtx_conf_cm.o
    0x080013a8   0x080013a8   0x0000001c   Code   RO          496    i._mutex_release    rtx_conf_cm.o
    0x080013c4   0x080013c4   0x00000030   Code   RO         5757    i.dbg_init          RTX_CM4.lib(hal_cm.o)
    0x080013f4   0x080013f4   0x00000020   Code   RO         5758    i.dbg_task_notify   RTX_CM4.lib(hal_cm.o)
    0x08001414   0x08001414   0x00000010   Code   RO         5759    i.dbg_task_switch   RTX_CM4.lib(hal_cm.o)
    0x08001424   0x08001424   0x00000028   Code   RO          189    i.disable_irqn      fw.o
    0x0800144c   0x0800144c   0x00000026   Code   RO          190    i.enable_irqn       fw.o
    0x08001472   0x08001472   0x00000002   PAD
    0x08001474   0x08001474   0x00000024   Code   RO          191    i.firmware_thrd_init  fw.o
    0x08001498   0x08001498   0x00000006   Code   RO          192    i.flash_read_uint32_t  fw.o
    0x0800149e   0x0800149e   0x00000022   Code   RO         2053    i.fmc_bank0_ready_wait  gd32f30x_fmc.o
    0x080014c0   0x080014c0   0x00000030   Code   RO         2054    i.fmc_bank0_state_get  gd32f30x_fmc.o
    0x080014f0   0x080014f0   0x00000022   Code   RO         2058    i.fmc_bank1_ready_wait  gd32f30x_fmc.o
    0x08001512   0x08001512   0x00000002   PAD
    0x08001514   0x08001514   0x00000030   Code   RO         2059    i.fmc_bank1_state_get  gd32f30x_fmc.o
    0x08001544   0x08001544   0x00000020   Code   RO         2061    i.fmc_flag_clear    gd32f30x_fmc.o
    0x08001564   0x08001564   0x0000002c   Code   RO         2068    i.fmc_lock          gd32f30x_fmc.o
    0x08001590   0x08001590   0x000000ec   Code   RO         2070    i.fmc_page_erase    gd32f30x_fmc.o
    0x0800167c   0x0800167c   0x00000044   Code   RO         2071    i.fmc_unlock        gd32f30x_fmc.o
    0x080016c0   0x080016c0   0x000000c0   Code   RO         2072    i.fmc_word_program  gd32f30x_fmc.o
    0x08001780   0x08001780   0x00000068   Code   RO         2279    i.fwdgt_config      gd32f30x_fwdgt.o
    0x080017e8   0x080017e8   0x00000010   Code   RO         2280    i.fwdgt_counter_reload  gd32f30x_fwdgt.o
    0x080017f8   0x080017f8   0x00000010   Code   RO         2281    i.fwdgt_enable      gd32f30x_fwdgt.o
    0x08001808   0x08001808   0x00000014   Code   RO            5    i.goto_application  main.o
    0x0800181c   0x0800181c   0x00000004   Code   RO         2334    i.gpio_bit_reset    gd32f30x_gpio.o
    0x08001820   0x08001820   0x00000004   Code   RO         2335    i.gpio_bit_set      gd32f30x_gpio.o
    0x08001824   0x08001824   0x000000a4   Code   RO         2344    i.gpio_init         gd32f30x_gpio.o
    0x080018c8   0x080018c8   0x0000002a   Code   RO         4610    i.isrMessageGet     RTX_CM4.lib(rt_cmsis.o)
    0x080018f2   0x080018f2   0x0000002c   Code   RO         4611    i.isrMessagePut     RTX_CM4.lib(rt_cmsis.o)
    0x0800191e   0x0800191e   0x00000028   Code   RO         4612    i.isrSemaphoreRelease  RTX_CM4.lib(rt_cmsis.o)
    0x08001946   0x08001946   0x00000002   PAD
    0x08001948   0x08001948   0x00000056   Code   RO         5559    i.isr_mbx_receive   RTX_CM4.lib(rt_mailbox.o)
    0x0800199e   0x0800199e   0x0000000e   Code   RO         5560    i.isr_mbx_send      RTX_CM4.lib(rt_mailbox.o)
    0x080019ac   0x080019ac   0x00000010   Code   RO         5607    i.isr_sem_send      RTX_CM4.lib(rt_semaphore.o)
    0x080019bc   0x080019bc   0x00000028   Code   RO            6    i.main              main.o
    0x080019e4   0x080019e4   0x000000c4   Code   RO         2664    i.nvic_irq_enable   gd32f30x_misc.o
    0x08001aa8   0x08001aa8   0x00000014   Code   RO         2665    i.nvic_priority_group_set  gd32f30x_misc.o
    0x08001abc   0x08001abc   0x00000018   Code   RO         4614    i.osDelay           RTX_CM4.lib(rt_cmsis.o)
    0x08001ad4   0x08001ad4   0x00000024   Code   RO         4615    i.osKernelInitialize  RTX_CM4.lib(rt_cmsis.o)
    0x08001af8   0x08001af8   0x0000006c   Code   RO         4617    i.osKernelStart     RTX_CM4.lib(rt_cmsis.o)
    0x08001b64   0x08001b64   0x00000018   Code   RO         4618    i.osKernelSysTick   RTX_CM4.lib(rt_cmsis.o)
    0x08001b7c   0x08001b7c   0x0000001c   Code   RO         4619    i.osMailAlloc       RTX_CM4.lib(rt_cmsis.o)
    0x08001b98   0x08001b98   0x0000002c   Code   RO         4621    i.osMailCreate      RTX_CM4.lib(rt_cmsis.o)
    0x08001bc4   0x08001bc4   0x0000001c   Code   RO         4622    i.osMailFree        RTX_CM4.lib(rt_cmsis.o)
    0x08001be0   0x08001be0   0x00000016   Code   RO         4623    i.osMailGet         RTX_CM4.lib(rt_cmsis.o)
    0x08001bf6   0x08001bf6   0x00000014   Code   RO         4624    i.osMailPut         RTX_CM4.lib(rt_cmsis.o)
    0x08001c0a   0x08001c0a   0x00000002   PAD
    0x08001c0c   0x08001c0c   0x0000002c   Code   RO         4625    i.osMessageCreate   RTX_CM4.lib(rt_cmsis.o)
    0x08001c38   0x08001c38   0x00000018   Code   RO         4626    i.osMessageGet      RTX_CM4.lib(rt_cmsis.o)
    0x08001c50   0x08001c50   0x00000018   Code   RO         4627    i.osMessagePut      RTX_CM4.lib(rt_cmsis.o)
    0x08001c68   0x08001c68   0x0000002c   Code   RO         4636    i.osSemaphoreCreate  RTX_CM4.lib(rt_cmsis.o)
    0x08001c94   0x08001c94   0x00000018   Code   RO         4638    i.osSemaphoreRelease  RTX_CM4.lib(rt_cmsis.o)
    0x08001cac   0x08001cac   0x00000018   Code   RO         4639    i.osSemaphoreWait   RTX_CM4.lib(rt_cmsis.o)
    0x08001cc4   0x08001cc4   0x0000002c   Code   RO         4643    i.osThreadCreate    RTX_CM4.lib(rt_cmsis.o)
    0x08001cf0   0x08001cf0   0x00000018   Code   RO         4644    i.osThreadExit      RTX_CM4.lib(rt_cmsis.o)
    0x08001d08   0x08001d08   0x00000018   Code   RO         4649    i.osThreadYield     RTX_CM4.lib(rt_cmsis.o)
    0x08001d20   0x08001d20   0x0000000c   Code   RO         4650    i.osTimerCall       RTX_CM4.lib(rt_cmsis.o)
    0x08001d2c   0x08001d2c   0x0000002c   Code   RO         4655    i.osTimerThread     RTX_CM4.lib(rt_cmsis.o)
    0x08001d58   0x08001d58   0x00000022   Code   RO          497    i.os_error          rtx_conf_cm.o
    0x08001d7a   0x08001d7a   0x00000004   Code   RO          498    i.os_idle_demon     rtx_conf_cm.o
    0x08001d7e   0x08001d7e   0x00000002   PAD
    0x08001d80   0x08001d80   0x00000028   Code   RO         5351    i.os_tick_init      RTX_CM4.lib(rt_system.o)
    0x08001da8   0x08001da8   0x00000002   Code   RO         5352    i.os_tick_irqack    RTX_CM4.lib(rt_system.o)
    0x08001daa   0x08001daa   0x00000002   PAD
    0x08001dac   0x08001dac   0x00000010   Code   RO         5353    i.os_tick_ovf       RTX_CM4.lib(rt_system.o)
    0x08001dbc   0x08001dbc   0x00000014   Code   RO         5354    i.os_tick_val       RTX_CM4.lib(rt_system.o)
    0x08001dd0   0x08001dd0   0x0000006c   Code   RO            7    i.pw_init           main.o
    0x08001e3c   0x08001e3c   0x00000158   Code   RO         2870    i.rcu_clock_freq_get  gd32f30x_rcu.o
    0x08001f94   0x08001f94   0x00000024   Code   RO         2873    i.rcu_flag_get      gd32f30x_rcu.o
    0x08001fb8   0x08001fb8   0x00000020   Code   RO         2885    i.rcu_osci_on       gd32f30x_rcu.o
    0x08001fd8   0x08001fd8   0x00000110   Code   RO         2886    i.rcu_osci_stab_wait  gd32f30x_rcu.o
    0x080020e8   0x080020e8   0x00000020   Code   RO         2888    i.rcu_periph_clock_enable  gd32f30x_rcu.o
    0x08002108   0x08002108   0x00000020   Code   RO         2891    i.rcu_periph_reset_disable  gd32f30x_rcu.o
    0x08002128   0x08002128   0x00000020   Code   RO         2892    i.rcu_periph_reset_enable  gd32f30x_rcu.o
    0x08002148   0x08002148   0x0000001a   Code   RO         5705    i.rt_alloc_box      RTX_CM4.lib(rt_membox.o)
    0x08002162   0x08002162   0x0000003e   Code   RO         5733    i.rt_alloc_mem      RTX_CM4.lib(rt_memory.o)
    0x080021a0   0x080021a0   0x00000038   Code   RO         5232    i.rt_block          RTX_CM4.lib(rt_task.o)
    0x080021d8   0x080021d8   0x00000048   Code   RO         5682    i.rt_chk_robin      RTX_CM4.lib(rt_robin.o)
    0x08002220   0x08002220   0x00000070   Code   RO         5483    i.rt_dec_dly        RTX_CM4.lib(rt_list.o)
    0x08002290   0x08002290   0x00000044   Code   RO         5233    i.rt_dispatch       RTX_CM4.lib(rt_task.o)
    0x080022d4   0x080022d4   0x00000006   Code   RO         5649    i.rt_dly_wait       RTX_CM4.lib(rt_time.o)
    0x080022da   0x080022da   0x00000002   PAD
    0x080022dc   0x080022dc   0x00000050   Code   RO         5444    i.rt_evt_psh        RTX_CM4.lib(rt_event.o)
    0x0800232c   0x0800232c   0x0000002c   Code   RO         5706    i.rt_free_box       RTX_CM4.lib(rt_membox.o)
    0x08002358   0x08002358   0x00000028   Code   RO         5734    i.rt_free_mem       RTX_CM4.lib(rt_memory.o)
    0x08002380   0x08002380   0x00000028   Code   RO         5484    i.rt_get_first      RTX_CM4.lib(rt_list.o)
    0x080023a8   0x080023a8   0x00000024   Code   RO         5485    i.rt_get_same_rdy_prio  RTX_CM4.lib(rt_list.o)
    0x080023cc   0x080023cc   0x00000008   Code   RO         4660    i.rt_id2obj         RTX_CM4.lib(rt_cmsis.o)
    0x080023d4   0x080023d4   0x00000048   Code   RO         5234    i.rt_init_context   RTX_CM4.lib(rt_task.o)
    0x0800241c   0x0800241c   0x0000001a   Code   RO         5735    i.rt_init_mem       RTX_CM4.lib(rt_memory.o)
    0x08002436   0x08002436   0x00000002   PAD
    0x08002438   0x08002438   0x00000018   Code   RO         5683    i.rt_init_robin     RTX_CM4.lib(rt_robin.o)
    0x08002450   0x08002450   0x00000080   Code   RO         5760    i.rt_init_stack     RTX_CM4.lib(hal_cm.o)
    0x080024d0   0x080024d0   0x00000008   Code   RO         5561    i.rt_mbx_check      RTX_CM4.lib(rt_mailbox.o)
    0x080024d8   0x080024d8   0x0000001a   Code   RO         5562    i.rt_mbx_init       RTX_CM4.lib(rt_mailbox.o)
    0x080024f2   0x080024f2   0x00000002   PAD
    0x080024f4   0x080024f4   0x000000f0   Code   RO         5563    i.rt_mbx_psh        RTX_CM4.lib(rt_mailbox.o)
    0x080025e4   0x080025e4   0x00000098   Code   RO         5564    i.rt_mbx_send       RTX_CM4.lib(rt_mailbox.o)
    0x0800267c   0x0800267c   0x000000b4   Code   RO         5565    i.rt_mbx_wait       RTX_CM4.lib(rt_mailbox.o)
    0x08002730   0x08002730   0x00000044   Code   RO         4661    i.rt_ms2tick        RTX_CM4.lib(rt_cmsis.o)
    0x08002774   0x08002774   0x000000d8   Code   RO         5318    i.rt_mut_release    RTX_CM4.lib(rt_mutex.o)
    0x0800284c   0x0800284c   0x00000078   Code   RO         5319    i.rt_mut_wait       RTX_CM4.lib(rt_mutex.o)
    0x080028c4   0x080028c4   0x0000007c   Code   RO         5355    i.rt_pop_req        RTX_CM4.lib(rt_system.o)
    0x08002940   0x08002940   0x00000020   Code   RO         5356    i.rt_psh_req        RTX_CM4.lib(rt_system.o)
    0x08002960   0x08002960   0x0000005c   Code   RO         5486    i.rt_psq_enq        RTX_CM4.lib(rt_list.o)
    0x080029bc   0x080029bc   0x00000048   Code   RO         5487    i.rt_put_dly        RTX_CM4.lib(rt_list.o)
    0x08002a04   0x08002a04   0x00000036   Code   RO         5488    i.rt_put_prio       RTX_CM4.lib(rt_list.o)
    0x08002a3a   0x08002a3a   0x00000002   PAD
    0x08002a3c   0x08002a3c   0x00000014   Code   RO         5489    i.rt_put_rdy_first  RTX_CM4.lib(rt_list.o)
    0x08002a50   0x08002a50   0x00000034   Code   RO         5490    i.rt_resort_prio    RTX_CM4.lib(rt_list.o)
    0x08002a84   0x08002a84   0x00000010   Code   RO         5761    i.rt_ret_regs       RTX_CM4.lib(hal_cm.o)
    0x08002a94   0x08002a94   0x0000000c   Code   RO         5762    i.rt_ret_val        RTX_CM4.lib(hal_cm.o)
    0x08002aa0   0x08002aa0   0x00000010   Code   RO         5763    i.rt_ret_val2       RTX_CM4.lib(hal_cm.o)
    0x08002ab0   0x08002ab0   0x00000028   Code   RO         5491    i.rt_rmv_dly        RTX_CM4.lib(rt_list.o)
    0x08002ad8   0x08002ad8   0x00000030   Code   RO         5492    i.rt_rmv_list       RTX_CM4.lib(rt_list.o)
    0x08002b08   0x08002b08   0x0000000c   Code   RO         5609    i.rt_sem_init       RTX_CM4.lib(rt_semaphore.o)
    0x08002b14   0x08002b14   0x00000034   Code   RO         5610    i.rt_sem_psh        RTX_CM4.lib(rt_semaphore.o)
    0x08002b48   0x08002b48   0x0000002a   Code   RO         5611    i.rt_sem_send       RTX_CM4.lib(rt_semaphore.o)
    0x08002b72   0x08002b72   0x00000002   PAD
    0x08002b74   0x08002b74   0x00000040   Code   RO         5612    i.rt_sem_wait       RTX_CM4.lib(rt_semaphore.o)
    0x08002bb4   0x08002bb4   0x00000024   Code   RO         5358    i.rt_stk_check      RTX_CM4.lib(rt_system.o)
    0x08002bd8   0x08002bd8   0x00000028   Code   RO         5235    i.rt_switch_req     RTX_CM4.lib(rt_task.o)
    0x08002c00   0x08002c00   0x000000cc   Code   RO         5236    i.rt_sys_init       RTX_CM4.lib(rt_task.o)
    0x08002ccc   0x08002ccc   0x00000078   Code   RO         5237    i.rt_sys_start      RTX_CM4.lib(rt_task.o)
    0x08002d44   0x08002d44   0x00000040   Code   RO         5360    i.rt_systick        RTX_CM4.lib(rt_system.o)
    0x08002d84   0x08002d84   0x00000012   Code   RO         4662    i.rt_tid2ptcb       RTX_CM4.lib(rt_cmsis.o)
    0x08002d96   0x08002d96   0x00000002   PAD
    0x08002d98   0x08002d98   0x00000034   Code   RO         4663    i.rt_timer_insert   RTX_CM4.lib(rt_cmsis.o)
    0x08002dcc   0x08002dcc   0x00000088   Code   RO         5238    i.rt_tsk_create     RTX_CM4.lib(rt_task.o)
    0x08002e54   0x08002e54   0x0000017c   Code   RO         5239    i.rt_tsk_delete     RTX_CM4.lib(rt_task.o)
    0x08002fd0   0x08002fd0   0x00000030   Code   RO         5240    i.rt_tsk_pass       RTX_CM4.lib(rt_task.o)
    0x08003000   0x08003000   0x0000007c   Code   RO         5241    i.rt_tsk_prio       RTX_CM4.lib(rt_task.o)
    0x0800307c   0x0800307c   0x00000010   Code   RO         5242    i.rt_tsk_self       RTX_CM4.lib(rt_task.o)
    0x0800308c   0x0800308c   0x00000012   Code   RO         4665    i.svcDelay          RTX_CM4.lib(rt_cmsis.o)
    0x0800309e   0x0800309e   0x00000002   PAD
    0x080030a0   0x080030a0   0x00000070   Code   RO         4666    i.svcKernelInitialize  RTX_CM4.lib(rt_cmsis.o)
    0x08003110   0x08003110   0x00000048   Code   RO         4668    i.svcKernelStart    RTX_CM4.lib(rt_cmsis.o)
    0x08003158   0x08003158   0x00000038   Code   RO         4669    i.svcKernelSysTick  RTX_CM4.lib(rt_cmsis.o)
    0x08003190   0x08003190   0x00000042   Code   RO         4670    i.svcMailCreate     RTX_CM4.lib(rt_cmsis.o)
    0x080031d2   0x080031d2   0x00000024   Code   RO         4671    i.svcMessageCreate  RTX_CM4.lib(rt_cmsis.o)
    0x080031f6   0x080031f6   0x0000003a   Code   RO         4672    i.svcMessageGet     RTX_CM4.lib(rt_cmsis.o)
    0x08003230   0x08003230   0x00000036   Code   RO         4673    i.svcMessagePut     RTX_CM4.lib(rt_cmsis.o)
    0x08003266   0x08003266   0x00000024   Code   RO         4679    i.svcSemaphoreCreate  RTX_CM4.lib(rt_cmsis.o)
    0x0800328a   0x0800328a   0x00000028   Code   RO         4681    i.svcSemaphoreRelease  RTX_CM4.lib(rt_cmsis.o)
    0x080032b2   0x080032b2   0x00000032   Code   RO         4682    i.svcSemaphoreWait  RTX_CM4.lib(rt_cmsis.o)
    0x080032e4   0x080032e4   0x0000006c   Code   RO         4686    i.svcThreadCreate   RTX_CM4.lib(rt_cmsis.o)
    0x08003350   0x08003350   0x0000001c   Code   RO         4687    i.svcThreadGetId    RTX_CM4.lib(rt_cmsis.o)
    0x0800336c   0x0800336c   0x00000038   Code   RO         4690    i.svcThreadTerminate  RTX_CM4.lib(rt_cmsis.o)
    0x080033a4   0x080033a4   0x0000000a   Code   RO         4691    i.svcThreadYield    RTX_CM4.lib(rt_cmsis.o)
    0x080033ae   0x080033ae   0x00000018   Code   RO         4692    i.svcTimerCall      RTX_CM4.lib(rt_cmsis.o)
    0x080033c6   0x080033c6   0x00000002   PAD
    0x080033c8   0x080033c8   0x00000058   Code   RO         4697    i.sysMailAlloc      RTX_CM4.lib(rt_cmsis.o)
    0x08003420   0x08003420   0x00000060   Code   RO         4698    i.sysMailFree       RTX_CM4.lib(rt_cmsis.o)
    0x08003480   0x08003480   0x0000005c   Code   RO         4701    i.sysTimerTick      RTX_CM4.lib(rt_cmsis.o)
    0x080034dc   0x080034dc   0x00000110   Code   RO         4562    i.system_clock_120m_hxtal  system_gd32f30x.o
    0x080035ec   0x080035ec   0x00000008   Code   RO         4563    i.system_clock_config  system_gd32f30x.o
    0x080035f4   0x080035f4   0x00000090   Code   RO         4176    i.usart_baudrate_set  gd32f30x_usart.o
    0x08003684   0x08003684   0x0000000a   Code   RO         4179    i.usart_data_receive  gd32f30x_usart.o
    0x0800368e   0x0800368e   0x00000008   Code   RO         4180    i.usart_data_transmit  gd32f30x_usart.o
    0x08003696   0x08003696   0x00000002   PAD
    0x08003698   0x08003698   0x00000090   Code   RO         4181    i.usart_deinit      gd32f30x_usart.o
    0x08003728   0x08003728   0x0000000a   Code   RO         4185    i.usart_enable      gd32f30x_usart.o
    0x08003732   0x08003732   0x0000001e   Code   RO         4187    i.usart_flag_get    gd32f30x_usart.o
    0x08003750   0x08003750   0x0000001a   Code   RO         4194    i.usart_interrupt_enable  gd32f30x_usart.o
    0x0800376a   0x0800376a   0x00000038   Code   RO         4196    i.usart_interrupt_flag_get  gd32f30x_usart.o
    0x080037a2   0x080037a2   0x00000010   Code   RO         4207    i.usart_parity_config  gd32f30x_usart.o
    0x080037b2   0x080037b2   0x00000010   Code   RO         4209    i.usart_receive_config  gd32f30x_usart.o
    0x080037c2   0x080037c2   0x00000010   Code   RO         4219    i.usart_stop_bit_set  gd32f30x_usart.o
    0x080037d2   0x080037d2   0x00000010   Code   RO         4223    i.usart_transmit_config  gd32f30x_usart.o
    0x080037e2   0x080037e2   0x00000010   Code   RO         4224    i.usart_word_length_set  gd32f30x_usart.o
    0x080037f2   0x080037f2   0x00000002   PAD
    0x080037f4   0x080037f4   0x00000084   Code   RO          193    i.vFirmwareUpdateHandler  fw.o
    0x08003878   0x08003878   0x0000009c   Code   RO          328    i.vSerialReceiver   serial.o
    0x08003914   0x08003914   0x0000007c   Code   RO          329    i.vSerialTask       serial.o
    0x08003990   0x08003990   0x0000000a   Code   RO         6036    x$fpl$fpinit        fz_wm.l(fpinit.o)
    0x0800399a   0x0800399a   0x00000002   PAD
    0x0800399c   0x0800399c   0x00000010   Data   RO          195    .constdata          fw.o
    0x080039ac   0x080039ac   0x00000038   Data   RO          331    .constdata          serial.o
    0x080039e4   0x080039e4   0x00000500   Data   RO          454    .constdata          utils.o
    0x08003ee4   0x08003ee4   0x00000068   Data   RO          500    .constdata          rtx_conf_cm.o
    0x08003f4c   0x08003f4c   0x00000028   Data   RO         5844    .constdata          c_w.l(_printf_hex_int.o)
    0x08003f74   0x08003f74   0x00000020   Data   RO         6070    Region$$Table       anon$$obj.o


    Execution Region RW_IRAM1 (Exec base: 0x20000000, Load base: 0x08003f94, Size: 0x00009d80, Max: 0x0000c000, ABSOLUTE)

    Exec Addr    Load Addr    Size         Type   Attr      Idx    E Section Name        Object

    0x20000000   0x08003f94   0x00000024   Data   RW          196    .data               fw.o
    0x20000024   0x08003fb8   0x0000002f   Data   RW          332    .data               serial.o
    0x20000053   0x08003fe7   0x00000001   PAD
    0x20000054   0x08003fe8   0x00000014   Data   RW          501    .data               rtx_conf_cm.o
    0x20000068   0x08003ffc   0x0000000c   Data   RW         4564    .data               system_gd32f30x.o
    0x20000074   0x08004008   0x00000008   Data   RW         4704    .data               RTX_CM4.lib(rt_cmsis.o)
    0x2000007c   0x08004010   0x00000008   Data   RW         5244    .data               RTX_CM4.lib(rt_task.o)
    0x20000084   0x08004018   0x00000008   Data   RW         5363    .data               RTX_CM4.lib(rt_system.o)
    0x2000008c   0x08004020   0x00000004   Data   RW         5653    .data               RTX_CM4.lib(rt_time.o)
    0x20000090   0x08004024   0x00000008   Data   RW         5684    .data               RTX_CM4.lib(rt_robin.o)
    0x20000098   0x0800402c   0x00000001   Data   RW         5764    .data               RTX_CM4.lib(hal_cm.o)
    0x20000099   0x0800402d   0x00000003   PAD
    0x2000009c        -       0x000001f8   Zero   RW          194    .bss                fw.o
    0x20000294        -       0x00006502   Zero   RW          330    .bss                serial.o
    0x20006796   0x0800402d   0x00000002   PAD
    0x20006798        -       0x00002d20   Zero   RW          499    .bss                rtx_conf_cm.o
    0x200094b8        -       0x00000034   Zero   RW         5243    .bss                RTX_CM4.lib(rt_task.o)
    0x200094ec        -       0x00000030   Zero   RW         5493    .bss                RTX_CM4.lib(rt_list.o)
    0x2000951c        -       0x00000060   Zero   RW         5826    .bss                c_w.l(libspace.o)
    0x2000957c   0x0800402d   0x00000004   PAD
    0x20009580        -       0x00000400   Zero   RW         4551    HEAP                startup_gd32f30x_hd.o
    0x20009980        -       0x00000400   Zero   RW         4550    STACK               startup_gd32f30x_hd.o


==============================================================================

Image component sizes


      Code (inc. data)   RO Data    RW Data    ZI Data      Debug   Object Name

      1586        466         16         36        504      40584   fw.o
       736         66          0          0          0       5591   gd32f30x_fmc.o
       136         22          0          0          0       1861   gd32f30x_fwdgt.o
       172          0          0          0          0       2032   gd32f30x_gpio.o
       216         20          0          0          0       1432   gd32f30x_misc.o
       780         62          0          0          0       4998   gd32f30x_rcu.o
       508         16          0          0          0       8305   gd32f30x_usart.o
       210          8          0          0          0      50709   main.o
       126         26        104         20      11552       9543   rtx_conf_cm.o
      1278        272         56         47      25858       9677   serial.o
        64         26        304          0       2048        924   startup_gd32f30x_hd.o
       500         54          0         12          0       2097   system_gd32f30x.o
        12          0          0          0          0        470   thread.o
        84          8       1280          0          0       1874   utils.o

    ----------------------------------------------------------------------
      6424       1046       1792        116      39964     140097   Object Totals
         0          0         32          0          0          0   (incl. Generated)
        16          0          0          1          2          0   (incl. Padding)

    ----------------------------------------------------------------------

      Code (inc. data)   RO Data    RW Data    ZI Data      Debug   Library Member Name

       268         24          0          1          0       4440   hal_cm.o
       408         34          0          0          0        812   hal_cm4.o
      2038        222          0          8          0      51408   rt_cmsis.o
        80          4          0          0          0        697   rt_event.o
       566         44          0          0         48       9168   rt_list.o
       706         14          0          0          0       5055   rt_mailbox.o
       140          0          0          0          0       2033   rt_membox.o
       128          0          0          0          0       2411   rt_memory.o
       336         14          0          0          0       1719   rt_mutex.o
        96         22          0          8          0       1230   rt_robin.o
       186         10          0          0          0       3102   rt_semaphore.o
       334         64          0          8          0       7375   rt_system.o
      1264        184          0          8         52      10551   rt_task.o
         6          0          0          4          0        684   rt_time.o
         4          4          0          0          0        196   svc_table.o
         8          0          0          0          0         68   __main.o
       184          0          0          0          0         84   __printf_ss.o
         0          0          0          0          0          0   __rtentry.o
        20          0          0          0          0          0   __rtentry2.o
         6          0          0          0          0          0   __rtentry4.o
        52          8          0          0          0          0   __scatter.o
        26          0          0          0          0          0   __scatter_copy.o
        28          0          0          0          0          0   __scatter_zi.o
        48          6          0          0          0         96   _printf_char_common.o
         6          0          0          0          0          0   _printf_d.o
       120         16          0          0          0         92   _printf_dec.o
        88          4         40          0          0         88   _printf_hex_int.o
       178          0          0          0          0         88   _printf_intcommon.o
         0          0          0          0          0          0   _printf_percent.o
         4          0          0          0          0          0   _printf_percent_end.o
         6          0          0          0          0          0   _printf_x.o
        10          0          0          0          0         68   _sputc.o
        18          0          0          0          0         80   exit.o
         6          0          0          0          0        152   heapauxi.o
         0          0          0          0          0          0   indicate_semi.o
         2          0          0          0          0          0   libinit.o
         6          0          0          0          0          0   libinit2.o
         2          0          0          0          0          0   libshutdown.o
         2          0          0          0          0          0   libshutdown2.o
         8          4          0          0         96         68   libspace.o
        40          6          0          0          0         84   noretval__2sprintf.o
       138          0          0          0          0         68   rt_memcpy_v6.o
       100          0          0          0          0         80   rt_memcpy_w.o
         2          0          0          0          0          0   rtexit.o
        10          0          0          0          0          0   rtexit2.o
        62          0          0          0          0         76   strlen.o
       150          0          0          0          0         80   strncmp.o
        12          4          0          0          0         68   sys_exit.o
        74          0          0          0          0         80   sys_stackheap_outer.o
         2          0          0          0          0         68   use_no_semi.o
        10          0          0          0          0        116   fpinit.o

    ----------------------------------------------------------------------
      8020        688         40         40        200     102485   Library Totals
        32          0          0          3          4          0   (incl. Padding)

    ----------------------------------------------------------------------

      Code (inc. data)   RO Data    RW Data    ZI Data      Debug   Library Name

      6560        640          0         37        100     100881   RTX_CM4.lib
      1418         48         40          0         96       1488   c_w.l
        10          0          0          0          0        116   fz_wm.l

    ----------------------------------------------------------------------
      8020        688         40         40        200     102485   Library Totals

    ----------------------------------------------------------------------

==============================================================================


      Code (inc. data)   RO Data    RW Data    ZI Data      Debug   

     14444       1734       1832        156      40164     224354   Grand Totals
     14444       1734       1832        156      40164     224354   ELF Image Totals
     14444       1734       1832        156          0          0   ROM Totals

==============================================================================

    Total RO  Size (Code + RO Data)                16276 (  15.89kB)
    Total RW  Size (RW Data + ZI Data)             40320 (  39.38kB)
    Total ROM Size (Code + RO Data + RW Data)      16432 (  16.05kB)

==============================================================================

