Component: ARM Compiler 5.06 update 7 (build 960) Tool: armlink [4d3601]

==============================================================================

Section Cross References

    main.o(i.IWDG_Start) refers to gd32f30x_rcu.o(i.rcu_osci_on) for rcu_osci_on
    main.o(i.IWDG_Start) refers to gd32f30x_rcu.o(i.rcu_osci_stab_wait) for rcu_osci_stab_wait
    main.o(i.IWDG_Start) refers to gd32f30x_fwdgt.o(i.fwdgt_config) for fwdgt_config
    main.o(i.IWDG_Start) refers to gd32f30x_fwdgt.o(i.fwdgt_counter_reload) for fwdgt_counter_reload
    main.o(i.IWDG_Start) refers to gd32f30x_fwdgt.o(i.fwdgt_enable) for fwdgt_enable
    main.o(i.assert_failed) refers to _printf_percent.o(.ARM.Collect$$_printf_percent$$00000000) for _printf_percent
    main.o(i.assert_failed) refers to _printf_d.o(.ARM.Collect$$_printf_percent$$00000009) for _printf_d
    main.o(i.assert_failed) refers to _printf_s.o(.ARM.Collect$$_printf_percent$$00000014) for _printf_s
    main.o(i.assert_failed) refers to _printf_dec.o(.text) for _printf_int_dec
    main.o(i.assert_failed) refers to _printf_str.o(.text) for _printf_str
    main.o(i.assert_failed) refers to noretval__2sprintf.o(.text) for __2sprintf
    main.o(i.main) refers to gd32f30x_rcu.o(i.rcu_clock_freq_get) for rcu_clock_freq_get
    main.o(i.main) refers to rt_cmsis.o(i.osKernelInitialize) for osKernelInitialize
    main.o(i.main) refers to rt_cmsis.o(i.osDelay) for osDelay
    main.o(i.main) refers to main.o(i.IWDG_Start) for IWDG_Start
    main.o(i.main) refers to thread.o(i.Init_Thread) for Init_Thread
    main.o(i.main) refers to rt_cmsis.o(i.osKernelStart) for osKernelStart
    main.o(i.main) refers to gd32f30x_fwdgt.o(i.fwdgt_counter_reload) for fwdgt_counter_reload
    main.o(i.main) refers to rt_cmsis.o(i.osThreadYield) for osThreadYield
    digital.o(i.FuelTimeoutHanler) refers to digital.o(.data) for fuel_232_value
    digital.o(i.Fuel_232_parse) refers to strncmp.o(.text) for strncmp
    digital.o(i.Fuel_232_parse) refers to utils.o(i.str_trim) for str_trim
    digital.o(i.Fuel_232_parse) refers to strlen.o(.text) for strlen
    digital.o(i.Fuel_232_parse) refers to utils.o(i.CLS2_check_mes) for CLS2_check_mes
    digital.o(i.Fuel_232_parse) refers to atof.o(i.__hardfp_atof) for __hardfp_atof
    digital.o(i.Fuel_232_parse) refers to d2f.o(x$fpl$d2f) for __aeabi_d2f
    digital.o(i.Fuel_232_parse) refers to utils.o(i.CRC_8BitsCompute) for CRC_8BitsCompute
    digital.o(i.Fuel_232_parse) refers to serial.o(i.SerialPushInt) for SerialPushInt
    digital.o(i.UART3Init) refers to gd32f30x_rcu.o(i.rcu_periph_clock_enable) for rcu_periph_clock_enable
    digital.o(i.UART3Init) refers to gd32f30x_gpio.o(i.gpio_init) for gpio_init
    digital.o(i.UART3Init) refers to gd32f30x_usart.o(i.usart_deinit) for usart_deinit
    digital.o(i.UART3Init) refers to gd32f30x_usart.o(i.usart_baudrate_set) for usart_baudrate_set
    digital.o(i.UART3Init) refers to gd32f30x_usart.o(i.usart_parity_config) for usart_parity_config
    digital.o(i.UART3Init) refers to gd32f30x_usart.o(i.usart_word_length_set) for usart_word_length_set
    digital.o(i.UART3Init) refers to gd32f30x_usart.o(i.usart_stop_bit_set) for usart_stop_bit_set
    digital.o(i.UART3Init) refers to gd32f30x_usart.o(i.usart_receive_config) for usart_receive_config
    digital.o(i.UART3Init) refers to gd32f30x_usart.o(i.usart_transmit_config) for usart_transmit_config
    digital.o(i.UART3Init) refers to gd32f30x_usart.o(i.usart_enable) for usart_enable
    digital.o(i.UART3Init) refers to gd32f30x_misc.o(i.nvic_irq_enable) for nvic_irq_enable
    digital.o(i.UART3Init) refers to gd32f30x_usart.o(i.usart_interrupt_enable) for usart_interrupt_enable
    digital.o(i.UART3Init) refers to serial.o(i.UART_SendByte) for UART_SendByte
    digital.o(i.UART3PushBuffer) refers to serial.o(i.UART_SendByte) for UART_SendByte
    digital.o(i.UART3_IRQHandler) refers to gd32f30x_usart.o(i.usart_interrupt_flag_get) for usart_interrupt_flag_get
    digital.o(i.UART3_IRQHandler) refers to gd32f30x_usart.o(i.usart_data_receive) for usart_data_receive
    digital.o(i.UART3_IRQHandler) refers to rt_cmsis.o(i.osMessagePut) for osMessagePut
    digital.o(i.UART3_IRQHandler) refers to digital.o(.data) for rxd
    digital.o(i.USART1Init) refers to gd32f30x_rcu.o(i.rcu_periph_clock_enable) for rcu_periph_clock_enable
    digital.o(i.USART1Init) refers to gd32f30x_gpio.o(i.gpio_init) for gpio_init
    digital.o(i.USART1Init) refers to gd32f30x_usart.o(i.usart_deinit) for usart_deinit
    digital.o(i.USART1Init) refers to gd32f30x_usart.o(i.usart_baudrate_set) for usart_baudrate_set
    digital.o(i.USART1Init) refers to gd32f30x_usart.o(i.usart_parity_config) for usart_parity_config
    digital.o(i.USART1Init) refers to gd32f30x_usart.o(i.usart_word_length_set) for usart_word_length_set
    digital.o(i.USART1Init) refers to gd32f30x_usart.o(i.usart_stop_bit_set) for usart_stop_bit_set
[...]
    osKernelStart                            0x0800f8e5   Thumb Code    98  rt_cmsis.o(i.osKernelStart)
    osKernelSysTick                          0x0800f951   Thumb Code    18  rt_cmsis.o(i.osKernelSysTick)
    osMailAlloc                              0x0800f969   Thumb Code    22  rt_cmsis.o(i.osMailAlloc)
    osMailCreate                             0x0800f985   Thumb Code    36  rt_cmsis.o(i.osMailCreate)
    osMailFree                               0x0800f9b1   Thumb Code    22  rt_cmsis.o(i.osMailFree)
    osMailGet                                0x0800f9cd   Thumb Code    22  rt_cmsis.o(i.osMailGet)
    osMailPut                                0x0800f9e3   Thumb Code    20  rt_cmsis.o(i.osMailPut)
    osMessageCreate                          0x0800f9f9   Thumb Code    36  rt_cmsis.o(i.osMessageCreate)
    osMessageGet                             0x0800fa25   Thumb Code    18  rt_cmsis.o(i.osMessageGet)
    osMessagePut                             0x0800fa3d   Thumb Code    18  rt_cmsis.o(i.osMessagePut)
    osSemaphoreCreate                        0x0800fa55   Thumb Code    36  rt_cmsis.o(i.osSemaphoreCreate)
    osSemaphoreRelease                       0x0800fa81   Thumb Code    18  rt_cmsis.o(i.osSemaphoreRelease)
    osSemaphoreWait                          0x0800fa99   Thumb Code    20  rt_cmsis.o(i.osSemaphoreWait)
    osThreadCreate                           0x0800fab1   Thumb Code    36  rt_cmsis.o(i.osThreadCreate)
    osThreadExit                             0x0800fadd   Thumb Code    14  rt_cmsis.o(i.osThreadExit)
    osThreadYield                            0x0800faf5   Thumb Code    18  rt_cmsis.o(i.osThreadYield)
    osTimerCall                              0x0800fb0d   Thumb Code     8  rt_cmsis.o(i.osTimerCall)
    osTimerCreate                            0x0800fb19   Thumb Code    36  rt_cmsis.o(i.osTimerCreate)
    osTimerStart                             0x0800fb45   Thumb Code    18  rt_cmsis.o(i.osTimerStart)
    osTimerThread                            0x0800fb5d   Thumb Code    38  rt_cmsis.o(i.osTimerThread)
    os_error                                 0x0800fb89   Thumb Code    34  rtx_conf_cm.o(i.os_error)
    os_idle_demon                            0x0800fbab   Thumb Code     4  rtx_conf_cm.o(i.os_idle_demon)
    os_tick_init                             0x0800fbb1   Thumb Code    32  rt_system.o(i.os_tick_init)
    os_tick_irqack                           0x0800fbd9   Thumb Code     2  rt_system.o(i.os_tick_irqack)
    os_tick_ovf                              0x0800fbdd   Thumb Code    10  rt_system.o(i.os_tick_ovf)
    os_tick_val                              0x0800fbed   Thumb Code    14  rt_system.o(i.os_tick_val)
    rcu_adc_clock_config                     0x0800fc01   Thumb Code    98  gd32f30x_rcu.o(i.rcu_adc_clock_config)
    rcu_clock_freq_get                       0x0800fc6d   Thumb Code   310  gd32f30x_rcu.o(i.rcu_clock_freq_get)
    rcu_flag_get                             0x0800fdc5   Thumb Code    30  gd32f30x_rcu.o(i.rcu_flag_get)
    rcu_osci_on                              0x0800fde9   Thumb Code    28  gd32f30x_rcu.o(i.rcu_osci_on)
    rcu_osci_stab_wait                       0x0800fe09   Thumb Code   266  gd32f30x_rcu.o(i.rcu_osci_stab_wait)
    rcu_periph_clock_enable                  0x0800ff19   Thumb Code    28  gd32f30x_rcu.o(i.rcu_periph_clock_enable)
    rcu_periph_reset_disable                 0x0800ff39   Thumb Code    28  gd32f30x_rcu.o(i.rcu_periph_reset_disable)
    rcu_periph_reset_enable                  0x0800ff59   Thumb Code    28  gd32f30x_rcu.o(i.rcu_periph_reset_enable)
    rs232_init                               0x0800ff79   Thumb Code   132  digital.o(i.rs232_init)
    rt_alloc_box                             0x08010041   Thumb Code    26  rt_membox.o(i.rt_alloc_box)
    rt_alloc_mem                             0x0801005b   Thumb Code    62  rt_memory.o(i.rt_alloc_mem)
    rt_block                                 0x08010099   Thumb Code    48  rt_task.o(i.rt_block)
    rt_chk_robin                             0x080100d1   Thumb Code    60  rt_robin.o(i.rt_chk_robin)
    rt_dec_dly                               0x08010119   Thumb Code   102  rt_list.o(i.rt_dec_dly)
    rt_dispatch                              0x08010189   Thumb Code    60  rt_task.o(i.rt_dispatch)
    rt_dly_wait                              0x080101cd   Thumb Code     6  rt_time.o(i.rt_dly_wait)
    rt_evt_psh                               0x080101d5   Thumb Code    76  rt_event.o(i.rt_evt_psh)
    rt_free_box                              0x08010225   Thumb Code    44  rt_membox.o(i.rt_free_box)
    rt_free_mem                              0x08010251   Thumb Code    40  rt_memory.o(i.rt_free_mem)
    rt_get_first                             0x08010279   Thumb Code    40  rt_list.o(i.rt_get_first)
    rt_get_same_rdy_prio                     0x080102a1   Thumb Code    26  rt_list.o(i.rt_get_same_rdy_prio)
    rt_init_mem                              0x08010315   Thumb Code    26  rt_memory.o(i.rt_init_mem)
    rt_init_robin                            0x08010331   Thumb Code    14  rt_robin.o(i.rt_init_robin)
    rt_init_stack                            0x08010349   Thumb Code   118  hal_cm.o(i.rt_init_stack)
    rt_mbx_check                             0x080103c9   Thumb Code     8  rt_mailbox.o(i.rt_mbx_check)
    rt_mbx_init                              0x080103d1   Thumb Code    26  rt_mailbox.o(i.rt_mbx_init)
    rt_mbx_psh                               0x080103ed   Thumb Code   236  rt_mailbox.o(i.rt_mbx_psh)
    rt_mbx_send                              0x080104dd   Thumb Code   148  rt_mailbox.o(i.rt_mbx_send)
    rt_mbx_wait                              0x08010575   Thumb Code   174  rt_mailbox.o(i.rt_mbx_wait)
    rt_mut_release                           0x0801066d   Thumb Code   208  rt_mutex.o(i.rt_mut_release)
    rt_mut_wait                              0x08010745   Thumb Code   114  rt_mutex.o(i.rt_mut_wait)
    rt_pop_req                               0x080107bd   Thumb Code   112  rt_system.o(i.rt_pop_req)
    rt_psh_req                               0x08010839   Thumb Code    22  rt_system.o(i.rt_psh_req)
    rt_psq_enq                               0x08010859   Thumb Code    88  rt_list.o(i.rt_psq_enq)
    rt_put_dly                               0x080108b5   Thumb Code    68  rt_list.o(i.rt_put_dly)
    rt_put_prio                              0x080108fd   Thumb Code    54  rt_list.o(i.rt_put_prio)
    rt_put_rdy_first                         0x08010935   Thumb Code    14  rt_list.o(i.rt_put_rdy_first)
    rt_resort_prio                           0x08010949   Thumb Code    46  rt_list.o(i.rt_resort_prio)
    rt_ret_val                               0x0801098d   Thumb Code    12  hal_cm.o(i.rt_ret_val)
    rt_ret_val2                              0x08010999   Thumb Code    16  hal_cm.o(i.rt_ret_val2)
    rt_rmv_dly                               0x080109a9   Thumb Code    40  rt_list.o(i.rt_rmv_dly)
    rt_rmv_list                              0x080109d1   Thumb Code    44  rt_list.o(i.rt_rmv_list)
    rt_sem_init                              0x08010a01   Thumb Code    12  rt_semaphore.o(i.rt_sem_init)
    rt_sem_psh                               0x08010a0d   Thumb Code    48  rt_semaphore.o(i.rt_sem_psh)
    rt_sem_send                              0x08010a41   Thumb Code    42  rt_semaphore.o(i.rt_sem_send)
    rt_sem_wait                              0x08010a6d   Thumb Code    58  rt_semaphore.o(i.rt_sem_wait)
    rt_stk_check                             0x08010aad   Thumb Code    28  rt_system.o(i.rt_stk_check)
    rt_switch_req                            0x08010ad1   Thumb Code    30  rt_task.o(i.rt_switch_req)
    rt_sys_init                              0x08010af9   Thumb Code   138  rt_task.o(i.rt_sys_init)
    rt_sys_start                             0x08010bc5   Thumb Code   110  rt_task.o(i.rt_sys_start)
    rt_systick                               0x08010c3d   Thumb Code    50  rt_system.o(i.rt_systick)
    rt_tsk_create                            0x08010d01   Thumb Code   118  rt_task.o(i.rt_tsk_create)
    rt_tsk_delete                            0x08010d89   Thumb Code   352  rt_task.o(i.rt_tsk_delete)
    rt_tsk_pass                              0x08010f05   Thumb Code    38  rt_task.o(i.rt_tsk_pass)
    rt_tsk_prio                              0x08010f35   Thumb Code   108  rt_task.o(i.rt_tsk_prio)
    rt_tsk_self                              0x08010fb1   Thumb Code    12  rt_task.o(i.rt_tsk_self)
    serial_report_data                       0x08010fc1   Thumb Code   504  serial.o(i.serial_report_data)
    str_trim                                 0x080111dd   Thumb Code    66  utils.o(i.str_trim)
    svcDelay                                 0x0801121f   Thumb Code    18  rt_cmsis.o(i.svcDelay)
    svcKernelInitialize                      0x08011231   Thumb Code    80  rt_cmsis.o(i.svcKernelInitialize)
    svcKernelStart                           0x080112a1   Thumb Code    62  rt_cmsis.o(i.svcKernelStart)
    svcKernelSysTick                         0x080112e9   Thumb Code    46  rt_cmsis.o(i.svcKernelSysTick)
    svcMailCreate                            0x08011321   Thumb Code    66  rt_cmsis.o(i.svcMailCreate)
    svcMessageCreate                         0x08011363   Thumb Code    36  rt_cmsis.o(i.svcMessageCreate)
    svcMessageGet                            0x08011387   Thumb Code    58  rt_cmsis.o(i.svcMessageGet)
    svcMessagePut                            0x080113c1   Thumb Code    54  rt_cmsis.o(i.svcMessagePut)
    svcSemaphoreCreate                       0x080113f7   Thumb Code    36  rt_cmsis.o(i.svcSemaphoreCreate)
    svcSemaphoreRelease                      0x0801141b   Thumb Code    40  rt_cmsis.o(i.svcSemaphoreRelease)
    svcSemaphoreWait                         0x08011443   Thumb Code    50  rt_cmsis.o(i.svcSemaphoreWait)
    svcThreadCreate                          0x08011475   Thumb Code    96  rt_cmsis.o(i.svcThreadCreate)
    svcThreadGetId                           0x080114e1   Thumb Code    22  rt_cmsis.o(i.svcThreadGetId)
    svcThreadTerminate                       0x080114fd   Thumb Code    50  rt_cmsis.o(i.svcThreadTerminate)
    svcThreadYield                           0x08011535   Thumb Code    10  rt_cmsis.o(i.svcThreadYield)
    svcTimerCall                             0x0801153f   Thumb Code    24  rt_cmsis.o(i.svcTimerCall)
    svcTimerCreate                           0x08011559   Thumb Code    52  rt_cmsis.o(i.svcTimerCreate)
    svcTimerStart                            0x08011591   Thumb Code    96  rt_cmsis.o(i.svcTimerStart)
    sysMailAlloc                             0x080115f5   Thumb Code    84  rt_cmsis.o(i.sysMailAlloc)
    sysMailFree                              0x0801164d   Thumb Code    96  rt_cmsis.o(i.sysMailFree)
    sysTimerTick                             0x080116ad   Thumb Code    84  rt_cmsis.o(i.sysTimerTick)
    timer_deinit                             0x08011821   Thumb Code   210  gd32f30x_timer.o(i.timer_deinit)
    timer_disable                            0x080118fd   Thumb Code    10  gd32f30x_timer.o(i.timer_disable)
    timer_enable                             0x08011907   Thumb Code    10  gd32f30x_timer.o(i.timer_enable)
    timer_init                               0x08011911   Thumb Code   122  gd32f30x_timer.o(i.timer_init)
    timer_interrupt_disable                  0x080119a9   Thumb Code     8  gd32f30x_timer.o(i.timer_interrupt_disable)
    timer_interrupt_enable                   0x080119b1   Thumb Code     8  gd32f30x_timer.o(i.timer_interrupt_enable)
    timer_interrupt_flag_clear               0x080119b9   Thumb Code     8  gd32f30x_timer.o(i.timer_interrupt_flag_clear)
    timer_interrupt_flag_get                 0x080119c1   Thumb Code    24  gd32f30x_timer.o(i.timer_interrupt_flag_get)
    usart_baudrate_set                       0x080119d9   Thumb Code   136  gd32f30x_usart.o(i.usart_baudrate_set)
    usart_data_receive                       0x08011a69   Thumb Code    10  gd32f30x_usart.o(i.usart_data_receive)
    usart_data_transmit                      0x08011a73   Thumb Code     8  gd32f30x_usart.o(i.usart_data_transmit)
    usart_deinit                             0x08011a7d   Thumb Code   136  gd32f30x_usart.o(i.usart_deinit)
    usart_enable                             0x08011b0d   Thumb Code    10  gd32f30x_usart.o(i.usart_enable)
    usart_flag_get                           0x08011b17   Thumb Code    30  gd32f30x_usart.o(i.usart_flag_get)
    usart_interrupt_enable                   0x08011b35   Thumb Code    26  gd32f30x_usart.o(i.usart_interrupt_enable)
    usart_interrupt_flag_get                 0x08011b4f   Thumb Code    56  gd32f30x_usart.o(i.usart_interrupt_flag_get)
    usart_parity_config                      0x08011b87   Thumb Code    16  gd32f30x_usart.o(i.usart_parity_config)
    usart_receive_config                     0x08011b97   Thumb Code    16  gd32f30x_usart.o(i.usart_receive_config)
    usart_stop_bit_set                       0x08011ba7   Thumb Code    16  gd32f30x_usart.o(i.usart_stop_bit_set)
    usart_transmit_config                    0x08011bb7   Thumb Code    16  gd32f30x_usart.o(i.usart_transmit_config)
    usart_word_length_set                    0x08011bc7   Thumb Code    16  gd32f30x_usart.o(i.usart_word_length_set)
    vPowerTask                               0x08011bd9   Thumb Code   422  power.o(i.vPowerTask)
    vSerialReceiver                          0x08011e21   Thumb Code   140  serial.o(i.vSerialReceiver)
    vSerialTask                              0x08011ec5   Thumb Code   374  serial.o(i.vSerialTask)
    vUART3Receiver                           0x08012059   Thumb Code   224  digital.o(i.vUART3Receiver)
    vUSART1Receiver                          0x08012151   Thumb Code   224  digital.o(i.vUSART1Receiver)
    _get_lc_ctype                            0x08012249   Thumb Code    44  lc_ctype_c.o(locale$$code)
    _get_lc_numeric                          0x08012275   Thumb Code    44  lc_numeric_c.o(locale$$code)
    __aeabi_d2f                              0x080122a1   Thumb Code     0  d2f.o(x$fpl$d2f)
    _d2f                                     0x080122a1   Thumb Code    98  d2f.o(x$fpl$d2f)
    __aeabi_dadd                             0x08012305   Thumb Code     0  daddsub_clz.o(x$fpl$dadd)
    _dadd                                    0x08012305   Thumb Code   332  daddsub_clz.o(x$fpl$dadd)
    __fpl_dcheck_NaN1                        0x08012455   Thumb Code    10  dcheck1.o(x$fpl$dcheck1)
    __fpl_dcmp_Inf                           0x08012465   Thumb Code    24  dcmpi.o(x$fpl$dcmpinf)
    __aeabi_ddiv                             0x0801247d   Thumb Code     0  ddiv.o(x$fpl$ddiv)
    _ddiv                                    0x0801247d   Thumb Code   552  ddiv.o(x$fpl$ddiv)
    __aeabi_cdcmpeq                          0x0801272d   Thumb Code     0  deqf.o(x$fpl$deqf)
    _dcmpeq                                  0x0801272d   Thumb Code   120  deqf.o(x$fpl$deqf)
    __aeabi_d2uiz                            0x080127a5   Thumb Code     0  dfixu.o(x$fpl$dfixu)
    _dfixu                                   0x080127a5   Thumb Code    90  dfixu.o(x$fpl$dfixu)
    __aeabi_i2d                              0x080127ff   Thumb Code     0  dflt_clz.o(x$fpl$dflt)
    _dflt                                    0x080127ff   Thumb Code    46  dflt_clz.o(x$fpl$dflt)
    __aeabi_ui2d                             0x0801282d   Thumb Code     0  dflt_clz.o(x$fpl$dfltu)
    _dfltu                                   0x0801282d   Thumb Code    38  dflt_clz.o(x$fpl$dfltu)
    __aeabi_cdcmple                          0x08012855   Thumb Code     0  dleqf.o(x$fpl$dleqf)
    _dcmple                                  0x08012855   Thumb Code   120  dleqf.o(x$fpl$dleqf)
    __fpl_dcmple_InfNaN                      0x080128b7   Thumb Code     0  dleqf.o(x$fpl$dleqf)
    __aeabi_dmul                             0x080128cd   Thumb Code     0  dmul.o(x$fpl$dmul)
    _dmul                                    0x080128cd   Thumb Code   332  dmul.o(x$fpl$dmul)
    __fpl_dnaninf                            0x08012a21   Thumb Code   156  dnaninf.o(x$fpl$dnaninf)
    __fpl_dretinf                            0x08012abd   Thumb Code    12  dretinf.o(x$fpl$dretinf)
    __aeabi_cdrcmple                         0x08012ac9   Thumb Code     0  drleqf.o(x$fpl$drleqf)
    _drcmple                                 0x08012ac9   Thumb Code   108  drleqf.o(x$fpl$drleqf)
    __aeabi_dsub                             0x08012b35   Thumb Code     0  daddsub_clz.o(x$fpl$dsub)
    _dsub                                    0x08012b35   Thumb Code   464  daddsub_clz.o(x$fpl$dsub)
    _fp_init                                 0x08012d09   Thumb Code    10  fpinit.o(x$fpl$fpinit)
    __fplib_config_fpu_vfp                   0x08012d11   Thumb Code     0  fpinit.o(x$fpl$fpinit)
    __fplib_config_pureend_doubles           0x08012d11   Thumb Code     0  fpinit.o(x$fpl$fpinit)
    __fpl_fretinf                            0x08012d13   Thumb Code    10  fretinf.o(x$fpl$fretinf)
    __ieee_status                            0x08012d1d   Thumb Code     6  istatus.o(x$fpl$ieeestatus)
    __fpl_return_NaN                         0x08012d23   Thumb Code   100  retnan.o(x$fpl$retnan)
    __ARM_scalbn                             0x08012d87   Thumb Code    92  scalbn.o(x$fpl$scalbn)
    _scanf_real                              0x08012de3   Thumb Code     4  scanf1.o(x$fpl$scanf1)
    _scanf_hex_real                          0x08012de7   Thumb Code     4  scanf2.o(x$fpl$scanf2)
    _scanf_infnan                            0x08012deb   Thumb Code     4  scanf2.o(x$fpl$scanf2)
    __fpl_cmpreturn                          0x08012def   Thumb Code    48  trapv.o(x$fpl$trapveneer)
    __I$use$fp                               0x08012e1e   Number         0  usenofp.o(x$fpl$usenofp)
    os_timer_def_FuelTimer                   0x08012e20   Data           8  digital.o(.constdata)
    os_messageQ_def_UART3RxMsgBox            0x08012e28   Data           8  digital.o(.constdata)
    os_messageQ_def_USART1RxMsgBox           0x08012e30   Data           8  digital.o(.constdata)
    os_thread_def_vUART3Receiver             0x08012e38   Data          16  digital.o(.constdata)
    os_thread_def_vUSART1Receiver            0x08012e48   Data          16  digital.o(.constdata)
    os_timer_def_UserTimer                   0x08012e58   Data           8  interface.o(.constdata)
    os_thread_def_vPowerTask                 0x08012e60   Data          16  power.o(.constdata)
    os_messageQ_def_SerialRxMsgBox           0x08012e70   Data           8  serial.o(.constdata)
    os_mailQ_def_SerialPkgMailBox            0x08012e78   Data          12  serial.o(.constdata)
    os_thread_def_vSerialReceiver            0x08012e84   Data          16  serial.o(.constdata)
    os_thread_def_vSerialTask                0x08012e94   Data          16  serial.o(.constdata)
    os_semaphore_def_sSerialFree             0x08012ea4   Data           4  serial.o(.constdata)
    CRC_Table                                0x08012ea8   Data         256  utils.o(.constdata)
    os_maxtaskrun                            0x08012fa8   Data           2  rtx_conf_cm.o(.constdata)
    os_stackinfo                             0x08012fac   Data           4  rtx_conf_cm.o(.constdata)
    os_rrobin                                0x08012fb0   Data           4  rtx_conf_cm.o(.constdata)
    os_tickfreq                              0x08012fb4   Data           4  rtx_conf_cm.o(.constdata)
    os_tickus_i                              0x08012fb8   Data           2  rtx_conf_cm.o(.constdata)
    os_tickus_f                              0x08012fba   Data           2  rtx_conf_cm.o(.constdata)
    os_trv                                   0x08012fbc   Data           4  rtx_conf_cm.o(.constdata)
    os_flags                                 0x08012fc0   Data           1  rtx_conf_cm.o(.constdata)
    CMSIS_RTOS_API_Version                   0x08012fc4   Data           4  rtx_conf_cm.o(.constdata)
    CMSIS_RTOS_RTX_Version                   0x08012fc8   Data           4  rtx_conf_cm.o(.constdata)
    os_clockrate                             0x08012fcc   Data           4  rtx_conf_cm.o(.constdata)
    os_timernum                              0x08012fd0   Data           4  rtx_conf_cm.o(.constdata)
    mp_tcb_size                              0x08012fd4   Data           2  rtx_conf_cm.o(.constdata)
    mp_stk_size                              0x08012fd8   Data           4  rtx_conf_cm.o(.constdata)
    os_stack_sz                              0x08012fdc   Data           4  rtx_conf_cm.o(.constdata)
    os_fifo_size                             0x08012fe0   Data           1  rtx_conf_cm.o(.constdata)
    os_thread_def_osTimerThread              0x08012fe4   Data          16  rtx_conf_cm.o(.constdata)
    os_messageQ_def_osTimerMessageQ          0x08012ff4   Data           8  rtx_conf_cm.o(.constdata)
    mp_tmr_size                              0x08012ffc   Data           2  rtx_conf_cm.o(.constdata)
    os_thread_def_main                       0x08013000   Data          16  rtx_conf_cm.o(.constdata)
    Region$$Table$$Base                      0x08013174   Number         0  anon$$obj.o(Region$$Table)
    Region$$Table$$Limit                     0x08013194   Number         0  anon$$obj.o(Region$$Table)
    __aeabi_HUGE_VAL                         0x08013194   Data           0  fpconst.o(c$$dinf)
    __aeabi_HUGE_VALL                        0x08013194   Data           0  fpconst.o(c$$dinf)
    __aeabi_INFINITY                         0x08013194   Data           0  fpconst.o(c$$dinf)
    __dInf                                   0x08013194   Data           0  fpconst.o(c$$dinf)
    __huge_val                               0x08013194   Data           0  fpconst.o(c$$dinf)
    __dbl_max                                0x0801319c   Data           0  fpconst.o(c$$dmax)
    __ctype                                  0x080131b1   Data           0  lc_ctype_c.o(locale$$data)
    UART3RxMsgBox                            0x20000000   Data           4  digital.o(.data)
    USART1RxMsgBox                           0x20000004   Data           4  digital.o(.data)
    UART3RxBufferIdx                         0x20000008   Data           2  digital.o(.data)
    USART1RxBufferIdx                        0x2000000a   Data           2  digital.o(.data)
    UART3_receiver_thread                    0x2000000c   Data           4  digital.o(.data)
    USART1_receiver_thread                   0x20000010   Data           4  digital.o(.data)
    fuel_232_value                           0x20000014   Data           8  digital.o(.data)
    stateLogicBuz                            0x20000031   Data           1  interface.o(.data)
    PowerData                                0x20000038   Data           4  power.o(.data)
    power_thread                             0x2000003c   Data           4  power.o(.data)
    EC21_PW_reboot_time                      0x20000040   Data           1  power.o(.data)
    Device_BAT_off_time                      0x20000041   Data           1  power.o(.data)
    pw_cnt                                   0x20000044   Data           1  power.o(.data)
    ec21_status                              0x20000048   Data           6  serial.o(.data)
    SerialRxMsgBox                           0x20000050   Data           4  serial.o(.data)
    os_mailQ_p_SerialPkgMailBox              0x20000054   Data           8  serial.o(.data)
    SerialPkgMailBox                         0x2000005c   Data           4  serial.o(.data)
    SerialRxBufferIdx                        0x20000060   Data           2  serial.o(.data)
    serial_receiver_thread                   0x20000064   Data           4  serial.o(.data)
    serial_thread                            0x20000068   Data           4  serial.o(.data)
    sSerialFree                              0x2000006c   Data           4  serial.o(.data)
    os_semaphore_cb_sSerialFree              0x20000070   Data           8  serial.o(.data)
    ec21_time                                0x20000078   Data           1  serial.o(.data)
    val                                      0x20000080   Data           4  canbus.o(.data)
    val_sec                                  0x20000084   Data           4  canbus.o(.data)
    time_irq                                 0x20000088   Data           4  canbus.o(.data)
    PGN                                      0x2000008c   Data           4  canbus.o(.data)
    SPN                                      0x20000090   Data           4  canbus.o(.data)
    nSrc                                     0x20000094   Data           1  canbus.o(.data)
    FMI                                      0x20000095   Data           1  canbus.o(.data)
    Count                                    0x20000096   Data           1  canbus.o(.data)
    nPriority                                0x20000097   Data           1  canbus.o(.data)
    idx                                      0x20000098   Data           1  canbus.o(.data)
    d_val                                    0x200000a0   Data           8  canbus.o(.data)
    iLampStatus                              0x200000a8   Data           1  canbus.o(.data)
    sLampStatus                              0x200000a9   Data           1  canbus.o(.data)
    wLampStatus                              0x200000aa   Data           1  canbus.o(.data)
    pLampStatus                              0x200000ab   Data           1  canbus.o(.data)
    sFaultCodeSize                           0x200000ac   Data           1  canbus.o(.data)
    s_fc_send                                0x200000ad   Data           1  canbus.o(.data)
    idx_dtc                                  0x200000ae   Data           2  canbus.o(.data)
    flg_dtc                                  0x200000b0   Data           1  canbus.o(.data)
    flg_has                                  0x200000b1   Data           1  canbus.o(.data)
    vJ1939ParserThread                       0x200000b4   Data           4  canbus.o(.data)
    osThreadId_osTimerThread                 0x200000b8   Data           4  rtx_conf_cm.o(.data)
    osMessageQId_osTimerMessageQ             0x200000bc   Data           4  rtx_conf_cm.o(.data)
    os_tmr                                   0x200000c0   Data           4  rtx_conf_cm.o(.data)
    m_tmr                                    0x200000c4   Data           4  rtx_conf_cm.o(.data)
    os_initialized                           0x200000cc   Data           1  rt_cmsis.o(.data)
    os_running                               0x200000cd   Data           1  rt_cmsis.o(.data)
    os_timer_head                            0x200000d0   Data           4  rt_cmsis.o(.data)
    os_tsk                                   0x200000d4   Data           8  rt_task.o(.data)
    os_tick_irqn                             0x200000e0   Data           4  rt_system.o(.data)
    os_time                                  0x200000e4   Data           4  rt_time.o(.data)
    os_robin                                 0x200000e8   Data           8  rt_robin.o(.data)
    dbg_msg                                  0x200000f0   Data           1  hal_cm.o(.data)
    os_messageQ_q_UART3RxMsgBox              0x2000010c   Data         528  digital.o(.bss)
    os_messageQ_q_USART1RxMsgBox             0x2000031c   Data         528  digital.o(.bss)
    UART3RxBuffer                            0x2000052c   Data         128  digital.o(.bss)
    USART1RxBuffer                           0x200005ac   Data         128  digital.o(.bss)
    ADCData                                  0x20000644   Data          28  power.o(.bss)
    test_val                                 0x2000076c   Data         128  power.o(.bss)
    ec21_data                                0x200007ec   Data          24  serial.o(.bss)
    mcu_config                               0x20000804   Data          16  serial.o(.bss)
    os_messageQ_q_SerialRxMsgBox             0x20000814   Data        1040  serial.o(.bss)
    os_mailQ_q_SerialPkgMailBox              0x20000c24   Data          36  serial.o(.bss)
    os_mailQ_m_SerialPkgMailBox              0x20000c48   Data        1312  serial.o(.bss)
    SerialRxBuffer                           0x20001168   Data         256  serial.o(.bss)
    serial_data_rpt                          0x20001268   Data          64  serial.o(.bss)
    serial_buffer                            0x200012a8   Data         128  serial.o(.bss)
    TxMessage                                0x20001348   Data          20  canbus.o(.bss)
    RxMessage                                0x2000135c   Data          20  canbus.o(.bss)
    canbus                                   0x20001370   Data          56  canbus.o(.bss)
    sFaultCodeJ1939                          0x200013a8   Data         256  canbus.o(.bss)
    sFaultCodeODB                            0x200014a8   Data          32  canbus.o(.bss)
    fc                                       0x200014c8   Data          16  canbus.o(.bss)
    tmp_src                                  0x200014d8   Data         128  canbus.o(.bss)
    mp_tcb                                   0x20001558   Data         584  rtx_conf_cm.o(.bss)
    mp_stk                                   0x200017a0   Data        2064  rtx_conf_cm.o(.bss)
    os_stack_mem                             0x20001fb0   Data        8048  rtx_conf_cm.o(.bss)
    os_fifo                                  0x20003f20   Data         196  rtx_conf_cm.o(.bss)
    os_active_TCB                            0x20003fe4   Data          44  rtx_conf_cm.o(.bss)
    os_messageQ_q_osTimerMessageQ            0x20004010   Data          32  rtx_conf_cm.o(.bss)
    os_idle_TCB                              0x200044d0   Data          52  rt_task.o(.bss)
    os_rdy                                   0x20004504   Data          24  rt_list.o(.bss)
    os_dly                                   0x2000451c   Data          24  rt_list.o(.bss)
    __libspace_start                         0x20004534   Data          96  libspace.o(.bss)
    __temporary_stack_top$libspace           0x20004594   Data           0  libspace.o(.bss)



==============================================================================

Memory Map of the image

  Image Entry point : 0x0800a131

  Load Region LR_IROM1 (Base: 0x0800a000, Size: 0x000093c4, Max: 0x00040000, ABSOLUTE)

    Execution Region ER_IROM1 (Exec base: 0x0800a000, Load base: 0x0800a000, Size: 0x000092d0, Max: 0x00040000, ABSOLUTE)

    Exec Addr    Load Addr    Size         Type   Attr      Idx    E Section Name        Object

    0x0800a000   0x0800a000   0x00000130   Data   RO         5066    RESET               startup_gd32f30x_hd.o
    0x0800a130   0x0800a130   0x00000008   Code   RO         6441  * !!!main             c_w.l(__main.o)
    0x0800a138   0x0800a138   0x00000034   Code   RO         6801    !!!scatter          c_w.l(__scatter.o)
    0x0800a16c   0x0800a16c   0x0000001a   Code   RO         6803    !!handler_copy      c_w.l(__scatter_copy.o)
    0x0800a186   0x0800a186   0x00000002   PAD
    0x0800a188   0x0800a188   0x0000001c   Code   RO         6805    !!handler_zi        c_w.l(__scatter_zi.o)
    0x0800a1a4   0x0800a1a4   0x00000000   Code   RO         6417    .ARM.Collect$$_printf_percent$$00000000  c_w.l(_printf_percent.o)
    0x0800a1a4   0x0800a1a4   0x0000000a   Code   RO         6497    .ARM.Collect$$_printf_percent$$00000007  c_w.l(_printf_ll.o)
    0x0800a1ae   0x0800a1ae   0x00000006   Code   RO         6415    .ARM.Collect$$_printf_percent$$00000009  c_w.l(_printf_d.o)
    0x0800a1b4   0x0800a1b4   0x00000006   Code   RO         6414    .ARM.Collect$$_printf_percent$$0000000C  c_w.l(_printf_x.o)
    0x0800a1ba   0x0800a1ba   0x00000006   Code   RO         6418    .ARM.Collect$$_printf_percent$$0000000F  c_w.l(_printf_llu.o)
    0x0800a1c0   0x0800a1c0   0x00000004   Code   RO         6496    .ARM.Collect$$_printf_percent$$00000017  c_w.l(_printf_percent_end.o)
    0x0800a1c4   0x0800a1c4   0x00000002   Code   RO         6585    .ARM.Collect$$libinit$$00000000  c_w.l(libinit.o)
    0x0800a1c6   0x0800a1c6   0x00000004   Code   RO         6586    .ARM.Collect$$libinit$$00000001  c_w.l(libinit2.o)
    0x0800a1ca   0x0800a1ca   0x00000000   Code   RO         6589    .ARM.Collect$$libinit$$00000004  c_w.l(libinit2.o)
    0x0800a1ca   0x0800a1ca   0x00000000   Code   RO         6592    .ARM.Collect$$libinit$$0000000A  c_w.l(libinit2.o)
    0x0800a1ca   0x0800a1ca   0x00000000   Code   RO         6594    .ARM.Collect$$libinit$$0000000C  c_w.l(libinit2.o)
    0x0800a1ca   0x0800a1ca   0x00000000   Code   RO         6596    .ARM.Collect$$libinit$$0000000E  c_w.l(libinit2.o)
    0x0800a1ca   0x0800a1ca   0x00000006   Code   RO         6597    .ARM.Collect$$libinit$$0000000F  c_w.l(libinit2.o)
    0x0800a1d0   0x0800a1d0   0x00000000   Code   RO         6599    .ARM.Collect$$libinit$$00000011  c_w.l(libinit2.o)
    0x0800a1d0   0x0800a1d0   0x0000000c   Code   RO         6600    .ARM.Collect$$libinit$$00000012  c_w.l(libinit2.o)
    0x0800a1dc   0x0800a1dc   0x00000000   Code   RO         6601    .ARM.Collect$$libinit$$00000013  c_w.l(libinit2.o)
    0x0800a1dc   0x0800a1dc   0x00000000   Code   RO         6603    .ARM.Collect$$libinit$$00000015  c_w.l(libinit2.o)
    0x0800a1dc   0x0800a1dc   0x0000000a   Code   RO         6604    .ARM.Collect$$libinit$$00000016  c_w.l(libinit2.o)
    0x0800a1e6   0x0800a1e6   0x00000000   Code   RO         6605    .ARM.Collect$$libinit$$00000017  c_w.l(libinit2.o)
    0x0800a1e6   0x0800a1e6   0x00000000   Code   RO         6607    .ARM.Collect$$libinit$$00000019  c_w.l(libinit2.o)
    0x0800a1e6   0x0800a1e6   0x00000000   Code   RO         6609    .ARM.Collect$$libinit$$0000001B  c_w.l(libinit2.o)
    0x0800a1e6   0x0800a1e6   0x00000000   Code   RO         6611    .ARM.Collect$$libinit$$0000001D  c_w.l(libinit2.o)
    0x0800a1e6   0x0800a1e6   0x00000000   Code   RO         6613    .ARM.Collect$$libinit$$0000001F  c_w.l(libinit2.o)
    0x0800a1e6   0x0800a1e6   0x00000000   Code   RO         6615    .ARM.Collect$$libinit$$00000021  c_w.l(libinit2.o)
    0x0800a1e6   0x0800a1e6   0x00000000   Code   RO         6617    .ARM.Collect$$libinit$$00000023  c_w.l(libinit2.o)
    0x0800a1e6   0x0800a1e6   0x00000000   Code   RO         6619    .ARM.Collect$$libinit$$00000025  c_w.l(libinit2.o)
    0x0800a1e6   0x0800a1e6   0x00000000   Code   RO         6623    .ARM.Collect$$libinit$$0000002C  c_w.l(libinit2.o)
    0x0800a1e6   0x0800a1e6   0x00000000   Code   RO         6625    .ARM.Collect$$libinit$$0000002E  c_w.l(libinit2.o)
    0x0800a1e6   0x0800a1e6   0x00000000   Code   RO         6627    .ARM.Collect$$libinit$$00000030  c_w.l(libinit2.o)
    0x0800a1e6   0x0800a1e6   0x00000000   Code   RO         6629    .ARM.Collect$$libinit$$00000032  c_w.l(libinit2.o)
    0x0800a1e6   0x0800a1e6   0x00000002   Code   RO         6630    .ARM.Collect$$libinit$$00000033  c_w.l(libinit2.o)
    0x0800a1e8   0x0800a1e8   0x00000002   Code   RO         6631    .ARM.Collect$$libshutdown$$00000000  c_w.l(libshutdown.o)
    0x0800a1ea   0x0800a1ea   0x00000000   Code   RO         6669    .ARM.Collect$$libshutdown$$00000002  c_w.l(libshutdown2.o)
    0x0800a1ea   0x0800a1ea   0x00000000   Code   RO         6671    .ARM.Collect$$libshutdown$$00000004  c_w.l(libshutdown2.o)
    0x0800a1ea   0x0800a1ea   0x00000000   Code   RO         6673    .ARM.Collect$$libshutdown$$00000006  c_w.l(libshutdown2.o)
    0x0800a1ea   0x0800a1ea   0x00000000   Code   RO         6676    .ARM.Collect$$libshutdown$$00000009  c_w.l(libshutdown2.o)
    0x0800a1ea   0x0800a1ea   0x00000000   Code   RO         6679    .ARM.Collect$$libshutdown$$0000000C  c_w.l(libshutdown2.o)
    0x0800a1ea   0x0800a1ea   0x00000000   Code   RO         6681    .ARM.Collect$$libshutdown$$0000000E  c_w.l(libshutdown2.o)
    0x0800a1ea   0x0800a1ea   0x00000000   Code   RO         6684    .ARM.Collect$$libshutdown$$00000011  c_w.l(libshutdown2.o)
    0x0800a1ea   0x0800a1ea   0x00000002   Code   RO         6685    .ARM.Collect$$libshutdown$$00000012  c_w.l(libshutdown2.o)
    0x0800a1ec   0x0800a1ec   0x00000000   Code   RO         6475    .ARM.Collect$$rtentry$$00000000  c_w.l(__rtentry.o)
    0x0800a1ec   0x0800a1ec   0x00000000   Code   RO         6516    .ARM.Collect$$rtentry$$00000002  c_w.l(__rtentry2.o)
    0x0800a1ec   0x0800a1ec   0x00000006   Code   RO         6528    .ARM.Collect$$rtentry$$00000004  c_w.l(__rtentry4.o)
    0x0800a1f2   0x0800a1f2   0x00000000   Code   RO         6518    .ARM.Collect$$rtentry$$00000009  c_w.l(__rtentry2.o)
    0x0800a1f2   0x0800a1f2   0x00000004   Code   RO         6519    .ARM.Collect$$rtentry$$0000000A  c_w.l(__rtentry2.o)
    0x0800a1f6   0x0800a1f6   0x00000008   Code   RO         6520    .ARM.Collect$$rtentry$$0000000B  c_w.l(__rtentry2.o)
    0x0800a1fe   0x0800a1fe   0x00000008   Code   RO         6522    .ARM.Collect$$rtentry$$0000000D  c_w.l(__rtentry2.o)
    0x0800a206   0x0800a206   0x00000002   Code   RO         6476    .ARM.Collect$$rtexit$$00000000  c_w.l(rtexit.o)
    0x0800a208   0x0800a208   0x00000000   Code   RO         6531    .ARM.Collect$$rtexit$$00000002  c_w.l(rtexit2.o)
    0x0800a208   0x0800a208   0x00000004   Code   RO         6532    .ARM.Collect$$rtexit$$00000003  c_w.l(rtexit2.o)
    0x0800a20c   0x0800a20c   0x00000006   Code   RO         6533    .ARM.Collect$$rtexit$$00000004  c_w.l(rtexit2.o)
    0x0800a212   0x0800a212   0x00000002   PAD
    0x0800a214   0x0800a214   0x0000001c   Code   RO         1003    .emb_text           rtx_conf_cm.o
    0x0800a230   0x0800a230   0x00000198   Code   RO         6334    .emb_text           RTX_CM4.lib(hal_cm4.o)
    0x0800a3c8   0x0800a3c8   0x00000040   Code   RO         5067    .text               startup_gd32f30x_hd.o
    0x0800a408   0x0800a408   0x00000008   Code   RO         6349    .text               c_w.l(libspace.o)
    0x0800a410   0x0800a410   0x000000ee   Code   RO         6352    .text               c_w.l(lludivv7m.o)
    0x0800a4fe   0x0800a4fe   0x00000002   PAD
    0x0800a500   0x0800a500   0x00000028   Code   RO         6360    .text               c_w.l(noretval__2sprintf.o)
    0x0800a528   0x0800a528   0x0000004e   Code   RO         6364    .text               c_w.l(_printf_pad.o)
    0x0800a576   0x0800a576   0x00000002   PAD
    0x0800a578   0x0800a578   0x00000078   Code   RO         6368    .text               c_w.l(_printf_dec.o)
    0x0800a5f0   0x0800a5f0   0x0000007c   Code   RO         6370    .text               c_w.l(_printf_longlong_dec.o)
    0x0800a66c   0x0800a66c   0x00000058   Code   RO         6375    .text               c_w.l(_printf_hex_int.o)
    0x0800a6c4   0x0800a6c4   0x00000188   Code   RO         6410    .text               c_w.l(__printf_flags_ss_wp.o)
    0x0800a84c   0x0800a84c   0x0000003c   Code   RO         6419    .text               c_w.l(__0sscanf.o)
    0x0800a888   0x0800a888   0x0000014c   Code   RO         6421    .text               c_w.l(_scanf_int.o)
    0x0800a9d4   0x0800a9d4   0x00000012   Code   RO         6423    .text               c_w.l(exit.o)
    0x0800a9e6   0x0800a9e6   0x0000003e   Code   RO         6427    .text               c_w.l(strlen.o)
    0x0800aa24   0x0800aa24   0x00000096   Code   RO         6429    .text               c_w.l(strncmp.o)
    0x0800aaba   0x0800aaba   0x0000008a   Code   RO         6431    .text               c_w.l(rt_memcpy_v6.o)
    0x0800ab44   0x0800ab44   0x00000064   Code   RO         6433    .text               c_w.l(rt_memcpy_w.o)
    0x0800aba8   0x0800aba8   0x00000044   Code   RO         6435    .text               c_w.l(rt_memclr.o)
    0x0800abec   0x0800abec   0x0000004e   Code   RO         6437    .text               c_w.l(rt_memclr_w.o)
    0x0800ac3a   0x0800ac3a   0x00000006   Code   RO         6439    .text               c_w.l(heapauxi.o)
    0x0800ac40   0x0800ac40   0x00000010   Code   RO         6478    .text               c_w.l(rt_ctype_table.o)
    0x0800ac50   0x0800ac50   0x0000008a   Code   RO         6484    .text               c_w.l(lludiv10.o)
    0x0800acda   0x0800acda   0x00000016   Code   RO         6486    .text               c_w.l(_rserrno.o)
    0x0800acf0   0x0800acf0   0x000000b2   Code   RO         6488    .text               c_w.l(_printf_intcommon.o)
    0x0800ada2   0x0800ada2   0x00000002   PAD
    0x0800ada4   0x0800ada4   0x00000030   Code   RO         6490    .text               c_w.l(_printf_char_common.o)
    0x0800add4   0x0800add4   0x0000000a   Code   RO         6492    .text               c_w.l(_sputc.o)
    0x0800adde   0x0800adde   0x0000001c   Code   RO         6498    .text               c_w.l(_chval.o)
    0x0800adfa   0x0800adfa   0x00000002   PAD
    0x0800adfc   0x0800adfc   0x0000002c   Code   RO         6500    .text               c_w.l(scanf_char.o)
    0x0800ae28   0x0800ae28   0x00000040   Code   RO         6502    .text               c_w.l(_sgetc.o)
    0x0800ae68   0x0800ae68   0x000000a4   Code   RO         6504    .text               c_w.l(strtod.o)
    0x0800af0c   0x0800af0c   0x0000000a   Code   RO         6544    .text               c_w.l(rt_locale_twolibspace.o)
    0x0800af16   0x0800af16   0x00000004   Code   RO         6551    .text               c_w.l(rt_errno_addr_twolibspace.o)
    0x0800af1a   0x0800af1a   0x00000012   Code   RO         6553    .text               c_w.l(isspace.o)
    0x0800af2c   0x0800af2c   0x00000374   Code   RO         6557    .text               c_w.l(_scanf.o)
    0x0800b2a0   0x0800b2a0   0x0000000c   Code   RO         6567    .text               c_w.l(sys_exit.o)
    0x0800b2ac   0x0800b2ac   0x0000004a   Code   RO         6569    .text               c_w.l(sys_stackheap_outer.o)
    0x0800b2f6   0x0800b2f6   0x00000002   PAD
    0x0800b2f8   0x0800b2f8   0x000004f8   Code   RO         6571    .text               c_w.l(scanf_fp.o)
    0x0800b7f0   0x0800b7f0   0x00000080   Code   RO         6577    .text               c_w.l(strcmpv7m.o)
    0x0800b870   0x0800b870   0x00000002   Code   RO         6632    .text               c_w.l(use_no_semi.o)
    0x0800b872   0x0800b872   0x00000000   Code   RO         6634    .text               c_w.l(indicate_semi.o)
    0x0800b872   0x0800b872   0x00000002   PAD
    0x0800b874   0x0800b874   0x000000e4   Code   RO         6637    .text               c_w.l(bigflt0.o)
    0x0800b958   0x0800b958   0x00000320   Code   RO         6708    .text               c_w.l(scanf_hexfp.o)
    0x0800bc78   0x0800bc78   0x00000134   Code   RO         6710    .text               c_w.l(scanf_infnan.o)
    0x0800bdac   0x0800bdac   0x00000026   Code   RO         6734    .text               c_w.l(llshl.o)
    0x0800bdd2   0x0800bdd2   0x00000338   Code   RO         6650    CL$$btod_div_common  c_w.l(btod.o)
    0x0800c10a   0x0800c10a   0x00000002   PAD
    0x0800c10c   0x0800c10c   0x00000084   Code   RO         6648    CL$$btod_e2d        c_w.l(btod.o)
    0x0800c190   0x0800c190   0x000000dc   Code   RO         6647    CL$$btod_e2e        c_w.l(btod.o)
    0x0800c26c   0x0800c26c   0x0000002a   Code   RO         6644    CL$$btod_ediv       c_w.l(btod.o)
    0x0800c296   0x0800c296   0x0000002a   Code   RO         6646    CL$$btod_edivd      c_w.l(btod.o)
    0x0800c2c0   0x0800c2c0   0x0000002a   Code   RO         6643    CL$$btod_emul       c_w.l(btod.o)
    0x0800c2ea   0x0800c2ea   0x0000002a   Code   RO         6645    CL$$btod_emuld      c_w.l(btod.o)
    0x0800c314   0x0800c314   0x00000244   Code   RO         6649    CL$$btod_mult_common  c_w.l(btod.o)
    0x0800c558   0x0800c558   0x00000004   Code   RO         6344    SVC_TABLE           RTX_CM4.lib(svc_table.o)
    0x0800c55c   0x0800c55c   0x00000178   Code   RO          460    i.ADC_Initialize    power.o
    0x0800c6d4   0x0800c6d4   0x0000008c   Code   RO          461    i.ADC_ReadFuelValue  power.o
    0x0800c760   0x0800c760   0x00000078   Code   RO          462    i.ADC_fillter_values  power.o
    0x0800c7d8   0x0800c7d8   0x00000046   Code   RO          717    i.ArraySort         utils.o
    0x0800c81e   0x0800c81e   0x00000002   PAD
    0x0800c820   0x0800c820   0x00000078   Code   RO          463    i.BAT_fillter_values  power.o
    0x0800c898   0x0800c898   0x00000038   Code   RO          346    i.Buzz_Off          interface.o
    0x0800c8d0   0x0800c8d0   0x0000002c   Code   RO          347    i.Buzz_On           interface.o
    0x0800c8fc   0x0800c8fc   0x00000054   Code   RO          718    i.CLS2_check_mes    utils.o
    0x0800c950   0x0800c950   0x00000020   Code   RO          719    i.CRC_8BitsCompute  utils.o
    0x0800c970   0x0800c970   0x00000020   Code   RO          464    i.DMA0_Channel0_IRQHandler  power.o
    0x0800c990   0x0800c990   0x00000030   Code   RO          465    i.EC21_PW_Reset     power.o
    0x0800c9c0   0x0800c9c0   0x00000174   Code   RO          557    i.EC21_data_parser  serial.o
    0x0800cb34   0x0800cb34   0x00000006   Code   RO          287    i.FLASH_ReadData    flash.o
    0x0800cb3a   0x0800cb3a   0x00000002   PAD
    0x0800cb3c   0x0800cb3c   0x00000084   Code   RO          288    i.FLASH_WriteData   flash.o
    0x0800cbc0   0x0800cbc0   0x00000040   Code   RO          886    i.FindFaultCodeODB  canbus.o
    0x0800cc00   0x0800cc00   0x0000004c   Code   RO          184    i.FuelTimeoutHanler  digital.o
    0x0800cc4c   0x0800cc4c   0x0000011c   Code   RO          185    i.Fuel_232_parse    digital.o
    0x0800cd68   0x0800cd68   0x000000c0   Code   RO          348    i.GPIO_Initialize   interface.o
    0x0800ce28   0x0800ce28   0x0000002a   Code   RO            4    i.IWDG_Start        main.o
    0x0800ce52   0x0800ce52   0x00000014   Code   RO          693    i.Init_Thread       thread.o
    0x0800ce66   0x0800ce66   0x00000002   PAD
    0x0800ce68   0x0800ce68   0x00000028   Code   RO          349    i.Interface_Init    interface.o
    0x0800ce90   0x0800ce90   0x00000434   Code   RO          887    i.J1939Handler      canbus.o
    0x0800d2c4   0x0800d2c4   0x000003ac   Code   RO          350    i.LedAndBuzzerControl  interface.o
    0x0800d670   0x0800d670   0x00000040   Code   RO          351    i.Led_Off           interface.o
    0x0800d6b0   0x0800d6b0   0x00000040   Code   RO          352    i.Led_On            interface.o
    0x0800d6f0   0x0800d6f0   0x00000214   Code   RO          889    i.ODBIIHandler      canbus.o
    0x0800d904   0x0800d904   0x000000cc   Code   RO          466    i.PW_Control_init   power.o
    0x0800d9d0   0x0800d9d0   0x0000002c   Code   RO          467    i.Power_Init        power.o
    0x0800d9fc   0x0800d9fc   0x00000034   Code   RO          559    i.SerialPushBuffer  serial.o
    0x0800da30   0x0800da30   0x00000022   Code   RO          560    i.SerialPushBufferWithCS  serial.o
    0x0800da52   0x0800da52   0x00000002   PAD
    0x0800da54   0x0800da54   0x00000014   Code   RO          561    i.SerialPushByte    serial.o
    0x0800da68   0x0800da68   0x0000002c   Code   RO          562    i.SerialPushInt     serial.o
    0x0800da94   0x0800da94   0x00000074   Code   RO          563    i.SerialPushStr     serial.o
    0x0800db08   0x0800db08   0x00000094   Code   RO          564    i.SerialUARTInit    serial.o
    0x0800db9c   0x0800db9c   0x0000008c   Code   RO          565    i.Serial_Init       serial.o
    0x0800dc28   0x0800dc28   0x0000012c   Code   RO          566    i.Serial_Parse      serial.o
    0x0800dd54   0x0800dd54   0x00000040   Code   RO          567    i.SerialkgBufferPush  serial.o
    0x0800dd94   0x0800dd94   0x00000028   Code   RO          568    i.SerialrxBufferPush  serial.o
    0x0800ddbc   0x0800ddbc   0x00000030   Code   RO          353    i.Set_Led_Status    interface.o
    0x0800ddec   0x0800ddec   0x000000b0   Code   RO          892    i.StoreFaultCode    canbus.o
    0x0800de9c   0x0800de9c   0x0000019c   Code   RO          893    i.StoreFaultCodeODBII  canbus.o
    0x0800e038   0x0800e038   0x0000005c   Code   RO         5075    i.SystemInit        system_gd32f30x.o
    0x0800e094   0x0800e094   0x0000004c   Code   RO          354    i.TIMER5_IRQHandler  interface.o
    0x0800e0e0   0x0800e0e0   0x000000ac   Code   RO          186    i.UART3Init         digital.o
    0x0800e18c   0x0800e18c   0x00000020   Code   RO          187    i.UART3PushBuffer   digital.o
    0x0800e1ac   0x0800e1ac   0x0000003c   Code   RO          188    i.UART3_IRQHandler  digital.o
    0x0800e1e8   0x0800e1e8   0x00000050   Code   RO          569    i.UART_SendByte     serial.o
    0x0800e238   0x0800e238   0x0000003c   Code   RO          570    i.USART0_IRQHandler  serial.o
    0x0800e274   0x0800e274   0x00000088   Code   RO          189    i.USART1Init        digital.o
    0x0800e2fc   0x0800e2fc   0x00000020   Code   RO          190    i.USART1PushBuffer  digital.o
    0x0800e31c   0x0800e31c   0x0000003c   Code   RO          191    i.USART1_IRQHandler  digital.o
    0x0800e358   0x0800e358   0x00000048   Code   RO          894    i.USBD_LP_CAN0_RX0_IRQHandler  canbus.o
    0x0800e3a0   0x0800e3a0   0x0000000a   Code   RO          355    i.UserTimerHanler   interface.o
    0x0800e3aa   0x0800e3aa   0x00000002   PAD
    0x0800e3ac   0x0800e3ac   0x00000050   Code   RO          356    i.UserTimer_Init    interface.o
    0x0800e3fc   0x0800e3fc   0x00000024   Code   RO          289    i.__NVIC_DisableIRQ  flash.o
    0x0800e420   0x0800e420   0x00000022   Code   RO          290    i.__NVIC_EnableIRQ  flash.o
    0x0800e442   0x0800e442   0x00000006   PAD
    0x0800e448   0x0800e448   0x000000f8   Code   RO         6700    i.__hardfp___mathlib_tofloat  m_wm.l(narrow.o)
    0x0800e540   0x0800e540   0x00000038   Code   RO         6469    i.__hardfp_atof     m_wm.l(atof.o)
    0x0800e578   0x0800e578   0x000000d0   Code   RO         6744    i.__hardfp_ldexp    m_wm.l(ldexp.o)
    0x0800e648   0x0800e648   0x00000020   Code   RO         6782    i.__mathlib_dbl_overflow  m_wm.l(dunder.o)
    0x0800e668   0x0800e668   0x00000020   Code   RO         6784    i.__mathlib_dbl_underflow  m_wm.l(dunder.o)
    0x0800e688   0x0800e688   0x00000012   Code   RO         6701    i.__mathlib_narrow  m_wm.l(narrow.o)
    0x0800e69a   0x0800e69a   0x00000014   Code   RO         6746    i.__support_ldexp   m_wm.l(ldexp.o)
    0x0800e6ae   0x0800e6ae   0x00000002   PAD
    0x0800e6b0   0x0800e6b0   0x0000002c   Code   RO         1004    i.__user_perthread_libspace  rtx_conf_cm.o
    0x0800e6dc   0x0800e6dc   0x00000046   Code   RO         6228    i._init_box         RTX_CM4.lib(rt_membox.o)
    0x0800e722   0x0800e722   0x0000000e   Code   RO         6403    i._is_digit         c_w.l(__printf_wp.o)
    0x0800e730   0x0800e730   0x00000020   Code   RO         1005    i._mutex_acquire    rtx_conf_cm.o
    0x0800e750   0x0800e750   0x0000001c   Code   RO         1007    i._mutex_release    rtx_conf_cm.o
    0x0800e76c   0x0800e76c   0x0000002a   Code   RO         1064    i.adc_calibration_enable  gd32f30x_adc.o
    0x0800e796   0x0800e796   0x00000046   Code   RO         1065    i.adc_channel_length_config  gd32f30x_adc.o
    0x0800e7dc   0x0800e7dc   0x00000016   Code   RO         1066    i.adc_data_alignment_config  gd32f30x_adc.o
    0x0800e7f2   0x0800e7f2   0x0000000a   Code   RO         1071    i.adc_dma_mode_enable  gd32f30x_adc.o
    0x0800e7fc   0x0800e7fc   0x00000012   Code   RO         1072    i.adc_enable        gd32f30x_adc.o
    0x0800e80e   0x0800e80e   0x0000003e   Code   RO         1073    i.adc_external_trigger_config  gd32f30x_adc.o
    0x0800e84c   0x0800e84c   0x00000030   Code   RO         1074    i.adc_external_trigger_source_config  gd32f30x_adc.o
    0x0800e87c   0x0800e87c   0x0000001c   Code   RO         1084    i.adc_mode_config   gd32f30x_adc.o
    0x0800e898   0x0800e898   0x000000ac   Code   RO         1088    i.adc_regular_channel_config  gd32f30x_adc.o
    0x0800e944   0x0800e944   0x0000001e   Code   RO         1091    i.adc_software_trigger_enable  gd32f30x_adc.o
    0x0800e962   0x0800e962   0x0000005a   Code   RO         1092    i.adc_special_function_config  gd32f30x_adc.o
    0x0800e9bc   0x0800e9bc   0x0000001a   Code   RO         1451    i.can_interrupt_flag_clear  gd32f30x_can.o
    0x0800e9d6   0x0800e9d6   0x00000034   Code   RO         1452    i.can_interrupt_flag_get  gd32f30x_can.o
    0x0800ea0a   0x0800ea0a   0x000000e4   Code   RO         1453    i.can_message_receive  gd32f30x_can.o
    0x0800eaee   0x0800eaee   0x00000002   PAD
    0x0800eaf0   0x0800eaf0   0x00000030   Code   RO         6281    i.dbg_init          RTX_CM4.lib(hal_cm.o)
    0x0800eb20   0x0800eb20   0x00000020   Code   RO         6282    i.dbg_task_notify   RTX_CM4.lib(hal_cm.o)
    0x0800eb40   0x0800eb40   0x00000010   Code   RO         6283    i.dbg_task_switch   RTX_CM4.lib(hal_cm.o)
    0x0800eb50   0x0800eb50   0x0000000c   Code   RO          468    i.device_battery_off  power.o
    0x0800eb5c   0x0800eb5c   0x00000016   Code   RO          291    i.disable_irqn      flash.o
    0x0800eb72   0x0800eb72   0x00000032   Code   RO         2046    i.dma_channel_enable  gd32f30x_dma.o
    0x0800eba4   0x0800eba4   0x00000032   Code   RO         2048    i.dma_circulation_enable  gd32f30x_dma.o
    0x0800ebd6   0x0800ebd6   0x00000070   Code   RO         2049    i.dma_deinit        gd32f30x_dma.o
    0x0800ec46   0x0800ec46   0x0000012e   Code   RO         2052    i.dma_init          gd32f30x_dma.o
    0x0800ed74   0x0800ed74   0x00000032   Code   RO         2054    i.dma_interrupt_enable  gd32f30x_dma.o
    0x0800eda6   0x0800eda6   0x00000010   Code   RO         2055    i.dma_interrupt_flag_clear  gd32f30x_dma.o
    0x0800edb6   0x0800edb6   0x00000082   Code   RO         2056    i.dma_interrupt_flag_get  gd32f30x_dma.o
    0x0800ee38   0x0800ee38   0x00000018   Code   RO         2064    i.dma_periph_and_channel_check  gd32f30x_dma.o
    0x0800ee50   0x0800ee50   0x0000000c   Code   RO          469    i.ec21_power_rst    power.o
    0x0800ee5c   0x0800ee5c   0x00000016   Code   RO          292    i.enable_irqn       flash.o
    0x0800ee72   0x0800ee72   0x00000002   PAD
    0x0800ee74   0x0800ee74   0x00000058   Code   RO          895    i.findFaultCode     canbus.o
    0x0800eecc   0x0800eecc   0x00000022   Code   RO         2567    i.fmc_bank0_ready_wait  gd32f30x_fmc.o
    0x0800eeee   0x0800eeee   0x00000002   PAD
    0x0800eef0   0x0800eef0   0x00000030   Code   RO         2568    i.fmc_bank0_state_get  gd32f30x_fmc.o
    0x0800ef20   0x0800ef20   0x00000022   Code   RO         2572    i.fmc_bank1_ready_wait  gd32f30x_fmc.o
    0x0800ef42   0x0800ef42   0x00000002   PAD
    0x0800ef44   0x0800ef44   0x00000030   Code   RO         2573    i.fmc_bank1_state_get  gd32f30x_fmc.o
    0x0800ef74   0x0800ef74   0x00000020   Code   RO         2575    i.fmc_flag_clear    gd32f30x_fmc.o
    0x0800ef94   0x0800ef94   0x0000002c   Code   RO         2582    i.fmc_lock          gd32f30x_fmc.o
    0x0800efc0   0x0800efc0   0x000000ec   Code   RO         2584    i.fmc_page_erase    gd32f30x_fmc.o
    0x0800f0ac   0x0800f0ac   0x00000044   Code   RO         2585    i.fmc_unlock        gd32f30x_fmc.o
    0x0800f0f0   0x0800f0f0   0x000000c0   Code   RO         2586    i.fmc_word_program  gd32f30x_fmc.o
    0x0800f1b0   0x0800f1b0   0x0000008c   Code   RO         6724    i.frexp             m_wm.l(frexp.o)
    0x0800f23c   0x0800f23c   0x00000068   Code   RO         2793    i.fwdgt_config      gd32f30x_fwdgt.o
    0x0800f2a4   0x0800f2a4   0x00000010   Code   RO         2794    i.fwdgt_counter_reload  gd32f30x_fwdgt.o
    0x0800f2b4   0x0800f2b4   0x00000010   Code   RO         2795    i.fwdgt_enable      gd32f30x_fwdgt.o
    0x0800f2c4   0x0800f2c4   0x000001b0   Code   RO          470    i.get_adc_values    power.o
    0x0800f474   0x0800f474   0x0000000c   Code   RO          357    i.get_buzer_state   interface.o
    0x0800f480   0x0800f480   0x0000001c   Code   RO          358    i.get_buzzer_disable  interface.o
    0x0800f49c   0x0800f49c   0x0000003c   Code   RO          359    i.get_buzzer_period  interface.o
    0x0800f4d8   0x0800f4d8   0x00000004   Code   RO         2848    i.gpio_bit_reset    gd32f30x_gpio.o
    0x0800f4dc   0x0800f4dc   0x00000004   Code   RO         2849    i.gpio_bit_set      gd32f30x_gpio.o
    0x0800f4e0   0x0800f4e0   0x000000a4   Code   RO         2858    i.gpio_init         gd32f30x_gpio.o
    0x0800f584   0x0800f584   0x00000010   Code   RO         2859    i.gpio_input_bit_get  gd32f30x_gpio.o
    0x0800f594   0x0800f594   0x00000044   Code   RO          360    i.irqTimer_Init     interface.o
    0x0800f5d8   0x0800f5d8   0x0000001c   Code   RO          361    i.is_buzz_disable   interface.o
    0x0800f5f4   0x0800f5f4   0x0000002a   Code   RO         5134    i.isrMessageGet     RTX_CM4.lib(rt_cmsis.o)
    0x0800f61e   0x0800f61e   0x0000002c   Code   RO         5135    i.isrMessagePut     RTX_CM4.lib(rt_cmsis.o)
    0x0800f64a   0x0800f64a   0x00000028   Code   RO         5136    i.isrSemaphoreRelease  RTX_CM4.lib(rt_cmsis.o)
    0x0800f672   0x0800f672   0x00000002   PAD
    0x0800f674   0x0800f674   0x00000056   Code   RO         6083    i.isr_mbx_receive   RTX_CM4.lib(rt_mailbox.o)
    0x0800f6ca   0x0800f6ca   0x0000000e   Code   RO         6084    i.isr_mbx_send      RTX_CM4.lib(rt_mailbox.o)
    0x0800f6d8   0x0800f6d8   0x00000010   Code   RO         6131    i.isr_sem_send      RTX_CM4.lib(rt_semaphore.o)
    0x0800f6e8   0x0800f6e8   0x0000009c   Code   RO          571    i.load_mcu_config   serial.o
    0x0800f784   0x0800f784   0x00000034   Code   RO            6    i.main              main.o
    0x0800f7b8   0x0800f7b8   0x00000018   Code   RO         3177    i.nvic_irq_disable  gd32f30x_misc.o
    0x0800f7d0   0x0800f7d0   0x000000c4   Code   RO         3178    i.nvic_irq_enable   gd32f30x_misc.o
    0x0800f894   0x0800f894   0x00000014   Code   RO         3179    i.nvic_priority_group_set  gd32f30x_misc.o
    0x0800f8a8   0x0800f8a8   0x00000018   Code   RO         5138    i.osDelay           RTX_CM4.lib(rt_cmsis.o)
    0x0800f8c0   0x0800f8c0   0x00000024   Code   RO         5139    i.osKernelInitialize  RTX_CM4.lib(rt_cmsis.o)
    0x0800f8e4   0x0800f8e4   0x0000006c   Code   RO         5141    i.osKernelStart     RTX_CM4.lib(rt_cmsis.o)
    0x0800f950   0x0800f950   0x00000018   Code   RO         5142    i.osKernelSysTick   RTX_CM4.lib(rt_cmsis.o)
    0x0800f968   0x0800f968   0x0000001c   Code   RO         5143    i.osMailAlloc       RTX_CM4.lib(rt_cmsis.o)
    0x0800f984   0x0800f984   0x0000002c   Code   RO         5145    i.osMailCreate      RTX_CM4.lib(rt_cmsis.o)
    0x0800f9b0   0x0800f9b0   0x0000001c   Code   RO         5146    i.osMailFree        RTX_CM4.lib(rt_cmsis.o)
    0x0800f9cc   0x0800f9cc   0x00000016   Code   RO         5147    i.osMailGet         RTX_CM4.lib(rt_cmsis.o)
    0x0800f9e2   0x0800f9e2   0x00000014   Code   RO         5148    i.osMailPut         RTX_CM4.lib(rt_cmsis.o)
    0x0800f9f6   0x0800f9f6   0x00000002   PAD
    0x0800f9f8   0x0800f9f8   0x0000002c   Code   RO         5149    i.osMessageCreate   RTX_CM4.lib(rt_cmsis.o)
    0x0800fa24   0x0800fa24   0x00000018   Code   RO         5150    i.osMessageGet      RTX_CM4.lib(rt_cmsis.o)
    0x0800fa3c   0x0800fa3c   0x00000018   Code   RO         5151    i.osMessagePut      RTX_CM4.lib(rt_cmsis.o)
    0x0800fa54   0x0800fa54   0x0000002c   Code   RO         5160    i.osSemaphoreCreate  RTX_CM4.lib(rt_cmsis.o)
    0x0800fa80   0x0800fa80   0x00000018   Code   RO         5162    i.osSemaphoreRelease  RTX_CM4.lib(rt_cmsis.o)
    0x0800fa98   0x0800fa98   0x00000018   Code   RO         5163    i.osSemaphoreWait   RTX_CM4.lib(rt_cmsis.o)
    0x0800fab0   0x0800fab0   0x0000002c   Code   RO         5167    i.osThreadCreate    RTX_CM4.lib(rt_cmsis.o)
    0x0800fadc   0x0800fadc   0x00000018   Code   RO         5168    i.osThreadExit      RTX_CM4.lib(rt_cmsis.o)
    0x0800faf4   0x0800faf4   0x00000018   Code   RO         5173    i.osThreadYield     RTX_CM4.lib(rt_cmsis.o)
    0x0800fb0c   0x0800fb0c   0x0000000c   Code   RO         5174    i.osTimerCall       RTX_CM4.lib(rt_cmsis.o)
    0x0800fb18   0x0800fb18   0x0000002c   Code   RO         5175    i.osTimerCreate     RTX_CM4.lib(rt_cmsis.o)
    0x0800fb44   0x0800fb44   0x00000018   Code   RO         5177    i.osTimerStart      RTX_CM4.lib(rt_cmsis.o)
    0x0800fb5c   0x0800fb5c   0x0000002c   Code   RO         5179    i.osTimerThread     RTX_CM4.lib(rt_cmsis.o)
    0x0800fb88   0x0800fb88   0x00000022   Code   RO         1008    i.os_error          rtx_conf_cm.o
    0x0800fbaa   0x0800fbaa   0x00000004   Code   RO         1009    i.os_idle_demon     rtx_conf_cm.o
    0x0800fbae   0x0800fbae   0x00000002   PAD
    0x0800fbb0   0x0800fbb0   0x00000028   Code   RO         5875    i.os_tick_init      RTX_CM4.lib(rt_system.o)
    0x0800fbd8   0x0800fbd8   0x00000002   Code   RO         5876    i.os_tick_irqack    RTX_CM4.lib(rt_system.o)
    0x0800fbda   0x0800fbda   0x00000002   PAD
    0x0800fbdc   0x0800fbdc   0x00000010   Code   RO         5877    i.os_tick_ovf       RTX_CM4.lib(rt_system.o)
    0x0800fbec   0x0800fbec   0x00000014   Code   RO         5878    i.os_tick_val       RTX_CM4.lib(rt_system.o)
    0x0800fc00   0x0800fc00   0x0000006c   Code   RO         3375    i.rcu_adc_clock_config  gd32f30x_rcu.o
    0x0800fc6c   0x0800fc6c   0x00000158   Code   RO         3384    i.rcu_clock_freq_get  gd32f30x_rcu.o
    0x0800fdc4   0x0800fdc4   0x00000024   Code   RO         3387    i.rcu_flag_get      gd32f30x_rcu.o
    0x0800fde8   0x0800fde8   0x00000020   Code   RO         3399    i.rcu_osci_on       gd32f30x_rcu.o
    0x0800fe08   0x0800fe08   0x00000110   Code   RO         3400    i.rcu_osci_stab_wait  gd32f30x_rcu.o
    0x0800ff18   0x0800ff18   0x00000020   Code   RO         3402    i.rcu_periph_clock_enable  gd32f30x_rcu.o
    0x0800ff38   0x0800ff38   0x00000020   Code   RO         3405    i.rcu_periph_reset_disable  gd32f30x_rcu.o
    0x0800ff58   0x0800ff58   0x00000020   Code   RO         3406    i.rcu_periph_reset_enable  gd32f30x_rcu.o
    0x0800ff78   0x0800ff78   0x000000c8   Code   RO          192    i.rs232_init        digital.o
    0x08010040   0x08010040   0x0000001a   Code   RO         6229    i.rt_alloc_box      RTX_CM4.lib(rt_membox.o)
    0x0801005a   0x0801005a   0x0000003e   Code   RO         6257    i.rt_alloc_mem      RTX_CM4.lib(rt_memory.o)
    0x08010098   0x08010098   0x00000038   Code   RO         5756    i.rt_block          RTX_CM4.lib(rt_task.o)
    0x080100d0   0x080100d0   0x00000048   Code   RO         6206    i.rt_chk_robin      RTX_CM4.lib(rt_robin.o)
    0x08010118   0x08010118   0x00000070   Code   RO         6007    i.rt_dec_dly        RTX_CM4.lib(rt_list.o)
    0x08010188   0x08010188   0x00000044   Code   RO         5757    i.rt_dispatch       RTX_CM4.lib(rt_task.o)
    0x080101cc   0x080101cc   0x00000006   Code   RO         6173    i.rt_dly_wait       RTX_CM4.lib(rt_time.o)
    0x080101d2   0x080101d2   0x00000002   PAD
    0x080101d4   0x080101d4   0x00000050   Code   RO         5968    i.rt_evt_psh        RTX_CM4.lib(rt_event.o)
    0x08010224   0x08010224   0x0000002c   Code   RO         6230    i.rt_free_box       RTX_CM4.lib(rt_membox.o)
    0x08010250   0x08010250   0x00000028   Code   RO         6258    i.rt_free_mem       RTX_CM4.lib(rt_memory.o)
    0x08010278   0x08010278   0x00000028   Code   RO         6008    i.rt_get_first      RTX_CM4.lib(rt_list.o)
    0x080102a0   0x080102a0   0x00000024   Code   RO         6009    i.rt_get_same_rdy_prio  RTX_CM4.lib(rt_list.o)
    0x080102c4   0x080102c4   0x00000008   Code   RO         5184    i.rt_id2obj         RTX_CM4.lib(rt_cmsis.o)
    0x080102cc   0x080102cc   0x00000048   Code   RO         5758    i.rt_init_context   RTX_CM4.lib(rt_task.o)
    0x08010314   0x08010314   0x0000001a   Code   RO         6259    i.rt_init_mem       RTX_CM4.lib(rt_memory.o)
    0x0801032e   0x0801032e   0x00000002   PAD
    0x08010330   0x08010330   0x00000018   Code   RO         6207    i.rt_init_robin     RTX_CM4.lib(rt_robin.o)
    0x08010348   0x08010348   0x00000080   Code   RO         6284    i.rt_init_stack     RTX_CM4.lib(hal_cm.o)
    0x080103c8   0x080103c8   0x00000008   Code   RO         6085    i.rt_mbx_check      RTX_CM4.lib(rt_mailbox.o)
    0x080103d0   0x080103d0   0x0000001a   Code   RO         6086    i.rt_mbx_init       RTX_CM4.lib(rt_mailbox.o)
    0x080103ea   0x080103ea   0x00000002   PAD
    0x080103ec   0x080103ec   0x000000f0   Code   RO         6087    i.rt_mbx_psh        RTX_CM4.lib(rt_mailbox.o)
    0x080104dc   0x080104dc   0x00000098   Code   RO         6088    i.rt_mbx_send       RTX_CM4.lib(rt_mailbox.o)
    0x08010574   0x08010574   0x000000b4   Code   RO         6089    i.rt_mbx_wait       RTX_CM4.lib(rt_mailbox.o)
    0x08010628   0x08010628   0x00000044   Code   RO         5185    i.rt_ms2tick        RTX_CM4.lib(rt_cmsis.o)
    0x0801066c   0x0801066c   0x000000d8   Code   RO         5842    i.rt_mut_release    RTX_CM4.lib(rt_mutex.o)
    0x08010744   0x08010744   0x00000078   Code   RO         5843    i.rt_mut_wait       RTX_CM4.lib(rt_mutex.o)
    0x080107bc   0x080107bc   0x0000007c   Code   RO         5879    i.rt_pop_req        RTX_CM4.lib(rt_system.o)
    0x08010838   0x08010838   0x00000020   Code   RO         5880    i.rt_psh_req        RTX_CM4.lib(rt_system.o)
    0x08010858   0x08010858   0x0000005c   Code   RO         6010    i.rt_psq_enq        RTX_CM4.lib(rt_list.o)
    0x080108b4   0x080108b4   0x00000048   Code   RO         6011    i.rt_put_dly        RTX_CM4.lib(rt_list.o)
    0x080108fc   0x080108fc   0x00000036   Code   RO         6012    i.rt_put_prio       RTX_CM4.lib(rt_list.o)
    0x08010932   0x08010932   0x00000002   PAD
    0x08010934   0x08010934   0x00000014   Code   RO         6013    i.rt_put_rdy_first  RTX_CM4.lib(rt_list.o)
    0x08010948   0x08010948   0x00000034   Code   RO         6014    i.rt_resort_prio    RTX_CM4.lib(rt_list.o)
    0x0801097c   0x0801097c   0x00000010   Code   RO         6285    i.rt_ret_regs       RTX_CM4.lib(hal_cm.o)
    0x0801098c   0x0801098c   0x0000000c   Code   RO         6286    i.rt_ret_val        RTX_CM4.lib(hal_cm.o)
    0x08010998   0x08010998   0x00000010   Code   RO         6287    i.rt_ret_val2       RTX_CM4.lib(hal_cm.o)
    0x080109a8   0x080109a8   0x00000028   Code   RO         6015    i.rt_rmv_dly        RTX_CM4.lib(rt_list.o)
    0x080109d0   0x080109d0   0x00000030   Code   RO         6016    i.rt_rmv_list       RTX_CM4.lib(rt_list.o)
    0x08010a00   0x08010a00   0x0000000c   Code   RO         6133    i.rt_sem_init       RTX_CM4.lib(rt_semaphore.o)
    0x08010a0c   0x08010a0c   0x00000034   Code   RO         6134    i.rt_sem_psh        RTX_CM4.lib(rt_semaphore.o)
    0x08010a40   0x08010a40   0x0000002a   Code   RO         6135    i.rt_sem_send       RTX_CM4.lib(rt_semaphore.o)
    0x08010a6a   0x08010a6a   0x00000002   PAD
    0x08010a6c   0x08010a6c   0x00000040   Code   RO         6136    i.rt_sem_wait       RTX_CM4.lib(rt_semaphore.o)
    0x08010aac   0x08010aac   0x00000024   Code   RO         5882    i.rt_stk_check      RTX_CM4.lib(rt_system.o)
    0x08010ad0   0x08010ad0   0x00000028   Code   RO         5759    i.rt_switch_req     RTX_CM4.lib(rt_task.o)
    0x08010af8   0x08010af8   0x000000cc   Code   RO         5760    i.rt_sys_init       RTX_CM4.lib(rt_task.o)
    0x08010bc4   0x08010bc4   0x00000078   Code   RO         5761    i.rt_sys_start      RTX_CM4.lib(rt_task.o)
    0x08010c3c   0x08010c3c   0x00000040   Code   RO         5884    i.rt_systick        RTX_CM4.lib(rt_system.o)
    0x08010c7c   0x08010c7c   0x00000012   Code   RO         5186    i.rt_tid2ptcb       RTX_CM4.lib(rt_cmsis.o)
    0x08010c8e   0x08010c8e   0x00000002   PAD
    0x08010c90   0x08010c90   0x00000034   Code   RO         5187    i.rt_timer_insert   RTX_CM4.lib(rt_cmsis.o)
    0x08010cc4   0x08010cc4   0x0000003c   Code   RO         5188    i.rt_timer_remove   RTX_CM4.lib(rt_cmsis.o)
    0x08010d00   0x08010d00   0x00000088   Code   RO         5762    i.rt_tsk_create     RTX_CM4.lib(rt_task.o)
    0x08010d88   0x08010d88   0x0000017c   Code   RO         5763    i.rt_tsk_delete     RTX_CM4.lib(rt_task.o)
    0x08010f04   0x08010f04   0x00000030   Code   RO         5764    i.rt_tsk_pass       RTX_CM4.lib(rt_task.o)
    0x08010f34   0x08010f34   0x0000007c   Code   RO         5765    i.rt_tsk_prio       RTX_CM4.lib(rt_task.o)
    0x08010fb0   0x08010fb0   0x00000010   Code   RO         5766    i.rt_tsk_self       RTX_CM4.lib(rt_task.o)
    0x08010fc0   0x08010fc0   0x0000021c   Code   RO          572    i.serial_report_data  serial.o
    0x080111dc   0x080111dc   0x00000042   Code   RO          735    i.str_trim          utils.o
    0x0801121e   0x0801121e   0x00000012   Code   RO         5189    i.svcDelay          RTX_CM4.lib(rt_cmsis.o)
    0x08011230   0x08011230   0x00000070   Code   RO         5190    i.svcKernelInitialize  RTX_CM4.lib(rt_cmsis.o)
    0x080112a0   0x080112a0   0x00000048   Code   RO         5192    i.svcKernelStart    RTX_CM4.lib(rt_cmsis.o)
    0x080112e8   0x080112e8   0x00000038   Code   RO         5193    i.svcKernelSysTick  RTX_CM4.lib(rt_cmsis.o)
    0x08011320   0x08011320   0x00000042   Code   RO         5194    i.svcMailCreate     RTX_CM4.lib(rt_cmsis.o)
    0x08011362   0x08011362   0x00000024   Code   RO         5195    i.svcMessageCreate  RTX_CM4.lib(rt_cmsis.o)
    0x08011386   0x08011386   0x0000003a   Code   RO         5196    i.svcMessageGet     RTX_CM4.lib(rt_cmsis.o)
    0x080113c0   0x080113c0   0x00000036   Code   RO         5197    i.svcMessagePut     RTX_CM4.lib(rt_cmsis.o)
    0x080113f6   0x080113f6   0x00000024   Code   RO         5203    i.svcSemaphoreCreate  RTX_CM4.lib(rt_cmsis.o)
    0x0801141a   0x0801141a   0x00000028   Code   RO         5205    i.svcSemaphoreRelease  RTX_CM4.lib(rt_cmsis.o)
    0x08011442   0x08011442   0x00000032   Code   RO         5206    i.svcSemaphoreWait  RTX_CM4.lib(rt_cmsis.o)
    0x08011474   0x08011474   0x0000006c   Code   RO         5210    i.svcThreadCreate   RTX_CM4.lib(rt_cmsis.o)
    0x080114e0   0x080114e0   0x0000001c   Code   RO         5211    i.svcThreadGetId    RTX_CM4.lib(rt_cmsis.o)
    0x080114fc   0x080114fc   0x00000038   Code   RO         5214    i.svcThreadTerminate  RTX_CM4.lib(rt_cmsis.o)
    0x08011534   0x08011534   0x0000000a   Code   RO         5215    i.svcThreadYield    RTX_CM4.lib(rt_cmsis.o)
    0x0801153e   0x0801153e   0x00000018   Code   RO         5216    i.svcTimerCall      RTX_CM4.lib(rt_cmsis.o)
    0x08011556   0x08011556   0x00000002   PAD
    0x08011558   0x08011558   0x00000038   Code   RO         5217    i.svcTimerCreate    RTX_CM4.lib(rt_cmsis.o)
    0x08011590   0x08011590   0x00000064   Code   RO         5219    i.svcTimerStart     RTX_CM4.lib(rt_cmsis.o)
    0x080115f4   0x080115f4   0x00000058   Code   RO         5221    i.sysMailAlloc      RTX_CM4.lib(rt_cmsis.o)
    0x0801164c   0x0801164c   0x00000060   Code   RO         5222    i.sysMailFree       RTX_CM4.lib(rt_cmsis.o)
    0x080116ac   0x080116ac   0x0000005c   Code   RO         5225    i.sysTimerTick      RTX_CM4.lib(rt_cmsis.o)
    0x08011708   0x08011708   0x00000110   Code   RO         5076    i.system_clock_120m_hxtal  system_gd32f30x.o
    0x08011818   0x08011818   0x00000008   Code   RO         5077    i.system_clock_config  system_gd32f30x.o
    0x08011820   0x08011820   0x000000dc   Code   RO         4297    i.timer_deinit      gd32f30x_timer.o
    0x080118fc   0x080118fc   0x0000000a   Code   RO         4298    i.timer_disable     gd32f30x_timer.o
    0x08011906   0x08011906   0x0000000a   Code   RO         4302    i.timer_enable      gd32f30x_timer.o
    0x08011910   0x08011910   0x00000098   Code   RO         4312    i.timer_init        gd32f30x_timer.o
    0x080119a8   0x080119a8   0x00000008   Code   RO         4318    i.timer_interrupt_disable  gd32f30x_timer.o
    0x080119b0   0x080119b0   0x00000008   Code   RO         4319    i.timer_interrupt_enable  gd32f30x_timer.o
    0x080119b8   0x080119b8   0x00000008   Code   RO         4320    i.timer_interrupt_flag_clear  gd32f30x_timer.o
    0x080119c0   0x080119c0   0x00000018   Code   RO         4321    i.timer_interrupt_flag_get  gd32f30x_timer.o
    0x080119d8   0x080119d8   0x00000090   Code   RO         4690    i.usart_baudrate_set  gd32f30x_usart.o
    0x08011a68   0x08011a68   0x0000000a   Code   RO         4693    i.usart_data_receive  gd32f30x_usart.o
    0x08011a72   0x08011a72   0x00000008   Code   RO         4694    i.usart_data_transmit  gd32f30x_usart.o
    0x08011a7a   0x08011a7a   0x00000002   PAD
    0x08011a7c   0x08011a7c   0x00000090   Code   RO         4695    i.usart_deinit      gd32f30x_usart.o
    0x08011b0c   0x08011b0c   0x0000000a   Code   RO         4699    i.usart_enable      gd32f30x_usart.o
    0x08011b16   0x08011b16   0x0000001e   Code   RO         4701    i.usart_flag_get    gd32f30x_usart.o
    0x08011b34   0x08011b34   0x0000001a   Code   RO         4708    i.usart_interrupt_enable  gd32f30x_usart.o
    0x08011b4e   0x08011b4e   0x00000038   Code   RO         4710    i.usart_interrupt_flag_get  gd32f30x_usart.o
    0x08011b86   0x08011b86   0x00000010   Code   RO         4721    i.usart_parity_config  gd32f30x_usart.o
    0x08011b96   0x08011b96   0x00000010   Code   RO         4723    i.usart_receive_config  gd32f30x_usart.o
    0x08011ba6   0x08011ba6   0x00000010   Code   RO         4733    i.usart_stop_bit_set  gd32f30x_usart.o
    0x08011bb6   0x08011bb6   0x00000010   Code   RO         4737    i.usart_transmit_config  gd32f30x_usart.o
    0x08011bc6   0x08011bc6   0x00000010   Code   RO         4738    i.usart_word_length_set  gd32f30x_usart.o
    0x08011bd6   0x08011bd6   0x00000002   PAD
    0x08011bd8   0x08011bd8   0x00000248   Code   RO          471    i.vPowerTask        power.o
    0x08011e20   0x08011e20   0x000000a4   Code   RO          573    i.vSerialReceiver   serial.o
    0x08011ec4   0x08011ec4   0x00000194   Code   RO          574    i.vSerialTask       serial.o
    0x08012058   0x08012058   0x000000f8   Code   RO          193    i.vUART3Receiver    digital.o
    0x08012150   0x08012150   0x000000f8   Code   RO          194    i.vUSART1Receiver   digital.o
    0x08012248   0x08012248   0x0000002c   Code   RO         6560    locale$$code        c_w.l(lc_ctype_c.o)
    0x08012274   0x08012274   0x0000002c   Code   RO         6563    locale$$code        c_w.l(lc_numeric_c.o)
    0x080122a0   0x080122a0   0x00000062   Code   RO         6443    x$fpl$d2f           fz_wm.l(d2f.o)
    0x08012302   0x08012302   0x00000002   PAD
    0x08012304   0x08012304   0x00000150   Code   RO         6445    x$fpl$dadd          fz_wm.l(daddsub_clz.o)
    0x08012454   0x08012454   0x00000010   Code   RO         6793    x$fpl$dcheck1       fz_wm.l(dcheck1.o)
    0x08012464   0x08012464   0x00000018   Code   RO         6506    x$fpl$dcmpinf       fz_wm.l(dcmpi.o)
    0x0801247c   0x0801247c   0x000002b0   Code   RO         6452    x$fpl$ddiv          fz_wm.l(ddiv.o)
    0x0801272c   0x0801272c   0x00000078   Code   RO         6455    x$fpl$deqf          fz_wm.l(deqf.o)
    0x080127a4   0x080127a4   0x0000005a   Code   RO         6457    x$fpl$dfixu         fz_wm.l(dfixu.o)
    0x080127fe   0x080127fe   0x0000002e   Code   RO         6462    x$fpl$dflt          fz_wm.l(dflt_clz.o)
    0x0801282c   0x0801282c   0x00000026   Code   RO         6461    x$fpl$dfltu         fz_wm.l(dflt_clz.o)
    0x08012852   0x08012852   0x00000002   PAD
    0x08012854   0x08012854   0x00000078   Code   RO         6742    x$fpl$dleqf         fz_wm.l(dleqf.o)
    0x080128cc   0x080128cc   0x00000154   Code   RO         6467    x$fpl$dmul          fz_wm.l(dmul.o)
    0x08012a20   0x08012a20   0x0000009c   Code   RO         6508    x$fpl$dnaninf       fz_wm.l(dnaninf.o)
    0x08012abc   0x08012abc   0x0000000c   Code   RO         6510    x$fpl$dretinf       fz_wm.l(dretinf.o)
    0x08012ac8   0x08012ac8   0x0000006c   Code   RO         6720    x$fpl$drleqf        fz_wm.l(drleqf.o)
    0x08012b34   0x08012b34   0x000001d4   Code   RO         6447    x$fpl$dsub          fz_wm.l(daddsub_clz.o)
    0x08012d08   0x08012d08   0x0000000a   Code   RO         6690    x$fpl$fpinit        fz_wm.l(fpinit.o)
    0x08012d12   0x08012d12   0x0000000a   Code   RO         6512    x$fpl$fretinf       fz_wm.l(fretinf.o)
    0x08012d1c   0x08012d1c   0x00000006   Code   RO         6692    x$fpl$ieeestatus    fz_wm.l(istatus.o)
    0x08012d22   0x08012d22   0x00000064   Code   RO         6795    x$fpl$retnan        fz_wm.l(retnan.o)
    0x08012d86   0x08012d86   0x0000005c   Code   RO         6776    x$fpl$scalbn        fz_wm.l(scalbn.o)
    0x08012de2   0x08012de2   0x00000004   Code   RO         6565    x$fpl$scanf1        fz_wm.l(scanf1.o)
    0x08012de6   0x08012de6   0x00000008   Code   RO         6694    x$fpl$scanf2        fz_wm.l(scanf2.o)
    0x08012dee   0x08012dee   0x00000030   Code   RO         6797    x$fpl$trapveneer    fz_wm.l(trapv.o)
    0x08012e1e   0x08012e1e   0x00000000   Code   RO         6514    x$fpl$usenofp       fz_wm.l(usenofp.o)
    0x08012e1e   0x08012e1e   0x00000002   PAD
    0x08012e20   0x08012e20   0x00000038   Data   RO          196    .constdata          digital.o
    0x08012e58   0x08012e58   0x00000008   Data   RO          364    .constdata          interface.o
    0x08012e60   0x08012e60   0x00000010   Data   RO          473    .constdata          power.o
    0x08012e70   0x08012e70   0x00000038   Data   RO          576    .constdata          serial.o
    0x08012ea8   0x08012ea8   0x00000100   Data   RO          738    .constdata          utils.o
    0x08012fa8   0x08012fa8   0x00000068   Data   RO         1011    .constdata          rtx_conf_cm.o
    0x08013010   0x08013010   0x00000028   Data   RO         6376    .constdata          c_w.l(_printf_hex_int.o)
    0x08013038   0x08013038   0x00000011   Data   RO         6411    .constdata          c_w.l(__printf_flags_ss_wp.o)
    0x08013049   0x08013049   0x00000003   PAD
    0x0801304c   0x0801304c   0x00000094   Data   RO         6638    .constdata          c_w.l(bigflt0.o)
    0x080130e0   0x080130e0   0x00000047   Data   RO          474    .conststring        power.o
    0x08013127   0x08013127   0x00000001   PAD
    0x08013128   0x08013128   0x0000004c   Data   RO          577    .conststring        serial.o
    0x08013174   0x08013174   0x00000020   Data   RO         6799    Region$$Table       anon$$obj.o
    0x08013194   0x08013194   0x00000008   Data   RO         6686    c$$dinf             fz_wm.l(fpconst.o)
    0x0801319c   0x0801319c   0x00000008   Data   RO         6689    c$$dmax             fz_wm.l(fpconst.o)
    0x080131a4   0x080131a4   0x00000110   Data   RO         6559    locale$$data        c_w.l(lc_ctype_c.o)
    0x080132b4   0x080132b4   0x0000001c   Data   RO         6562    locale$$data        c_w.l(lc_numeric_c.o)


    Execution Region RW_IRAM1 (Exec base: 0x20000000, Load base: 0x080132d0, Size: 0x00004d98, Max: 0x0000c000, ABSOLUTE)

    Exec Addr    Load Addr    Size         Type   Attr      Idx    E Section Name        Object

    0x20000000   0x080132d0   0x00000026   Data   RW          197    .data               digital.o
    0x20000026   0x080132f6   0x00000002   PAD
    0x20000028   0x080132f8   0x00000010   Data   RW          365    .data               interface.o
    0x20000038   0x08013308   0x0000000d   Data   RW          475    .data               power.o
    0x20000045   0x08013315   0x00000003   PAD
    0x20000048   0x08013318   0x00000037   Data   RW          578    .data               serial.o
    0x2000007f   0x0801334f   0x00000001   PAD
    0x20000080   0x08013350   0x00000038   Data   RW          900    .data               canbus.o
    0x200000b8   0x08013388   0x00000014   Data   RW         1012    .data               rtx_conf_cm.o
    0x200000cc   0x0801339c   0x00000008   Data   RW         5228    .data               RTX_CM4.lib(rt_cmsis.o)
    0x200000d4   0x080133a4   0x00000008   Data   RW         5768    .data               RTX_CM4.lib(rt_task.o)
    0x200000dc   0x080133ac   0x00000008   Data   RW         5887    .data               RTX_CM4.lib(rt_system.o)
    0x200000e4   0x080133b4   0x00000004   Data   RW         6177    .data               RTX_CM4.lib(rt_time.o)
    0x200000e8   0x080133b8   0x00000008   Data   RW         6208    .data               RTX_CM4.lib(rt_robin.o)
    0x200000f0   0x080133c0   0x00000001   Data   RW         6288    .data               RTX_CM4.lib(hal_cm.o)
    0x200000f1   0x080133c1   0x00000003   PAD
    0x200000f4        -       0x00000538   Zero   RW          195    .bss                digital.o
    0x2000062c        -       0x00000018   Zero   RW          363    .bss                interface.o
    0x20000644        -       0x000001a8   Zero   RW          472    .bss                power.o
    0x200007ec        -       0x00000b5a   Zero   RW          575    .bss                serial.o
    0x20001346   0x080133c1   0x00000002   PAD
    0x20001348        -       0x00000210   Zero   RW          898    .bss                canbus.o
    0x20001558        -       0x00002f78   Zero   RW         1010    .bss                rtx_conf_cm.o
    0x200044d0        -       0x00000034   Zero   RW         5767    .bss                RTX_CM4.lib(rt_task.o)
    0x20004504        -       0x00000030   Zero   RW         6017    .bss                RTX_CM4.lib(rt_list.o)
    0x20004534        -       0x00000060   Zero   RW         6350    .bss                c_w.l(libspace.o)
    0x20004594   0x080133c1   0x00000004   PAD
    0x20004598        -       0x00000400   Zero   RW         5065    HEAP                startup_gd32f30x_hd.o
    0x20004998        -       0x00000400   Zero   RW         5064    STACK               startup_gd32f30x_hd.o


==============================================================================

Image component sizes


      Code (inc. data)   RO Data    RW Data    ZI Data      Debug   Object Name

      2420        228          0         56        528       8767   canbus.o
      1548        200         56         38       1336       9004   digital.o
       252         14          0          0          0      33231   flash.o
       592          6          0          0          0       6718   gd32f30x_adc.o
       306          0          0          0          0       2374   gd32f30x_can.o
       734          6          0          0          0       5749   gd32f30x_dma.o
       736         66          0          0          0       5207   gd32f30x_fmc.o
       136         22          0          0          0       1729   gd32f30x_fwdgt.o
       188          0          0          0          0       2509   gd32f30x_gpio.o
       240         26          0          0          0       1847   gd32f30x_misc.o
       888         84          0          0          0       5313   gd32f30x_rcu.o
       440         40          0          0          0       5006   gd32f30x_timer.o
       508         16          0          0          0       7745   gd32f30x_usart.o
      1810        202          8         16         24       9133   interface.o
        94          0          0          0          0      80213   main.o
      2124        286         87         13        424      39528   power.o
       170         38        104         20      12152       9947   rtx_conf_cm.o
      2734        424        132         55       2906      14026   serial.o
        64         26        304          0       2048        880   startup_gd32f30x_hd.o
       372         34          0          0          0       1617   system_gd32f30x.o
        20          0          0          0          0        450   thread.o
       252         10        256          0          0       3023   utils.o

    ----------------------------------------------------------------------
     16658       1728        980        204      19420     254016   Object Totals
         0          0         32          0          0          0   (incl. Generated)
        30          0          1          6          2          0   (incl. Padding)

    ----------------------------------------------------------------------

      Code (inc. data)   RO Data    RW Data    ZI Data      Debug   Library Member Name

       268         24          0          1          0       4440   hal_cm.o
       408         34          0          0          0        812   hal_cm4.o
      2322        248          0          8          0      55112   rt_cmsis.o
        80          4          0          0          0        697   rt_event.o
       566         44          0          0         48       9168   rt_list.o
       706         14          0          0          0       5055   rt_mailbox.o
       140          0          0          0          0       2033   rt_membox.o
       128          0          0          0          0       2411   rt_memory.o
       336         14          0          0          0       1719   rt_mutex.o
        96         22          0          8          0       1230   rt_robin.o
       186         10          0          0          0       3102   rt_semaphore.o
       334         64          0          8          0       7375   rt_system.o
      1264        184          0          8         52      10551   rt_task.o
         6          0          0          4          0        684   rt_time.o
         4          4          0          0          0        196   svc_table.o
        60          8          0          0          0         84   __0sscanf.o
         8          0          0          0          0         68   __main.o
       392          4         17          0          0         92   __printf_flags_ss_wp.o
        14          0          0          0          0         68   __printf_wp.o
         0          0          0          0          0          0   __rtentry.o
        20          0          0          0          0          0   __rtentry2.o
         6          0          0          0          0          0   __rtentry4.o
        52          8          0          0          0          0   __scatter.o
        26          0          0          0          0          0   __scatter_copy.o
        28          0          0          0          0          0   __scatter_zi.o
        28          0          0          0          0         68   _chval.o
        48          6          0          0          0         96   _printf_char_common.o
         6          0          0          0          0          0   _printf_d.o
       120         16          0          0          0         92   _printf_dec.o
        88          4         40          0          0         88   _printf_hex_int.o
       178          0          0          0          0         88   _printf_intcommon.o
        10          0          0          0          0          0   _printf_ll.o
         6          0          0          0          0          0   _printf_llu.o
       124         16          0          0          0         92   _printf_longlong_dec.o
        78          0          0          0          0        108   _printf_pad.o
         0          0          0          0          0          0   _printf_percent.o
         4          0          0          0          0          0   _printf_percent_end.o
         6          0          0          0          0          0   _printf_x.o
        22          0          0          0          0        100   _rserrno.o
       884          4          0          0          0        100   _scanf.o
       332          0          0          0          0         96   _scanf_int.o
        64          0          0          0          0         84   _sgetc.o
        10          0          0          0          0         68   _sputc.o
       228          4        148          0          0         96   bigflt0.o
      1924        136          0          0          0        756   btod.o
        18          0          0          0          0         80   exit.o
         6          0          0          0          0        152   heapauxi.o
         0          0          0          0          0          0   indicate_semi.o
        18          0          0          0          0         76   isspace.o
        44         10        272          0          0         76   lc_ctype_c.o
        44         10         28          0          0         76   lc_numeric_c.o
         2          0          0          0          0          0   libinit.o
        34          0          0          0          0          0   libinit2.o
         2          0          0          0          0          0   libshutdown.o
         2          0          0          0          0          0   libshutdown2.o
         8          4          0          0         96         68   libspace.o
        38          0          0          0          0         68   llshl.o
       138          0          0          0          0         80   lludiv10.o
       238          0          0          0          0        100   lludivv7m.o
        40          6          0          0          0         84   noretval__2sprintf.o
        16          4          0          0          0         76   rt_ctype_table.o
         4          0          0          0          0         68   rt_errno_addr_twolibspace.o
        10          0          0          0          0         76   rt_locale_twolibspace.o
        68          0          0          0          0         68   rt_memclr.o
        78          0          0          0          0         80   rt_memclr_w.o
       138          0          0          0          0         68   rt_memcpy_v6.o
       100          0          0          0          0         80   rt_memcpy_w.o
         2          0          0          0          0          0   rtexit.o
        10          0          0          0          0          0   rtexit2.o
        44          8          0          0          0         84   scanf_char.o
      1272         16          0          0          0        168   scanf_fp.o
       800         14          0          0          0        100   scanf_hexfp.o
       308         16          0          0          0        100   scanf_infnan.o
       128          0          0          0          0         68   strcmpv7m.o
        62          0          0          0          0         76   strlen.o
       150          0          0          0          0         80   strncmp.o
       164         14          0          0          0        120   strtod.o
        12          4          0          0          0         68   sys_exit.o
        74          0          0          0          0         80   sys_stackheap_outer.o
         2          0          0          0          0         68   use_no_semi.o
        98          4          0          0          0        140   d2f.o
       804         16          0          0          0        368   daddsub_clz.o
        16          4          0          0          0        116   dcheck1.o
        24          0          0          0          0        116   dcmpi.o
       688        140          0          0          0        256   ddiv.o
       120          4          0          0          0        140   deqf.o
        90          4          0          0          0        140   dfixu.o
        84          0          0          0          0        232   dflt_clz.o
       120          4          0          0          0        140   dleqf.o
       340         12          0          0          0        152   dmul.o
       156          4          0          0          0        140   dnaninf.o
        12          0          0          0          0        116   dretinf.o
       108          0          0          0          0        128   drleqf.o
         0          0         16          0          0          0   fpconst.o
        10          0          0          0          0        116   fpinit.o
        10          0          0          0          0        116   fretinf.o
         6          0          0          0          0        116   istatus.o
       100          0          0          0          0        116   retnan.o
        92          0          0          0          0        116   scalbn.o
         4          0          0          0          0        116   scanf1.o
         8          0          0          0          0        132   scanf2.o
        48          0          0          0          0        116   trapv.o
         0          0          0          0          0          0   usenofp.o
        56         12          0          0          0        132   atof.o
        64         16          0          0          0        248   dunder.o
       140         22          0          0          0        132   frexp.o
       228          8          0          0          0        308   ldexp.o
       266         16          0          0          0        308   narrow.o

    ----------------------------------------------------------------------
     19422       1246        524         40        200     113473   Library Totals
        46          2          3          3          4          0   (incl. Padding)

    ----------------------------------------------------------------------

      Code (inc. data)   RO Data    RW Data    ZI Data      Debug   Library Name

      6844        666          0         37        100     104585   RTX_CM4.lib
      8840        312        505          0         96       4632   c_w.l
      2938        192         16          0          0       3128   fz_wm.l
       754         74          0          0          0       1128   m_wm.l

    ----------------------------------------------------------------------
     19422       1246        524         40        200     113473   Library Totals

    ----------------------------------------------------------------------

==============================================================================


      Code (inc. data)   RO Data    RW Data    ZI Data      Debug   

     36080       2974       1504        244      19620     336241   Grand Totals
     36080       2974       1504        244      19620     336241   ELF Image Totals
     36080       2974       1504        244          0          0   ROM Totals

==============================================================================

    Total RO  Size (Code + RO Data)                37584 (  36.70kB)
    Total RW  Size (RW Data + ZI Data)             19864 (  19.40kB)
    Total ROM Size (Code + RO Data + RW Data)      37828 (  36.94kB)

==============================================================================

